<?xml version="1.0" encoding="ISO-8859-1" ?>
<link_info>
   <banner>TI ARM Linker PC v20.2.7.LTS</banner>
   <copyright>Copyright (c) 1996-2018 Texas Instruments Incorporated</copyright>
   <link_time>0x66ec72f8</link_time>
   <link_errors>0x0</link_errors>
   <output_file>Lab2.out</output_file>
   <entry_point>
      <name>_c_int00_noargs</name>
      <address>0x39ed</address>
   </entry_point>
   <input_file_list>
      <input_file id="fl-2">
         <path>.\</path>
         <kind>object</kind>
         <file>clock.obj</file>
         <name>clock.obj</name>
      </input_file>
      <input_file id="fl-3">
         <path>.\</path>
         <kind>object</kind>
         <file>gpio.obj</file>
         <name>gpio.obj</name>
      </input_file>
      <input_file id="fl-4">
         <path>.\</path>
         <kind>object</kind>
         <file>part11.obj</file>
         <name>part11.obj</name>
      </input_file>
      <input_file id="fl-5">
         <path>.\</path>
         <kind>object</kind>
         <file>tm4c1232h6pm_startup_ccs.obj</file>
         <name>tm4c1232h6pm_startup_ccs.obj</name>
      </input_file>
      <input_file id="fl-6">
         <path>.\</path>
         <kind>object</kind>
         <file>uart0.obj</file>
         <name>uart0.obj</name>
      </input_file>
      <input_file id="fl-7">
         <path>.\</path>
         <kind>object</kind>
         <file>uart0ext.obj</file>
         <name>uart0ext.obj</name>
      </input_file>
      <input_file id="fl-8">
         <path>.\</path>
         <kind>object</kind>
         <file>wait.obj</file>
         <name>wait.obj</name>
      </input_file>
      <input_file id="fl-c">
         <kind>object</kind>
         <file>&lt;internal&gt;</file>
         <name>&lt;internal&gt;</name>
      </input_file>
      <input_file id="fl-c2">
         <path>C:\ti\ccs1240\ccs\tools\compiler\ti-cgt-arm_20.2.7.LTS\lib\</path>
         <kind>archive</kind>
         <file>rtsv7M4_T_le_v4SPD16_eabi.lib</file>
         <name>s_cos.c.obj</name>
      </input_file>
      <input_file id="fl-c3">
         <path>C:\ti\ccs1240\ccs\tools\compiler\ti-cgt-arm_20.2.7.LTS\lib\</path>
         <kind>archive</kind>
         <file>rtsv7M4_T_le_v4SPD16_eabi.lib</file>
         <name>s_round.c.obj</name>
      </input_file>
      <input_file id="fl-c4">
         <path>C:\ti\ccs1240\ccs\tools\compiler\ti-cgt-arm_20.2.7.LTS\lib\</path>
         <kind>archive</kind>
         <file>rtsv7M4_T_le_v4SPD16_eabi.lib</file>
         <name>s_sin.c.obj</name>
      </input_file>
      <input_file id="fl-c5">
         <path>C:\ti\ccs1240\ccs\tools\compiler\ti-cgt-arm_20.2.7.LTS\lib\</path>
         <kind>archive</kind>
         <file>rtsv7M4_T_le_v4SPD16_eabi.lib</file>
         <name>fd_add_t2.asm.obj</name>
      </input_file>
      <input_file id="fl-c6">
         <path>C:\ti\ccs1240\ccs\tools\compiler\ti-cgt-arm_20.2.7.LTS\lib\</path>
         <kind>archive</kind>
         <file>rtsv7M4_T_le_v4SPD16_eabi.lib</file>
         <name>fd_cmp_t2.asm.obj</name>
      </input_file>
      <input_file id="fl-c7">
         <path>C:\ti\ccs1240\ccs\tools\compiler\ti-cgt-arm_20.2.7.LTS\lib\</path>
         <kind>archive</kind>
         <file>rtsv7M4_T_le_v4SPD16_eabi.lib</file>
         <name>fd_mul_t2.asm.obj</name>
      </input_file>
      <input_file id="fl-c8">
         <path>C:\ti\ccs1240\ccs\tools\compiler\ti-cgt-arm_20.2.7.LTS\lib\</path>
         <kind>archive</kind>
         <file>rtsv7M4_T_le_v4SPD16_eabi.lib</file>
         <name>fd_toi_t2.asm.obj</name>
      </input_file>
      <input_file id="fl-c9">
         <path>C:\ti\ccs1240\ccs\tools\compiler\ti-cgt-arm_20.2.7.LTS\lib\</path>
         <kind>archive</kind>
         <file>rtsv7M4_T_le_v4SPD16_eabi.lib</file>
         <name>fd_tos_t2.asm.obj</name>
      </input_file>
      <input_file id="fl-ca">
         <path>C:\ti\ccs1240\ccs\tools\compiler\ti-cgt-arm_20.2.7.LTS\lib\</path>
         <kind>archive</kind>
         <file>rtsv7M4_T_le_v4SPD16_eabi.lib</file>
         <name>fs_tod_t2.asm.obj</name>
      </input_file>
      <input_file id="fl-cb">
         <path>C:\ti\ccs1240\ccs\tools\compiler\ti-cgt-arm_20.2.7.LTS\lib\</path>
         <kind>archive</kind>
         <file>rtsv7M4_T_le_v4SPD16_eabi.lib</file>
         <name>i_tofd_t2.asm.obj</name>
      </input_file>
      <input_file id="fl-cc">
         <path>C:\ti\ccs1240\ccs\tools\compiler\ti-cgt-arm_20.2.7.LTS\lib\</path>
         <kind>archive</kind>
         <file>rtsv7M4_T_le_v4SPD16_eabi.lib</file>
         <name>copy_zero_init.c.obj</name>
      </input_file>
      <input_file id="fl-cd">
         <path>C:\ti\ccs1240\ccs\tools\compiler\ti-cgt-arm_20.2.7.LTS\lib\</path>
         <kind>archive</kind>
         <file>rtsv7M4_T_le_v4SPD16_eabi.lib</file>
         <name>copy_decompress_none.c.obj</name>
      </input_file>
      <input_file id="fl-ce">
         <path>C:\ti\ccs1240\ccs\tools\compiler\ti-cgt-arm_20.2.7.LTS\lib\</path>
         <kind>archive</kind>
         <file>rtsv7M4_T_le_v4SPD16_eabi.lib</file>
         <name>copy_decompress_lzss.c.obj</name>
      </input_file>
      <input_file id="fl-cf">
         <path>C:\ti\ccs1240\ccs\tools\compiler\ti-cgt-arm_20.2.7.LTS\lib\</path>
         <kind>archive</kind>
         <file>rtsv7M4_T_le_v4SPD16_eabi.lib</file>
         <name>atof.c.obj</name>
      </input_file>
      <input_file id="fl-d0">
         <path>C:\ti\ccs1240\ccs\tools\compiler\ti-cgt-arm_20.2.7.LTS\lib\</path>
         <kind>archive</kind>
         <file>rtsv7M4_T_le_v4SPD16_eabi.lib</file>
         <name>atoi.c.obj</name>
      </input_file>
      <input_file id="fl-d1">
         <path>C:\ti\ccs1240\ccs\tools\compiler\ti-cgt-arm_20.2.7.LTS\lib\</path>
         <kind>archive</kind>
         <file>rtsv7M4_T_le_v4SPD16_eabi.lib</file>
         <name>ctype.c.obj</name>
      </input_file>
      <input_file id="fl-d2">
         <path>C:\ti\ccs1240\ccs\tools\compiler\ti-cgt-arm_20.2.7.LTS\lib\</path>
         <kind>archive</kind>
         <file>rtsv7M4_T_le_v4SPD16_eabi.lib</file>
         <name>strtod.c.obj</name>
      </input_file>
      <input_file id="fl-d3">
         <path>C:\ti\ccs1240\ccs\tools\compiler\ti-cgt-arm_20.2.7.LTS\lib\</path>
         <kind>archive</kind>
         <file>rtsv7M4_T_le_v4SPD16_eabi.lib</file>
         <name>k_rem_pio2.c.obj</name>
      </input_file>
      <input_file id="fl-d4">
         <path>C:\ti\ccs1240\ccs\tools\compiler\ti-cgt-arm_20.2.7.LTS\lib\</path>
         <kind>archive</kind>
         <file>rtsv7M4_T_le_v4SPD16_eabi.lib</file>
         <name>boot_cortex_m.c.obj</name>
      </input_file>
      <input_file id="fl-d5">
         <path>C:\ti\ccs1240\ccs\tools\compiler\ti-cgt-arm_20.2.7.LTS\lib\</path>
         <kind>archive</kind>
         <file>rtsv7M4_T_le_v4SPD16_eabi.lib</file>
         <name>errno.c.obj</name>
      </input_file>
      <input_file id="fl-d6">
         <path>C:\ti\ccs1240\ccs\tools\compiler\ti-cgt-arm_20.2.7.LTS\lib\</path>
         <kind>archive</kind>
         <file>rtsv7M4_T_le_v4SPD16_eabi.lib</file>
         <name>k_cos.c.obj</name>
      </input_file>
      <input_file id="fl-d7">
         <path>C:\ti\ccs1240\ccs\tools\compiler\ti-cgt-arm_20.2.7.LTS\lib\</path>
         <kind>archive</kind>
         <file>rtsv7M4_T_le_v4SPD16_eabi.lib</file>
         <name>k_sin.c.obj</name>
      </input_file>
      <input_file id="fl-d8">
         <path>C:\ti\ccs1240\ccs\tools\compiler\ti-cgt-arm_20.2.7.LTS\lib\</path>
         <kind>archive</kind>
         <file>rtsv7M4_T_le_v4SPD16_eabi.lib</file>
         <name>s_floor.c.obj</name>
      </input_file>
      <input_file id="fl-d9">
         <path>C:\ti\ccs1240\ccs\tools\compiler\ti-cgt-arm_20.2.7.LTS\lib\</path>
         <kind>archive</kind>
         <file>rtsv7M4_T_le_v4SPD16_eabi.lib</file>
         <name>s_scalbn.c.obj</name>
      </input_file>
      <input_file id="fl-da">
         <path>C:\ti\ccs1240\ccs\tools\compiler\ti-cgt-arm_20.2.7.LTS\lib\</path>
         <kind>archive</kind>
         <file>rtsv7M4_T_le_v4SPD16_eabi.lib</file>
         <name>fd_div_t2.asm.obj</name>
      </input_file>
      <input_file id="fl-db">
         <path>C:\ti\ccs1240\ccs\tools\compiler\ti-cgt-arm_20.2.7.LTS\lib\</path>
         <kind>archive</kind>
         <file>rtsv7M4_T_le_v4SPD16_eabi.lib</file>
         <name>memcpy_t2.asm.obj</name>
      </input_file>
      <input_file id="fl-dc">
         <path>C:\ti\ccs1240\ccs\tools\compiler\ti-cgt-arm_20.2.7.LTS\lib\</path>
         <kind>archive</kind>
         <file>rtsv7M4_T_le_v4SPD16_eabi.lib</file>
         <name>memset_t2.asm.obj</name>
      </input_file>
      <input_file id="fl-dd">
         <path>C:\ti\ccs1240\ccs\tools\compiler\ti-cgt-arm_20.2.7.LTS\lib\</path>
         <kind>archive</kind>
         <file>rtsv7M4_T_le_v4SPD16_eabi.lib</file>
         <name>autoinit.c.obj</name>
      </input_file>
      <input_file id="fl-de">
         <path>C:\ti\ccs1240\ccs\tools\compiler\ti-cgt-arm_20.2.7.LTS\lib\</path>
         <kind>archive</kind>
         <file>rtsv7M4_T_le_v4SPD16_eabi.lib</file>
         <name>pre_init.c.obj</name>
      </input_file>
      <input_file id="fl-df">
         <path>C:\ti\ccs1240\ccs\tools\compiler\ti-cgt-arm_20.2.7.LTS\lib\</path>
         <kind>archive</kind>
         <file>rtsv7M4_T_le_v4SPD16_eabi.lib</file>
         <name>cpy_tbl.c.obj</name>
      </input_file>
      <input_file id="fl-e0">
         <path>C:\ti\ccs1240\ccs\tools\compiler\ti-cgt-arm_20.2.7.LTS\lib\</path>
         <kind>archive</kind>
         <file>rtsv7M4_T_le_v4SPD16_eabi.lib</file>
         <name>exit.c.obj</name>
      </input_file>
      <input_file id="fl-e1">
         <path>C:\ti\ccs1240\ccs\tools\compiler\ti-cgt-arm_20.2.7.LTS\lib\</path>
         <kind>archive</kind>
         <file>rtsv7M4_T_le_v4SPD16_eabi.lib</file>
         <name>_lock.c.obj</name>
      </input_file>
      <input_file id="fl-e2">
         <path>C:\ti\ccs1240\ccs\tools\compiler\ti-cgt-arm_20.2.7.LTS\lib\</path>
         <kind>archive</kind>
         <file>rtsv7M4_T_le_v4SPD16_eabi.lib</file>
         <name>args_main.c.obj</name>
      </input_file>
      <input_file id="fl-e3">
         <path>C:\ti\ccs1240\ccs\tools\compiler\ti-cgt-arm_20.2.7.LTS\lib\</path>
         <kind>archive</kind>
         <file>rtsv7M4_T_le_v4SPD16_eabi.lib</file>
         <name>s_copysign.c.obj</name>
      </input_file>
   </input_file_list>
   <object_component_list>
      <object_component id="oc-12">
         <name>.intvecs</name>
         <load_address>0x0</load_address>
         <run_address>0x0</run_address>
         <size>0x26c</size>
         <input_file_ref idref="fl-5"/>
      </object_component>
      <object_component id="oc-cf">
         <name>.text</name>
         <load_address>0x26c</load_address>
         <run_address>0x26c</run_address>
         <size>0x808</size>
         <input_file_ref idref="fl-3"/>
      </object_component>
      <object_component id="oc-195">
         <name>.text:__kernel_rem_pio2</name>
         <load_address>0xa74</load_address>
         <run_address>0xa74</run_address>
         <size>0x738</size>
         <input_file_ref idref="fl-d3"/>
      </object_component>
      <object_component id="oc-9b">
         <name>.text</name>
         <load_address>0x11ac</load_address>
         <run_address>0x11ac</run_address>
         <size>0x694</size>
         <input_file_ref idref="fl-4"/>
      </object_component>
      <object_component id="oc-106">
         <name>.text:sin</name>
         <load_address>0x1840</load_address>
         <run_address>0x1840</run_address>
         <size>0x5e0</size>
         <input_file_ref idref="fl-c4"/>
      </object_component>
      <object_component id="oc-100">
         <name>.text:cos</name>
         <load_address>0x1e20</load_address>
         <run_address>0x1e20</run_address>
         <size>0x5dc</size>
         <input_file_ref idref="fl-c2"/>
      </object_component>
      <object_component id="oc-178">
         <name>.text:strtod</name>
         <load_address>0x23fc</load_address>
         <run_address>0x23fc</run_address>
         <size>0x460</size>
         <input_file_ref idref="fl-d2"/>
      </object_component>
      <object_component id="oc-e4">
         <name>.text</name>
         <load_address>0x285c</load_address>
         <run_address>0x285c</run_address>
         <size>0x300</size>
         <input_file_ref idref="fl-7"/>
      </object_component>
      <object_component id="oc-181">
         <name>.text</name>
         <load_address>0x2b5c</load_address>
         <run_address>0x2b5c</run_address>
         <size>0x1b6</size>
         <input_file_ref idref="fl-c5"/>
      </object_component>
      <object_component id="oc-19b">
         <name>.text:__kernel_sin</name>
         <load_address>0x2d14</load_address>
         <run_address>0x2d14</run_address>
         <size>0x174</size>
         <input_file_ref idref="fl-d7"/>
      </object_component>
      <object_component id="oc-18f">
         <name>.text:__kernel_cos</name>
         <load_address>0x2e88</load_address>
         <run_address>0x2e88</run_address>
         <size>0x170</size>
         <input_file_ref idref="fl-d6"/>
      </object_component>
      <object_component id="oc-c9">
         <name>.text</name>
         <load_address>0x2ff8</load_address>
         <run_address>0x2ff8</run_address>
         <size>0x164</size>
         <input_file_ref idref="fl-6"/>
      </object_component>
      <object_component id="oc-1d9">
         <name>.text</name>
         <load_address>0x315c</load_address>
         <run_address>0x315c</run_address>
         <size>0x136</size>
         <input_file_ref idref="fl-da"/>
      </object_component>
      <object_component id="oc-1e4">
         <name>.text:scalbn</name>
         <load_address>0x3294</load_address>
         <run_address>0x3294</run_address>
         <size>0x110</size>
         <input_file_ref idref="fl-d9"/>
      </object_component>
      <object_component id="oc-111">
         <name>.text</name>
         <load_address>0x33a4</load_address>
         <run_address>0x33a4</run_address>
         <size>0xfc</size>
         <input_file_ref idref="fl-c7"/>
      </object_component>
      <object_component id="oc-186">
         <name>.text:floor</name>
         <load_address>0x34a0</load_address>
         <run_address>0x34a0</run_address>
         <size>0xf8</size>
         <input_file_ref idref="fl-d8"/>
      </object_component>
      <object_component id="oc-f5">
         <name>.text:round</name>
         <load_address>0x3598</load_address>
         <run_address>0x3598</run_address>
         <size>0xc4</size>
         <input_file_ref idref="fl-c3"/>
      </object_component>
      <object_component id="oc-3b">
         <name>.text</name>
         <load_address>0x365c</load_address>
         <run_address>0x365c</run_address>
         <size>0x9c</size>
         <input_file_ref idref="fl-db"/>
      </object_component>
      <object_component id="oc-df">
         <name>.text:__aeabi_cdcmple</name>
         <load_address>0x36f8</load_address>
         <run_address>0x36f8</run_address>
         <size>0x86</size>
         <input_file_ref idref="fl-c6"/>
      </object_component>
      <object_component id="oc-1f3">
         <name>.text:__aeabi_cdrcmple</name>
         <load_address>0x377e</load_address>
         <run_address>0x377e</run_address>
         <size>0x86</size>
         <input_file_ref idref="fl-c6"/>
      </object_component>
      <object_component id="oc-f0">
         <name>.text</name>
         <load_address>0x3804</load_address>
         <run_address>0x3804</run_address>
         <size>0x6e</size>
         <input_file_ref idref="fl-c9"/>
      </object_component>
      <object_component id="oc-15">
         <name>.text:decompress:lzss:__TI_decompress_lzss</name>
         <load_address>0x3872</load_address>
         <run_address>0x3872</run_address>
         <size>0x68</size>
         <input_file_ref idref="fl-ce"/>
      </object_component>
      <object_component id="oc-170">
         <name>.text:atoi</name>
         <load_address>0x38dc</load_address>
         <run_address>0x38dc</run_address>
         <size>0x4c</size>
         <input_file_ref idref="fl-d0"/>
      </object_component>
      <object_component id="oc-fb">
         <name>.text</name>
         <load_address>0x3928</load_address>
         <run_address>0x3928</run_address>
         <size>0x48</size>
         <input_file_ref idref="fl-c8"/>
      </object_component>
      <object_component id="oc-12f">
         <name>.text:__TI_auto_init_nobinit_nopinit:__TI_auto_init_nobinit_nopinit</name>
         <load_address>0x3970</load_address>
         <run_address>0x3970</run_address>
         <size>0x44</size>
         <input_file_ref idref="fl-dd"/>
      </object_component>
      <object_component id="oc-da">
         <name>.text</name>
         <load_address>0x39b4</load_address>
         <run_address>0x39b4</run_address>
         <size>0x38</size>
         <input_file_ref idref="fl-ca"/>
      </object_component>
      <object_component id="oc-59">
         <name>.text:_c_int00_noargs:_c_int00_noargs</name>
         <load_address>0x39ec</load_address>
         <run_address>0x39ec</run_address>
         <size>0x34</size>
         <input_file_ref idref="fl-d4"/>
      </object_component>
      <object_component id="oc-10c">
         <name>.text</name>
         <load_address>0x3a20</load_address>
         <run_address>0x3a20</run_address>
         <size>0x2e</size>
         <input_file_ref idref="fl-cb"/>
      </object_component>
      <object_component id="oc-d5">
         <name>.text</name>
         <load_address>0x3a4e</load_address>
         <run_address>0x3a4e</run_address>
         <size>0x1c</size>
         <input_file_ref idref="fl-8"/>
      </object_component>
      <object_component id="oc-240">
         <name>.text:copysign</name>
         <load_address>0x3a6a</load_address>
         <run_address>0x3a6a</run_address>
         <size>0x1a</size>
         <input_file_ref idref="fl-e3"/>
      </object_component>
      <object_component id="oc-ea">
         <name>.text:atof</name>
         <load_address>0x3a84</load_address>
         <run_address>0x3a84</run_address>
         <size>0x12</size>
         <input_file_ref idref="fl-cf"/>
      </object_component>
      <object_component id="oc-c3">
         <name>.text</name>
         <load_address>0x3a98</load_address>
         <run_address>0x3a98</run_address>
         <size>0x10</size>
         <input_file_ref idref="fl-2"/>
      </object_component>
      <object_component id="oc-1b">
         <name>.text:decompress:none:__TI_decompress_none</name>
         <load_address>0x3aa8</load_address>
         <run_address>0x3aa8</run_address>
         <size>0xe</size>
         <input_file_ref idref="fl-cd"/>
      </object_component>
      <object_component id="oc-27">
         <name>.text</name>
         <load_address>0x3ab6</load_address>
         <run_address>0x3ab6</run_address>
         <size>0xc</size>
         <input_file_ref idref="fl-5"/>
      </object_component>
      <object_component id="oc-1de">
         <name>.text:__aeabi_errno_addr</name>
         <load_address>0x3ac4</load_address>
         <run_address>0x3ac4</run_address>
         <size>0x8</size>
         <input_file_ref idref="fl-d5"/>
      </object_component>
      <object_component id="oc-95">
         <name>.text:_system_pre_init</name>
         <load_address>0x3acc</load_address>
         <run_address>0x3acc</run_address>
         <size>0x4</size>
         <input_file_ref idref="fl-de"/>
      </object_component>
      <object_component id="oc-123">
         <name>.text:abort:abort</name>
         <load_address>0x3ad0</load_address>
         <run_address>0x3ad0</run_address>
         <size>0x4</size>
         <input_file_ref idref="fl-e0"/>
      </object_component>
      <object_component id="oc-1fe">
         <name>.const:$O1$$</name>
         <load_address>0x3ad8</load_address>
         <run_address>0x3ad8</run_address>
         <size>0x158</size>
         <input_file_ref idref="fl-d3"/>
      </object_component>
      <object_component id="oc-1d2">
         <name>.const:.string:_ctypes_</name>
         <load_address>0x3c30</load_address>
         <run_address>0x3c30</run_address>
         <size>0x101</size>
         <input_file_ref idref="fl-d1"/>
      </object_component>
      <object_component id="oc-1ea">
         <name>.const:$O1$$</name>
         <load_address>0x3d38</load_address>
         <run_address>0x3d38</run_address>
         <size>0xc8</size>
         <input_file_ref idref="fl-d2"/>
      </object_component>
      <object_component id="oc-29d">
         <name>__TI_handler_table</name>
         <load_address>0x3e00</load_address>
         <run_address>0x3e00</run_address>
         <size>0x8</size>
      </object_component>
      <object_component id="oc-29f">
         <name>.cinit..data.load</name>
         <load_address>0x3e08</load_address>
         <run_address>0x3e08</run_address>
         <size>0x7</size>
      </object_component>
      <object_component id="oc-29e">
         <name>__TI_cinit_table</name>
         <load_address>0x3e10</load_address>
         <run_address>0x3e10</run_address>
         <size>0x8</size>
      </object_component>
      <object_component id="oc-23b">
         <name>.data</name>
         <load_address>0x20000200</load_address>
         <run_address>0x20000200</run_address>
         <size>0x4</size>
         <input_file_ref idref="fl-d5"/>
      </object_component>
      <object_component id="oc-24">
         <name>.stack</name>
         <uninitialized>true</uninitialized>
         <run_address>0x20000000</run_address>
         <size>0x4</size>
         <input_file_ref idref="fl-d4"/>
      </object_component>
      <object_component id="oc-2a1">
         <name>.stack</name>
         <uninitialized>true</uninitialized>
         <run_address>0x20000000</run_address>
         <size>0x0</size>
      </object_component>
      <object_component id="oc-b2">
         <name>.debug_info</name>
         <load_address>0x0</load_address>
         <run_address>0x0</run_address>
         <size>0x265</size>
         <input_file_ref idref="fl-2"/>
      </object_component>
      <object_component id="oc-c7">
         <name>.debug_info</name>
         <load_address>0x265</load_address>
         <run_address>0x265</run_address>
         <size>0x122</size>
         <input_file_ref idref="fl-2"/>
      </object_component>
      <object_component id="oc-70">
         <name>.debug_info</name>
         <load_address>0x387</load_address>
         <run_address>0x387</run_address>
         <size>0x26b</size>
         <input_file_ref idref="fl-2"/>
      </object_component>
      <object_component id="oc-36">
         <name>.debug_info</name>
         <load_address>0x5f2</load_address>
         <run_address>0x5f2</run_address>
         <size>0x84</size>
         <input_file_ref idref="fl-2"/>
      </object_component>
      <object_component id="oc-ad">
         <name>.debug_info</name>
         <load_address>0x676</load_address>
         <run_address>0x676</run_address>
         <size>0x2a4</size>
         <input_file_ref idref="fl-2"/>
      </object_component>
      <object_component id="oc-75">
         <name>.debug_info</name>
         <load_address>0x91a</load_address>
         <run_address>0x91a</run_address>
         <size>0xbb</size>
         <input_file_ref idref="fl-2"/>
      </object_component>
      <object_component id="oc-16c">
         <name>.debug_info</name>
         <load_address>0x9d5</load_address>
         <run_address>0x9d5</run_address>
         <size>0x26a</size>
         <input_file_ref idref="fl-3"/>
      </object_component>
      <object_component id="oc-d3">
         <name>.debug_info</name>
         <load_address>0xc3f</load_address>
         <run_address>0xc3f</run_address>
         <size>0x10f2</size>
         <input_file_ref idref="fl-3"/>
      </object_component>
      <object_component id="oc-167">
         <name>.debug_info</name>
         <load_address>0x1d31</load_address>
         <run_address>0x1d31</run_address>
         <size>0x88</size>
         <input_file_ref idref="fl-3"/>
      </object_component>
      <object_component id="oc-117">
         <name>.debug_info</name>
         <load_address>0x1db9</load_address>
         <run_address>0x1db9</run_address>
         <size>0x8b</size>
         <input_file_ref idref="fl-3"/>
      </object_component>
      <object_component id="oc-121">
         <name>.debug_info</name>
         <load_address>0x1e44</load_address>
         <run_address>0x1e44</run_address>
         <size>0x622</size>
         <input_file_ref idref="fl-4"/>
      </object_component>
      <object_component id="oc-9c">
         <name>.debug_info</name>
         <load_address>0x2466</load_address>
         <run_address>0x2466</run_address>
         <size>0xbbc</size>
         <input_file_ref idref="fl-4"/>
      </object_component>
      <object_component id="oc-11c">
         <name>.debug_info</name>
         <load_address>0x3022</load_address>
         <run_address>0x3022</run_address>
         <size>0x8a</size>
         <input_file_ref idref="fl-4"/>
      </object_component>
      <object_component id="oc-2f">
         <name>.debug_info</name>
         <load_address>0x30ac</load_address>
         <run_address>0x30ac</run_address>
         <size>0x2b6</size>
         <input_file_ref idref="fl-5"/>
      </object_component>
      <object_component id="oc-13">
         <name>.debug_info</name>
         <load_address>0x3362</load_address>
         <run_address>0x3362</run_address>
         <size>0xf5</size>
         <input_file_ref idref="fl-5"/>
      </object_component>
      <object_component id="oc-28">
         <name>.debug_info</name>
         <load_address>0x3457</load_address>
         <run_address>0x3457</run_address>
         <size>0x271</size>
         <input_file_ref idref="fl-5"/>
      </object_component>
      <object_component id="oc-165">
         <name>.debug_info</name>
         <load_address>0x36c8</load_address>
         <run_address>0x36c8</run_address>
         <size>0x26b</size>
         <input_file_ref idref="fl-6"/>
      </object_component>
      <object_component id="oc-ca">
         <name>.debug_info</name>
         <load_address>0x3933</load_address>
         <run_address>0x3933</run_address>
         <size>0x353</size>
         <input_file_ref idref="fl-6"/>
      </object_component>
      <object_component id="oc-177">
         <name>.debug_info</name>
         <load_address>0x3c86</load_address>
         <run_address>0x3c86</run_address>
         <size>0x313</size>
         <input_file_ref idref="fl-7"/>
      </object_component>
      <object_component id="oc-e5">
         <name>.debug_info</name>
         <load_address>0x3f99</load_address>
         <run_address>0x3f99</run_address>
         <size>0x63f</size>
         <input_file_ref idref="fl-7"/>
      </object_component>
      <object_component id="oc-d6">
         <name>.debug_info</name>
         <load_address>0x45d8</load_address>
         <run_address>0x45d8</run_address>
         <size>0xde</size>
         <input_file_ref idref="fl-8"/>
      </object_component>
      <object_component id="oc-1a2">
         <name>.debug_info</name>
         <load_address>0x46b6</load_address>
         <run_address>0x46b6</run_address>
         <size>0x361</size>
         <input_file_ref idref="fl-c2"/>
      </object_component>
      <object_component id="oc-104">
         <name>.debug_info</name>
         <load_address>0x4a17</load_address>
         <run_address>0x4a17</run_address>
         <size>0x79b</size>
         <input_file_ref idref="fl-c2"/>
      </object_component>
      <object_component id="oc-20d">
         <name>.debug_info</name>
         <load_address>0x51b2</load_address>
         <run_address>0x51b2</run_address>
         <size>0x46</size>
         <input_file_ref idref="fl-c2"/>
      </object_component>
      <object_component id="oc-1a3">
         <name>.debug_info</name>
         <load_address>0x51f8</load_address>
         <run_address>0x51f8</run_address>
         <size>0x39</size>
         <input_file_ref idref="fl-c2"/>
      </object_component>
      <object_component id="oc-18d">
         <name>.debug_info</name>
         <load_address>0x5231</load_address>
         <run_address>0x5231</run_address>
         <size>0x2ab</size>
         <input_file_ref idref="fl-c3"/>
      </object_component>
      <object_component id="oc-f7">
         <name>.debug_info</name>
         <load_address>0x54dc</load_address>
         <run_address>0x54dc</run_address>
         <size>0x214</size>
         <input_file_ref idref="fl-c3"/>
      </object_component>
      <object_component id="oc-1a9">
         <name>.debug_info</name>
         <load_address>0x56f0</load_address>
         <run_address>0x56f0</run_address>
         <size>0x361</size>
         <input_file_ref idref="fl-c4"/>
      </object_component>
      <object_component id="oc-108">
         <name>.debug_info</name>
         <load_address>0x5a51</load_address>
         <run_address>0x5a51</run_address>
         <size>0x7ae</size>
         <input_file_ref idref="fl-c4"/>
      </object_component>
      <object_component id="oc-184">
         <name>.debug_info</name>
         <load_address>0x61ff</load_address>
         <run_address>0x61ff</run_address>
         <size>0x14c</size>
         <input_file_ref idref="fl-c5"/>
      </object_component>
      <object_component id="oc-e0">
         <name>.debug_info</name>
         <load_address>0x634b</load_address>
         <run_address>0x634b</run_address>
         <size>0x128</size>
         <input_file_ref idref="fl-c6"/>
      </object_component>
      <object_component id="oc-1f5">
         <name>.debug_info</name>
         <load_address>0x6473</load_address>
         <run_address>0x6473</run_address>
         <size>0x12a</size>
         <input_file_ref idref="fl-c6"/>
      </object_component>
      <object_component id="oc-112">
         <name>.debug_info</name>
         <load_address>0x659d</load_address>
         <run_address>0x659d</run_address>
         <size>0x13a</size>
         <input_file_ref idref="fl-c7"/>
      </object_component>
      <object_component id="oc-fd">
         <name>.debug_info</name>
         <load_address>0x66d7</load_address>
         <run_address>0x66d7</run_address>
         <size>0x12e</size>
         <input_file_ref idref="fl-c8"/>
      </object_component>
      <object_component id="oc-f2">
         <name>.debug_info</name>
         <load_address>0x6805</load_address>
         <run_address>0x6805</run_address>
         <size>0x13e</size>
         <input_file_ref idref="fl-c9"/>
      </object_component>
      <object_component id="oc-db">
         <name>.debug_info</name>
         <load_address>0x6943</load_address>
         <run_address>0x6943</run_address>
         <size>0x12c</size>
         <input_file_ref idref="fl-ca"/>
      </object_component>
      <object_component id="oc-10e">
         <name>.debug_info</name>
         <load_address>0x6a6f</load_address>
         <run_address>0x6a6f</run_address>
         <size>0x12c</size>
         <input_file_ref idref="fl-cb"/>
      </object_component>
      <object_component id="oc-46">
         <name>.debug_info</name>
         <load_address>0x6b9b</load_address>
         <run_address>0x6b9b</run_address>
         <size>0x2a8</size>
         <input_file_ref idref="fl-cd"/>
      </object_component>
      <object_component id="oc-1f">
         <name>.debug_info</name>
         <load_address>0x6e43</load_address>
         <run_address>0x6e43</run_address>
         <size>0x1ea</size>
         <input_file_ref idref="fl-cd"/>
      </object_component>
      <object_component id="oc-41">
         <name>.debug_info</name>
         <load_address>0x702d</load_address>
         <run_address>0x702d</run_address>
         <size>0x46</size>
         <input_file_ref idref="fl-cd"/>
      </object_component>
      <object_component id="oc-81">
         <name>.debug_info</name>
         <load_address>0x7073</load_address>
         <run_address>0x7073</run_address>
         <size>0x2c</size>
         <input_file_ref idref="fl-cd"/>
      </object_component>
      <object_component id="oc-7f">
         <name>.debug_info</name>
         <load_address>0x709f</load_address>
         <run_address>0x709f</run_address>
         <size>0x29e</size>
         <input_file_ref idref="fl-ce"/>
      </object_component>
      <object_component id="oc-16">
         <name>.debug_info</name>
         <load_address>0x733d</load_address>
         <run_address>0x733d</run_address>
         <size>0x250</size>
         <input_file_ref idref="fl-ce"/>
      </object_component>
      <object_component id="oc-31">
         <name>.debug_info</name>
         <load_address>0x758d</load_address>
         <run_address>0x758d</run_address>
         <size>0x60</size>
         <input_file_ref idref="fl-ce"/>
      </object_component>
      <object_component id="oc-b3">
         <name>.debug_info</name>
         <load_address>0x75ed</load_address>
         <run_address>0x75ed</run_address>
         <size>0x46</size>
         <input_file_ref idref="fl-ce"/>
      </object_component>
      <object_component id="oc-7a">
         <name>.debug_info</name>
         <load_address>0x7633</load_address>
         <run_address>0x7633</run_address>
         <size>0x39</size>
         <input_file_ref idref="fl-ce"/>
      </object_component>
      <object_component id="oc-17f">
         <name>.debug_info</name>
         <load_address>0x766c</load_address>
         <run_address>0x766c</run_address>
         <size>0x2c5</size>
         <input_file_ref idref="fl-cf"/>
      </object_component>
      <object_component id="oc-eb">
         <name>.debug_info</name>
         <load_address>0x7931</load_address>
         <run_address>0x7931</run_address>
         <size>0x149</size>
         <input_file_ref idref="fl-cf"/>
      </object_component>
      <object_component id="oc-1d6">
         <name>.debug_info</name>
         <load_address>0x7a7a</load_address>
         <run_address>0x7a7a</run_address>
         <size>0x2b9</size>
         <input_file_ref idref="fl-d0"/>
      </object_component>
      <object_component id="oc-174">
         <name>.debug_info</name>
         <load_address>0x7d33</load_address>
         <run_address>0x7d33</run_address>
         <size>0x17c</size>
         <input_file_ref idref="fl-d0"/>
      </object_component>
      <object_component id="oc-237">
         <name>.debug_info</name>
         <load_address>0x7eaf</load_address>
         <run_address>0x7eaf</run_address>
         <size>0xf9</size>
         <input_file_ref idref="fl-d1"/>
      </object_component>
      <object_component id="oc-1d3">
         <name>.debug_info</name>
         <load_address>0x7fa8</load_address>
         <run_address>0x7fa8</run_address>
         <size>0x105</size>
         <input_file_ref idref="fl-d1"/>
      </object_component>
      <object_component id="oc-1ee">
         <name>.debug_info</name>
         <load_address>0x80ad</load_address>
         <run_address>0x80ad</run_address>
         <size>0x3b1</size>
         <input_file_ref idref="fl-d2"/>
      </object_component>
      <object_component id="oc-1eb">
         <name>.debug_info</name>
         <load_address>0x845e</load_address>
         <run_address>0x845e</run_address>
         <size>0x123</size>
         <input_file_ref idref="fl-d2"/>
      </object_component>
      <object_component id="oc-17b">
         <name>.debug_info</name>
         <load_address>0x8581</load_address>
         <run_address>0x8581</run_address>
         <size>0x4e0</size>
         <input_file_ref idref="fl-d2"/>
      </object_component>
      <object_component id="oc-202">
         <name>.debug_info</name>
         <load_address>0x8a61</load_address>
         <run_address>0x8a61</run_address>
         <size>0x3aa</size>
         <input_file_ref idref="fl-d3"/>
      </object_component>
      <object_component id="oc-1ff">
         <name>.debug_info</name>
         <load_address>0x8e0b</load_address>
         <run_address>0x8e0b</run_address>
         <size>0x13a</size>
         <input_file_ref idref="fl-d3"/>
      </object_component>
      <object_component id="oc-197">
         <name>.debug_info</name>
         <load_address>0x8f45</load_address>
         <run_address>0x8f45</run_address>
         <size>0x72f</size>
         <input_file_ref idref="fl-d3"/>
      </object_component>
      <object_component id="oc-255">
         <name>.debug_info</name>
         <load_address>0x9674</load_address>
         <run_address>0x9674</run_address>
         <size>0x39</size>
         <input_file_ref idref="fl-d3"/>
      </object_component>
      <object_component id="oc-204">
         <name>.debug_info</name>
         <load_address>0x96ad</load_address>
         <run_address>0x96ad</run_address>
         <size>0x2c</size>
         <input_file_ref idref="fl-d3"/>
      </object_component>
      <object_component id="oc-25">
         <name>.debug_info</name>
         <load_address>0x96d9</load_address>
         <run_address>0x96d9</run_address>
         <size>0x10b</size>
         <input_file_ref idref="fl-d4"/>
      </object_component>
      <object_component id="oc-5a">
         <name>.debug_info</name>
         <load_address>0x97e4</load_address>
         <run_address>0x97e4</run_address>
         <size>0x1a9</size>
         <input_file_ref idref="fl-d4"/>
      </object_component>
      <object_component id="oc-23f">
         <name>.debug_info</name>
         <load_address>0x998d</load_address>
         <run_address>0x998d</run_address>
         <size>0x289</size>
         <input_file_ref idref="fl-d5"/>
      </object_component>
      <object_component id="oc-23c">
         <name>.debug_info</name>
         <load_address>0x9c16</load_address>
         <run_address>0x9c16</run_address>
         <size>0x10e</size>
         <input_file_ref idref="fl-d5"/>
      </object_component>
      <object_component id="oc-1df">
         <name>.debug_info</name>
         <load_address>0x9d24</load_address>
         <run_address>0x9d24</run_address>
         <size>0x14e</size>
         <input_file_ref idref="fl-d5"/>
      </object_component>
      <object_component id="oc-1fd">
         <name>.debug_info</name>
         <load_address>0x9e72</load_address>
         <run_address>0x9e72</run_address>
         <size>0x288</size>
         <input_file_ref idref="fl-d6"/>
      </object_component>
      <object_component id="oc-193">
         <name>.debug_info</name>
         <load_address>0xa0fa</load_address>
         <run_address>0xa0fa</run_address>
         <size>0x327</size>
         <input_file_ref idref="fl-d6"/>
      </object_component>
      <object_component id="oc-20a">
         <name>.debug_info</name>
         <load_address>0xa421</load_address>
         <run_address>0xa421</run_address>
         <size>0x28d</size>
         <input_file_ref idref="fl-d7"/>
      </object_component>
      <object_component id="oc-19c">
         <name>.debug_info</name>
         <load_address>0xa6ae</load_address>
         <run_address>0xa6ae</run_address>
         <size>0x380</size>
         <input_file_ref idref="fl-d7"/>
      </object_component>
      <object_component id="oc-1f9">
         <name>.debug_info</name>
         <load_address>0xaa2e</load_address>
         <run_address>0xaa2e</run_address>
         <size>0x28a</size>
         <input_file_ref idref="fl-d8"/>
      </object_component>
      <object_component id="oc-18a">
         <name>.debug_info</name>
         <load_address>0xacb8</load_address>
         <run_address>0xacb8</run_address>
         <size>0x22a</size>
         <input_file_ref idref="fl-d8"/>
      </object_component>
      <object_component id="oc-247">
         <name>.debug_info</name>
         <load_address>0xaee2</load_address>
         <run_address>0xaee2</run_address>
         <size>0x2f8</size>
         <input_file_ref idref="fl-d9"/>
      </object_component>
      <object_component id="oc-1e6">
         <name>.debug_info</name>
         <load_address>0xb1da</load_address>
         <run_address>0xb1da</run_address>
         <size>0x225</size>
         <input_file_ref idref="fl-d9"/>
      </object_component>
      <object_component id="oc-1dc">
         <name>.debug_info</name>
         <load_address>0xb3ff</load_address>
         <run_address>0xb3ff</run_address>
         <size>0x13a</size>
         <input_file_ref idref="fl-da"/>
      </object_component>
      <object_component id="oc-3d">
         <name>.debug_info</name>
         <load_address>0xb539</load_address>
         <run_address>0xb539</run_address>
         <size>0x119</size>
         <input_file_ref idref="fl-db"/>
      </object_component>
      <object_component id="oc-1b9">
         <name>.debug_info</name>
         <load_address>0xb652</load_address>
         <run_address>0xb652</run_address>
         <size>0x4b3</size>
         <input_file_ref idref="fl-dd"/>
      </object_component>
      <object_component id="oc-131">
         <name>.debug_info</name>
         <load_address>0xbb05</load_address>
         <run_address>0xbb05</run_address>
         <size>0x1a6</size>
         <input_file_ref idref="fl-dd"/>
      </object_component>
      <object_component id="oc-224">
         <name>.debug_info</name>
         <load_address>0xbcab</load_address>
         <run_address>0xbcab</run_address>
         <size>0x39</size>
         <input_file_ref idref="fl-dd"/>
      </object_component>
      <object_component id="oc-25f">
         <name>.debug_info</name>
         <load_address>0xbce4</load_address>
         <run_address>0xbce4</run_address>
         <size>0x39</size>
         <input_file_ref idref="fl-dd"/>
      </object_component>
      <object_component id="oc-229">
         <name>.debug_info</name>
         <load_address>0xbd1d</load_address>
         <run_address>0xbd1d</run_address>
         <size>0x39</size>
         <input_file_ref idref="fl-dd"/>
      </object_component>
      <object_component id="oc-22e">
         <name>.debug_info</name>
         <load_address>0xbd56</load_address>
         <run_address>0xbd56</run_address>
         <size>0xcd</size>
         <input_file_ref idref="fl-dd"/>
      </object_component>
      <object_component id="oc-96">
         <name>.debug_info</name>
         <load_address>0xbe23</load_address>
         <run_address>0xbe23</run_address>
         <size>0x153</size>
         <input_file_ref idref="fl-de"/>
      </object_component>
      <object_component id="oc-127">
         <name>.debug_info</name>
         <load_address>0xbf76</load_address>
         <run_address>0xbf76</run_address>
         <size>0x122</size>
         <input_file_ref idref="fl-e0"/>
      </object_component>
      <object_component id="oc-241">
         <name>.debug_info</name>
         <load_address>0xc098</load_address>
         <run_address>0xc098</run_address>
         <size>0x161</size>
         <input_file_ref idref="fl-e3"/>
      </object_component>
      <object_component id="oc-2a2">
         <name>.debug_info</name>
         <load_address>0xc1f9</load_address>
         <run_address>0xc1f9</run_address>
         <size>0xa8</size>
      </object_component>
      <object_component id="oc-162">
         <name>.debug_line</name>
         <load_address>0x0</load_address>
         <run_address>0x0</run_address>
         <size>0x20</size>
         <input_file_ref idref="fl-2"/>
      </object_component>
      <object_component id="oc-c6">
         <name>.debug_line</name>
         <load_address>0x20</load_address>
         <run_address>0x20</run_address>
         <size>0x43</size>
         <input_file_ref idref="fl-2"/>
      </object_component>
      <object_component id="oc-73">
         <name>.debug_line</name>
         <load_address>0x63</load_address>
         <run_address>0x63</run_address>
         <size>0x6f</size>
         <input_file_ref idref="fl-2"/>
      </object_component>
      <object_component id="oc-39">
         <name>.debug_line</name>
         <load_address>0xd2</load_address>
         <run_address>0xd2</run_address>
         <size>0x20</size>
         <input_file_ref idref="fl-2"/>
      </object_component>
      <object_component id="oc-b0">
         <name>.debug_line</name>
         <load_address>0xf2</load_address>
         <run_address>0xf2</run_address>
         <size>0x73</size>
         <input_file_ref idref="fl-2"/>
      </object_component>
      <object_component id="oc-78">
         <name>.debug_line</name>
         <load_address>0x165</load_address>
         <run_address>0x165</run_address>
         <size>0x70</size>
         <input_file_ref idref="fl-2"/>
      </object_component>
      <object_component id="oc-1d1">
         <name>.debug_line</name>
         <load_address>0x1d5</load_address>
         <run_address>0x1d5</run_address>
         <size>0x20</size>
         <input_file_ref idref="fl-3"/>
      </object_component>
      <object_component id="oc-d2">
         <name>.debug_line</name>
         <load_address>0x1f5</load_address>
         <run_address>0x1f5</run_address>
         <size>0x3d4</size>
         <input_file_ref idref="fl-3"/>
      </object_component>
      <object_component id="oc-16a">
         <name>.debug_line</name>
         <load_address>0x5c9</load_address>
         <run_address>0x5c9</run_address>
         <size>0x2d</size>
         <input_file_ref idref="fl-3"/>
      </object_component>
      <object_component id="oc-11a">
         <name>.debug_line</name>
         <load_address>0x5f6</load_address>
         <run_address>0x5f6</run_address>
         <size>0x20</size>
         <input_file_ref idref="fl-3"/>
      </object_component>
      <object_component id="oc-1ad">
         <name>.debug_line</name>
         <load_address>0x616</load_address>
         <run_address>0x616</run_address>
         <size>0x10a</size>
         <input_file_ref idref="fl-4"/>
      </object_component>
      <object_component id="oc-9f">
         <name>.debug_line</name>
         <load_address>0x720</load_address>
         <run_address>0x720</run_address>
         <size>0x236</size>
         <input_file_ref idref="fl-4"/>
      </object_component>
      <object_component id="oc-11f">
         <name>.debug_line</name>
         <load_address>0x956</load_address>
         <run_address>0x956</run_address>
         <size>0x31</size>
         <input_file_ref idref="fl-4"/>
      </object_component>
      <object_component id="oc-6f">
         <name>.debug_line</name>
         <load_address>0x987</load_address>
         <run_address>0x987</run_address>
         <size>0x41</size>
         <input_file_ref idref="fl-5"/>
      </object_component>
      <object_component id="oc-2e">
         <name>.debug_line</name>
         <load_address>0x9c8</load_address>
         <run_address>0x9c8</run_address>
         <size>0x41</size>
         <input_file_ref idref="fl-5"/>
      </object_component>
      <object_component id="oc-2b">
         <name>.debug_line</name>
         <load_address>0xa09</load_address>
         <run_address>0xa09</run_address>
         <size>0xa1</size>
         <input_file_ref idref="fl-5"/>
      </object_component>
      <object_component id="oc-1cf">
         <name>.debug_line</name>
         <load_address>0xaaa</load_address>
         <run_address>0xaaa</run_address>
         <size>0x20</size>
         <input_file_ref idref="fl-6"/>
      </object_component>
      <object_component id="oc-cd">
         <name>.debug_line</name>
         <load_address>0xaca</load_address>
         <run_address>0xaca</run_address>
         <size>0xec</size>
         <input_file_ref idref="fl-6"/>
      </object_component>
      <object_component id="oc-1d8">
         <name>.debug_line</name>
         <load_address>0xbb6</load_address>
         <run_address>0xbb6</run_address>
         <size>0x79</size>
         <input_file_ref idref="fl-7"/>
      </object_component>
      <object_component id="oc-e8">
         <name>.debug_line</name>
         <load_address>0xc2f</load_address>
         <run_address>0xc2f</run_address>
         <size>0x192</size>
         <input_file_ref idref="fl-7"/>
      </object_component>
      <object_component id="oc-d9">
         <name>.debug_line</name>
         <load_address>0xdc1</load_address>
         <run_address>0xdc1</run_address>
         <size>0x42</size>
         <input_file_ref idref="fl-8"/>
      </object_component>
      <object_component id="oc-20c">
         <name>.debug_line</name>
         <load_address>0xe03</load_address>
         <run_address>0xe03</run_address>
         <size>0x32</size>
         <input_file_ref idref="fl-c2"/>
      </object_component>
      <object_component id="oc-103">
         <name>.debug_line</name>
         <load_address>0xe35</load_address>
         <run_address>0xe35</run_address>
         <size>0x215</size>
         <input_file_ref idref="fl-c2"/>
      </object_component>
      <object_component id="oc-210">
         <name>.debug_line</name>
         <load_address>0x104a</load_address>
         <run_address>0x104a</run_address>
         <size>0x9a</size>
         <input_file_ref idref="fl-c2"/>
      </object_component>
      <object_component id="oc-1a6">
         <name>.debug_line</name>
         <load_address>0x10e4</load_address>
         <run_address>0x10e4</run_address>
         <size>0x97</size>
         <input_file_ref idref="fl-c2"/>
      </object_component>
      <object_component id="oc-1fb">
         <name>.debug_line</name>
         <load_address>0x117b</load_address>
         <run_address>0x117b</run_address>
         <size>0x2a</size>
         <input_file_ref idref="fl-c3"/>
      </object_component>
      <object_component id="oc-f6">
         <name>.debug_line</name>
         <load_address>0x11a5</load_address>
         <run_address>0x11a5</run_address>
         <size>0x7a</size>
         <input_file_ref idref="fl-c3"/>
      </object_component>
      <object_component id="oc-213">
         <name>.debug_line</name>
         <load_address>0x121f</load_address>
         <run_address>0x121f</run_address>
         <size>0x32</size>
         <input_file_ref idref="fl-c4"/>
      </object_component>
      <object_component id="oc-10b">
         <name>.debug_line</name>
         <load_address>0x1251</load_address>
         <run_address>0x1251</run_address>
         <size>0x218</size>
         <input_file_ref idref="fl-c4"/>
      </object_component>
      <object_component id="oc-182">
         <name>.debug_line</name>
         <load_address>0x1469</load_address>
         <run_address>0x1469</run_address>
         <size>0xd2</size>
         <input_file_ref idref="fl-c5"/>
      </object_component>
      <object_component id="oc-e3">
         <name>.debug_line</name>
         <load_address>0x153b</load_address>
         <run_address>0x153b</run_address>
         <size>0x77</size>
         <input_file_ref idref="fl-c6"/>
      </object_component>
      <object_component id="oc-1f7">
         <name>.debug_line</name>
         <load_address>0x15b2</load_address>
         <run_address>0x15b2</run_address>
         <size>0x77</size>
         <input_file_ref idref="fl-c6"/>
      </object_component>
      <object_component id="oc-115">
         <name>.debug_line</name>
         <load_address>0x1629</load_address>
         <run_address>0x1629</run_address>
         <size>0x8e</size>
         <input_file_ref idref="fl-c7"/>
      </object_component>
      <object_component id="oc-ff">
         <name>.debug_line</name>
         <load_address>0x16b7</load_address>
         <run_address>0x16b7</run_address>
         <size>0x5a</size>
         <input_file_ref idref="fl-c8"/>
      </object_component>
      <object_component id="oc-f1">
         <name>.debug_line</name>
         <load_address>0x1711</load_address>
         <run_address>0x1711</run_address>
         <size>0x67</size>
         <input_file_ref idref="fl-c9"/>
      </object_component>
      <object_component id="oc-de">
         <name>.debug_line</name>
         <load_address>0x1778</load_address>
         <run_address>0x1778</run_address>
         <size>0x57</size>
         <input_file_ref idref="fl-ca"/>
      </object_component>
      <object_component id="oc-10d">
         <name>.debug_line</name>
         <load_address>0x17cf</load_address>
         <run_address>0x17cf</run_address>
         <size>0x50</size>
         <input_file_ref idref="fl-cb"/>
      </object_component>
      <object_component id="oc-87">
         <name>.debug_line</name>
         <load_address>0x181f</load_address>
         <run_address>0x181f</run_address>
         <size>0x20</size>
         <input_file_ref idref="fl-cd"/>
      </object_component>
      <object_component id="oc-1d">
         <name>.debug_line</name>
         <load_address>0x183f</load_address>
         <run_address>0x183f</run_address>
         <size>0x55</size>
         <input_file_ref idref="fl-cd"/>
      </object_component>
      <object_component id="oc-44">
         <name>.debug_line</name>
         <load_address>0x1894</load_address>
         <run_address>0x1894</run_address>
         <size>0x3a</size>
         <input_file_ref idref="fl-cd"/>
      </object_component>
      <object_component id="oc-84">
         <name>.debug_line</name>
         <load_address>0x18ce</load_address>
         <run_address>0x18ce</run_address>
         <size>0x92</size>
         <input_file_ref idref="fl-cd"/>
      </object_component>
      <object_component id="oc-b9">
         <name>.debug_line</name>
         <load_address>0x1960</load_address>
         <run_address>0x1960</run_address>
         <size>0x20</size>
         <input_file_ref idref="fl-ce"/>
      </object_component>
      <object_component id="oc-1a">
         <name>.debug_line</name>
         <load_address>0x1980</load_address>
         <run_address>0x1980</run_address>
         <size>0xa9</size>
         <input_file_ref idref="fl-ce"/>
      </object_component>
      <object_component id="oc-34">
         <name>.debug_line</name>
         <load_address>0x1a29</load_address>
         <run_address>0x1a29</run_address>
         <size>0x3a</size>
         <input_file_ref idref="fl-ce"/>
      </object_component>
      <object_component id="oc-b6">
         <name>.debug_line</name>
         <load_address>0x1a63</load_address>
         <run_address>0x1a63</run_address>
         <size>0x9a</size>
         <input_file_ref idref="fl-ce"/>
      </object_component>
      <object_component id="oc-7d">
         <name>.debug_line</name>
         <load_address>0x1afd</load_address>
         <run_address>0x1afd</run_address>
         <size>0x96</size>
         <input_file_ref idref="fl-ce"/>
      </object_component>
      <object_component id="oc-1f1">
         <name>.debug_line</name>
         <load_address>0x1b93</load_address>
         <run_address>0x1b93</run_address>
         <size>0x92</size>
         <input_file_ref idref="fl-cf"/>
      </object_component>
      <object_component id="oc-ee">
         <name>.debug_line</name>
         <load_address>0x1c25</load_address>
         <run_address>0x1c25</run_address>
         <size>0x3e</size>
         <input_file_ref idref="fl-cf"/>
      </object_component>
      <object_component id="oc-239">
         <name>.debug_line</name>
         <load_address>0x1c63</load_address>
         <run_address>0x1c63</run_address>
         <size>0x91</size>
         <input_file_ref idref="fl-d0"/>
      </object_component>
      <object_component id="oc-172">
         <name>.debug_line</name>
         <load_address>0x1cf4</load_address>
         <run_address>0x1cf4</run_address>
         <size>0x62</size>
         <input_file_ref idref="fl-d0"/>
      </object_component>
      <object_component id="oc-26c">
         <name>.debug_line</name>
         <load_address>0x1d56</load_address>
         <run_address>0x1d56</run_address>
         <size>0x20</size>
         <input_file_ref idref="fl-d1"/>
      </object_component>
      <object_component id="oc-236">
         <name>.debug_line</name>
         <load_address>0x1d76</load_address>
         <run_address>0x1d76</run_address>
         <size>0x2b</size>
         <input_file_ref idref="fl-d1"/>
      </object_component>
      <object_component id="oc-24b">
         <name>.debug_line</name>
         <load_address>0x1da1</load_address>
         <run_address>0x1da1</run_address>
         <size>0x172</size>
         <input_file_ref idref="fl-d2"/>
      </object_component>
      <object_component id="oc-249">
         <name>.debug_line</name>
         <load_address>0x1f13</load_address>
         <run_address>0x1f13</run_address>
         <size>0x2c</size>
         <input_file_ref idref="fl-d2"/>
      </object_component>
      <object_component id="oc-17a">
         <name>.debug_line</name>
         <load_address>0x1f3f</load_address>
         <run_address>0x1f3f</run_address>
         <size>0x384</size>
         <input_file_ref idref="fl-d2"/>
      </object_component>
      <object_component id="oc-254">
         <name>.debug_line</name>
         <load_address>0x22c3</load_address>
         <run_address>0x22c3</run_address>
         <size>0x2a</size>
         <input_file_ref idref="fl-d3"/>
      </object_component>
      <object_component id="oc-252">
         <name>.debug_line</name>
         <load_address>0x22ed</load_address>
         <run_address>0x22ed</run_address>
         <size>0x30</size>
         <input_file_ref idref="fl-d3"/>
      </object_component>
      <object_component id="oc-199">
         <name>.debug_line</name>
         <load_address>0x231d</load_address>
         <run_address>0x231d</run_address>
         <size>0x3fd</size>
         <input_file_ref idref="fl-d3"/>
      </object_component>
      <object_component id="oc-258">
         <name>.debug_line</name>
         <load_address>0x271a</load_address>
         <run_address>0x271a</run_address>
         <size>0x9a</size>
         <input_file_ref idref="fl-d3"/>
      </object_component>
      <object_component id="oc-207">
         <name>.debug_line</name>
         <load_address>0x27b4</load_address>
         <run_address>0x27b4</run_address>
         <size>0x97</size>
         <input_file_ref idref="fl-d3"/>
      </object_component>
      <object_component id="oc-6c">
         <name>.debug_line</name>
         <load_address>0x284b</load_address>
         <run_address>0x284b</run_address>
         <size>0x33</size>
         <input_file_ref idref="fl-d4"/>
      </object_component>
      <object_component id="oc-5d">
         <name>.debug_line</name>
         <load_address>0x287e</load_address>
         <run_address>0x287e</run_address>
         <size>0x45</size>
         <input_file_ref idref="fl-d4"/>
      </object_component>
      <object_component id="oc-270">
         <name>.debug_line</name>
         <load_address>0x28c3</load_address>
         <run_address>0x28c3</run_address>
         <size>0x20</size>
         <input_file_ref idref="fl-d5"/>
      </object_component>
      <object_component id="oc-26e">
         <name>.debug_line</name>
         <load_address>0x28e3</load_address>
         <run_address>0x28e3</run_address>
         <size>0x2b</size>
         <input_file_ref idref="fl-d5"/>
      </object_component>
      <object_component id="oc-1e3">
         <name>.debug_line</name>
         <load_address>0x290e</load_address>
         <run_address>0x290e</run_address>
         <size>0x40</size>
         <input_file_ref idref="fl-d5"/>
      </object_component>
      <object_component id="oc-250">
         <name>.debug_line</name>
         <load_address>0x294e</load_address>
         <run_address>0x294e</run_address>
         <size>0x20</size>
         <input_file_ref idref="fl-d6"/>
      </object_component>
      <object_component id="oc-191">
         <name>.debug_line</name>
         <load_address>0x296e</load_address>
         <run_address>0x296e</run_address>
         <size>0x43</size>
         <input_file_ref idref="fl-d6"/>
      </object_component>
      <object_component id="oc-25b">
         <name>.debug_line</name>
         <load_address>0x29b1</load_address>
         <run_address>0x29b1</run_address>
         <size>0x20</size>
         <input_file_ref idref="fl-d7"/>
      </object_component>
      <object_component id="oc-19f">
         <name>.debug_line</name>
         <load_address>0x29d1</load_address>
         <run_address>0x29d1</run_address>
         <size>0x56</size>
         <input_file_ref idref="fl-d7"/>
      </object_component>
      <object_component id="oc-24e">
         <name>.debug_line</name>
         <load_address>0x2a27</load_address>
         <run_address>0x2a27</run_address>
         <size>0x20</size>
         <input_file_ref idref="fl-d8"/>
      </object_component>
      <object_component id="oc-187">
         <name>.debug_line</name>
         <load_address>0x2a47</load_address>
         <run_address>0x2a47</run_address>
         <size>0xa8</size>
         <input_file_ref idref="fl-d8"/>
      </object_component>
      <object_component id="oc-273">
         <name>.debug_line</name>
         <load_address>0x2aef</load_address>
         <run_address>0x2aef</run_address>
         <size>0x9b</size>
         <input_file_ref idref="fl-d9"/>
      </object_component>
      <object_component id="oc-1e9">
         <name>.debug_line</name>
         <load_address>0x2b8a</load_address>
         <run_address>0x2b8a</run_address>
         <size>0xa4</size>
         <input_file_ref idref="fl-d9"/>
      </object_component>
      <object_component id="oc-1da">
         <name>.debug_line</name>
         <load_address>0x2c2e</load_address>
         <run_address>0x2c2e</run_address>
         <size>0xa8</size>
         <input_file_ref idref="fl-da"/>
      </object_component>
      <object_component id="oc-3c">
         <name>.debug_line</name>
         <load_address>0x2cd6</load_address>
         <run_address>0x2cd6</run_address>
         <size>0x88</size>
         <input_file_ref idref="fl-db"/>
      </object_component>
      <object_component id="oc-223">
         <name>.debug_line</name>
         <load_address>0x2d5e</load_address>
         <run_address>0x2d5e</run_address>
         <size>0xbf</size>
         <input_file_ref idref="fl-dd"/>
      </object_component>
      <object_component id="oc-130">
         <name>.debug_line</name>
         <load_address>0x2e1d</load_address>
         <run_address>0x2e1d</run_address>
         <size>0x6f</size>
         <input_file_ref idref="fl-dd"/>
      </object_component>
      <object_component id="oc-227">
         <name>.debug_line</name>
         <load_address>0x2e8c</load_address>
         <run_address>0x2e8c</run_address>
         <size>0x2e</size>
         <input_file_ref idref="fl-dd"/>
      </object_component>
      <object_component id="oc-262">
         <name>.debug_line</name>
         <load_address>0x2eba</load_address>
         <run_address>0x2eba</run_address>
         <size>0x9a</size>
         <input_file_ref idref="fl-dd"/>
      </object_component>
      <object_component id="oc-22c">
         <name>.debug_line</name>
         <load_address>0x2f54</load_address>
         <run_address>0x2f54</run_address>
         <size>0x97</size>
         <input_file_ref idref="fl-dd"/>
      </object_component>
      <object_component id="oc-231">
         <name>.debug_line</name>
         <load_address>0x2feb</load_address>
         <run_address>0x2feb</run_address>
         <size>0x93</size>
         <input_file_ref idref="fl-dd"/>
      </object_component>
      <object_component id="oc-99">
         <name>.debug_line</name>
         <load_address>0x307e</load_address>
         <run_address>0x307e</run_address>
         <size>0x40</size>
         <input_file_ref idref="fl-de"/>
      </object_component>
      <object_component id="oc-125">
         <name>.debug_line</name>
         <load_address>0x30be</load_address>
         <run_address>0x30be</run_address>
         <size>0x3c</size>
         <input_file_ref idref="fl-e0"/>
      </object_component>
      <object_component id="oc-244">
         <name>.debug_line</name>
         <load_address>0x30fa</load_address>
         <run_address>0x30fa</run_address>
         <size>0x45</size>
         <input_file_ref idref="fl-e3"/>
      </object_component>
      <object_component id="oc-c4">
         <name>.debug_frame</name>
         <load_address>0x0</load_address>
         <run_address>0x0</run_address>
         <size>0x54</size>
         <input_file_ref idref="fl-2"/>
      </object_component>
      <object_component id="oc-d1">
         <name>.debug_frame</name>
         <load_address>0x54</load_address>
         <run_address>0x54</run_address>
         <size>0x2a4</size>
         <input_file_ref idref="fl-3"/>
      </object_component>
      <object_component id="oc-a0">
         <name>.debug_frame</name>
         <load_address>0x2f8</load_address>
         <run_address>0x2f8</run_address>
         <size>0x128</size>
         <input_file_ref idref="fl-4"/>
      </object_component>
      <object_component id="oc-2c">
         <name>.debug_frame</name>
         <load_address>0x420</load_address>
         <run_address>0x420</run_address>
         <size>0x90</size>
         <input_file_ref idref="fl-5"/>
      </object_component>
      <object_component id="oc-ce">
         <name>.debug_frame</name>
         <load_address>0x4b0</load_address>
         <run_address>0x4b0</run_address>
         <size>0xc8</size>
         <input_file_ref idref="fl-6"/>
      </object_component>
      <object_component id="oc-e9">
         <name>.debug_frame</name>
         <load_address>0x578</load_address>
         <run_address>0x578</run_address>
         <size>0xf4</size>
         <input_file_ref idref="fl-7"/>
      </object_component>
      <object_component id="oc-101">
         <name>.debug_frame</name>
         <load_address>0x66c</load_address>
         <run_address>0x66c</run_address>
         <size>0x70</size>
         <input_file_ref idref="fl-c2"/>
      </object_component>
      <object_component id="oc-fa">
         <name>.debug_frame</name>
         <load_address>0x6dc</load_address>
         <run_address>0x6dc</run_address>
         <size>0x64</size>
         <input_file_ref idref="fl-c3"/>
      </object_component>
      <object_component id="oc-10a">
         <name>.debug_frame</name>
         <load_address>0x740</load_address>
         <run_address>0x740</run_address>
         <size>0x70</size>
         <input_file_ref idref="fl-c4"/>
      </object_component>
      <object_component id="oc-1e">
         <name>.debug_frame</name>
         <load_address>0x7b0</load_address>
         <run_address>0x7b0</run_address>
         <size>0x54</size>
         <input_file_ref idref="fl-cd"/>
      </object_component>
      <object_component id="oc-19">
         <name>.debug_frame</name>
         <load_address>0x804</load_address>
         <run_address>0x804</run_address>
         <size>0x60</size>
         <input_file_ref idref="fl-ce"/>
      </object_component>
      <object_component id="oc-ef">
         <name>.debug_frame</name>
         <load_address>0x864</load_address>
         <run_address>0x864</run_address>
         <size>0x58</size>
         <input_file_ref idref="fl-cf"/>
      </object_component>
      <object_component id="oc-171">
         <name>.debug_frame</name>
         <load_address>0x8bc</load_address>
         <run_address>0x8bc</run_address>
         <size>0x5c</size>
         <input_file_ref idref="fl-d0"/>
      </object_component>
      <object_component id="oc-179">
         <name>.debug_frame</name>
         <load_address>0x918</load_address>
         <run_address>0x918</run_address>
         <size>0x70</size>
         <input_file_ref idref="fl-d2"/>
      </object_component>
      <object_component id="oc-19a">
         <name>.debug_frame</name>
         <load_address>0x988</load_address>
         <run_address>0x988</run_address>
         <size>0x78</size>
         <input_file_ref idref="fl-d3"/>
      </object_component>
      <object_component id="oc-5e">
         <name>.debug_frame</name>
         <load_address>0xa00</load_address>
         <run_address>0xa00</run_address>
         <size>0x50</size>
         <input_file_ref idref="fl-d4"/>
      </object_component>
      <object_component id="oc-1e2">
         <name>.debug_frame</name>
         <load_address>0xa50</load_address>
         <run_address>0xa50</run_address>
         <size>0x54</size>
         <input_file_ref idref="fl-d5"/>
      </object_component>
      <object_component id="oc-192">
         <name>.debug_frame</name>
         <load_address>0xaa4</load_address>
         <run_address>0xaa4</run_address>
         <size>0x70</size>
         <input_file_ref idref="fl-d6"/>
      </object_component>
      <object_component id="oc-1a0">
         <name>.debug_frame</name>
         <load_address>0xb14</load_address>
         <run_address>0xb14</run_address>
         <size>0x70</size>
         <input_file_ref idref="fl-d7"/>
      </object_component>
      <object_component id="oc-188">
         <name>.debug_frame</name>
         <load_address>0xb84</load_address>
         <run_address>0xb84</run_address>
         <size>0x60</size>
         <input_file_ref idref="fl-d8"/>
      </object_component>
      <object_component id="oc-1e8">
         <name>.debug_frame</name>
         <load_address>0xbe4</load_address>
         <run_address>0xbe4</run_address>
         <size>0x64</size>
         <input_file_ref idref="fl-d9"/>
      </object_component>
      <object_component id="oc-134">
         <name>.debug_frame</name>
         <load_address>0xc48</load_address>
         <run_address>0xc48</run_address>
         <size>0x5c</size>
         <input_file_ref idref="fl-dd"/>
      </object_component>
      <object_component id="oc-9a">
         <name>.debug_frame</name>
         <load_address>0xca4</load_address>
         <run_address>0xca4</run_address>
         <size>0x54</size>
         <input_file_ref idref="fl-de"/>
      </object_component>
      <object_component id="oc-126">
         <name>.debug_frame</name>
         <load_address>0xcf8</load_address>
         <run_address>0xcf8</run_address>
         <size>0x54</size>
         <input_file_ref idref="fl-e0"/>
      </object_component>
      <object_component id="oc-245">
         <name>.debug_frame</name>
         <load_address>0xd4c</load_address>
         <run_address>0xd4c</run_address>
         <size>0x54</size>
         <input_file_ref idref="fl-e3"/>
      </object_component>
      <object_component id="oc-161">
         <name>.debug_abbrev</name>
         <load_address>0x0</load_address>
         <run_address>0x0</run_address>
         <size>0x27</size>
         <input_file_ref idref="fl-2"/>
      </object_component>
      <object_component id="oc-163">
         <name>.debug_abbrev</name>
         <load_address>0x27</load_address>
         <run_address>0x27</run_address>
         <size>0x50</size>
         <input_file_ref idref="fl-2"/>
      </object_component>
      <object_component id="oc-72">
         <name>.debug_abbrev</name>
         <load_address>0x77</load_address>
         <run_address>0x77</run_address>
         <size>0x69</size>
         <input_file_ref idref="fl-2"/>
      </object_component>
      <object_component id="oc-38">
         <name>.debug_abbrev</name>
         <load_address>0xe0</load_address>
         <run_address>0xe0</run_address>
         <size>0x1f</size>
         <input_file_ref idref="fl-2"/>
      </object_component>
      <object_component id="oc-af">
         <name>.debug_abbrev</name>
         <load_address>0xff</load_address>
         <run_address>0xff</run_address>
         <size>0x5c</size>
         <input_file_ref idref="fl-2"/>
      </object_component>
      <object_component id="oc-77">
         <name>.debug_abbrev</name>
         <load_address>0x15b</load_address>
         <run_address>0x15b</run_address>
         <size>0x24</size>
         <input_file_ref idref="fl-2"/>
      </object_component>
      <object_component id="oc-1d0">
         <name>.debug_abbrev</name>
         <load_address>0x17f</load_address>
         <run_address>0x17f</run_address>
         <size>0x27</size>
         <input_file_ref idref="fl-3"/>
      </object_component>
      <object_component id="oc-166">
         <name>.debug_abbrev</name>
         <load_address>0x1a6</load_address>
         <run_address>0x1a6</run_address>
         <size>0xc8</size>
         <input_file_ref idref="fl-3"/>
      </object_component>
      <object_component id="oc-169">
         <name>.debug_abbrev</name>
         <load_address>0x26e</load_address>
         <run_address>0x26e</run_address>
         <size>0x44</size>
         <input_file_ref idref="fl-3"/>
      </object_component>
      <object_component id="oc-119">
         <name>.debug_abbrev</name>
         <load_address>0x2b2</load_address>
         <run_address>0x2b2</run_address>
         <size>0x1f</size>
         <input_file_ref idref="fl-3"/>
      </object_component>
      <object_component id="oc-1ac">
         <name>.debug_abbrev</name>
         <load_address>0x2d1</load_address>
         <run_address>0x2d1</run_address>
         <size>0xf3</size>
         <input_file_ref idref="fl-4"/>
      </object_component>
      <object_component id="oc-116">
         <name>.debug_abbrev</name>
         <load_address>0x3c4</load_address>
         <run_address>0x3c4</run_address>
         <size>0xb4</size>
         <input_file_ref idref="fl-4"/>
      </object_component>
      <object_component id="oc-11e">
         <name>.debug_abbrev</name>
         <load_address>0x478</load_address>
         <run_address>0x478</run_address>
         <size>0x4b</size>
         <input_file_ref idref="fl-4"/>
      </object_component>
      <object_component id="oc-6e">
         <name>.debug_abbrev</name>
         <load_address>0x4c3</load_address>
         <run_address>0x4c3</run_address>
         <size>0x68</size>
         <input_file_ref idref="fl-5"/>
      </object_component>
      <object_component id="oc-2d">
         <name>.debug_abbrev</name>
         <load_address>0x52b</load_address>
         <run_address>0x52b</run_address>
         <size>0x29</size>
         <input_file_ref idref="fl-5"/>
      </object_component>
      <object_component id="oc-6d">
         <name>.debug_abbrev</name>
         <load_address>0x554</load_address>
         <run_address>0x554</run_address>
         <size>0x79</size>
         <input_file_ref idref="fl-5"/>
      </object_component>
      <object_component id="oc-1ce">
         <name>.debug_abbrev</name>
         <load_address>0x5cd</load_address>
         <run_address>0x5cd</run_address>
         <size>0x27</size>
         <input_file_ref idref="fl-6"/>
      </object_component>
      <object_component id="oc-164">
         <name>.debug_abbrev</name>
         <load_address>0x5f4</load_address>
         <run_address>0x5f4</run_address>
         <size>0xa9</size>
         <input_file_ref idref="fl-6"/>
      </object_component>
      <object_component id="oc-1d7">
         <name>.debug_abbrev</name>
         <load_address>0x69d</load_address>
         <run_address>0x69d</run_address>
         <size>0x92</size>
         <input_file_ref idref="fl-7"/>
      </object_component>
      <object_component id="oc-176">
         <name>.debug_abbrev</name>
         <load_address>0x72f</load_address>
         <run_address>0x72f</run_address>
         <size>0xb4</size>
         <input_file_ref idref="fl-7"/>
      </object_component>
      <object_component id="oc-16d">
         <name>.debug_abbrev</name>
         <load_address>0x7e3</load_address>
         <run_address>0x7e3</run_address>
         <size>0x35</size>
         <input_file_ref idref="fl-8"/>
      </object_component>
      <object_component id="oc-20b">
         <name>.debug_abbrev</name>
         <load_address>0x818</load_address>
         <run_address>0x818</run_address>
         <size>0x68</size>
         <input_file_ref idref="fl-c2"/>
      </object_component>
      <object_component id="oc-1a1">
         <name>.debug_abbrev</name>
         <load_address>0x880</load_address>
         <run_address>0x880</run_address>
         <size>0x7f</size>
         <input_file_ref idref="fl-c2"/>
      </object_component>
      <object_component id="oc-20f">
         <name>.debug_abbrev</name>
         <load_address>0x8ff</load_address>
         <run_address>0x8ff</run_address>
         <size>0x24</size>
         <input_file_ref idref="fl-c2"/>
      </object_component>
      <object_component id="oc-1a5">
         <name>.debug_abbrev</name>
         <load_address>0x923</load_address>
         <run_address>0x923</run_address>
         <size>0x24</size>
         <input_file_ref idref="fl-c2"/>
      </object_component>
      <object_component id="oc-1fa">
         <name>.debug_abbrev</name>
         <load_address>0x947</load_address>
         <run_address>0x947</run_address>
         <size>0x44</size>
         <input_file_ref idref="fl-c3"/>
      </object_component>
      <object_component id="oc-18c">
         <name>.debug_abbrev</name>
         <load_address>0x98b</load_address>
         <run_address>0x98b</run_address>
         <size>0x7f</size>
         <input_file_ref idref="fl-c3"/>
      </object_component>
      <object_component id="oc-212">
         <name>.debug_abbrev</name>
         <load_address>0xa0a</load_address>
         <run_address>0xa0a</run_address>
         <size>0x68</size>
         <input_file_ref idref="fl-c4"/>
      </object_component>
      <object_component id="oc-1a8">
         <name>.debug_abbrev</name>
         <load_address>0xa72</load_address>
         <run_address>0xa72</run_address>
         <size>0x7f</size>
         <input_file_ref idref="fl-c4"/>
      </object_component>
      <object_component id="oc-1f2">
         <name>.debug_abbrev</name>
         <load_address>0xaf1</load_address>
         <run_address>0xaf1</run_address>
         <size>0x3c</size>
         <input_file_ref idref="fl-c5"/>
      </object_component>
      <object_component id="oc-16f">
         <name>.debug_abbrev</name>
         <load_address>0xb2d</load_address>
         <run_address>0xb2d</run_address>
         <size>0x3c</size>
         <input_file_ref idref="fl-c6"/>
      </object_component>
      <object_component id="oc-24c">
         <name>.debug_abbrev</name>
         <load_address>0xb69</load_address>
         <run_address>0xb69</run_address>
         <size>0x3c</size>
         <input_file_ref idref="fl-c6"/>
      </object_component>
      <object_component id="oc-1ab">
         <name>.debug_abbrev</name>
         <load_address>0xba5</load_address>
         <run_address>0xba5</run_address>
         <size>0x3c</size>
         <input_file_ref idref="fl-c7"/>
      </object_component>
      <object_component id="oc-18e">
         <name>.debug_abbrev</name>
         <load_address>0xbe1</load_address>
         <run_address>0xbe1</run_address>
         <size>0x3c</size>
         <input_file_ref idref="fl-c8"/>
      </object_component>
      <object_component id="oc-180">
         <name>.debug_abbrev</name>
         <load_address>0xc1d</load_address>
         <run_address>0xc1d</run_address>
         <size>0x3e</size>
         <input_file_ref idref="fl-c9"/>
      </object_component>
      <object_component id="oc-16e">
         <name>.debug_abbrev</name>
         <load_address>0xc5b</load_address>
         <run_address>0xc5b</run_address>
         <size>0x3c</size>
         <input_file_ref idref="fl-ca"/>
      </object_component>
      <object_component id="oc-1aa">
[...]
            <available_space>
               <start_address>0x3ad4</start_address>
               <size>0x4</size>
            </available_space>
            <allocated_space>
               <start_address>0x3ad8</start_address>
               <size>0x328</size>
               <logical_group_ref idref="lg-5"/>
            </allocated_space>
            <allocated_space>
               <start_address>0x3e00</start_address>
               <size>0x18</size>
               <logical_group_ref idref="lg-6"/>
            </allocated_space>
            <available_space>
               <start_address>0x3e18</start_address>
               <size>0x3c1e8</size>
            </available_space>
         </usage_details>
      </memory_area>
      <memory_area display="yes" color="green">
         <name>SRAM</name>
         <page_id>0x0</page_id>
         <origin>0x20000000</origin>
         <length>0x8000</length>
         <used_space>0x204</used_space>
         <unused_space>0x7dfc</unused_space>
         <attributes>RWX</attributes>
         <usage_details>
            <allocated_space>
               <start_address>0x20000000</start_address>
               <size>0x0</size>
               <logical_group_ref idref="lg-276"/>
            </allocated_space>
            <allocated_space>
               <start_address>0x20000000</start_address>
               <size>0x200</size>
               <logical_group_ref idref="lg-d"/>
            </allocated_space>
            <allocated_space>
               <start_address>0x20000200</start_address>
               <size>0x4</size>
               <logical_group_ref idref="lg-a"/>
            </allocated_space>
            <available_space>
               <start_address>0x20000204</start_address>
               <size>0x7dfc</size>
            </available_space>
         </usage_details>
      </memory_area>
   </placement_map>
   <cptbl_list>
      <cptbl>
         <name>__TI_cinit_table</name>
         <cprec>
            <name>.data</name>
            <load_address>0x3e08</load_address>
            <load_size>0x7</load_size>
            <run_address>0x20000200</run_address>
            <run_size>0x4</run_size>
            <compression>lzss</compression>
         </cprec>
      </cptbl>
   </cptbl_list>
   <handler_table>
      <handler_table_name>__TI_handler_table</handler_table_name>
      <handler>
         <index>0x0</index>
         <name>__TI_decompress_lzss</name>
      </handler>
      <handler>
         <index>0x1</index>
         <name>__TI_decompress_none</name>
      </handler>
   </handler_table>
   <symbol_table>
      <symbol id="sm-1">
         <name>__STACK_TOP</name>
         <value>0x20000200</value>
      </symbol>
      <symbol id="sm-2">
         <name>__start___llvm_prf_cnts</name>
         <value>0x20000000</value>
      </symbol>
      <symbol id="sm-3">
         <name>__stop___llvm_prf_cnts</name>
         <value>0x20000000</value>
      </symbol>
      <symbol id="sm-4">
         <name>__TI_CINIT_Base</name>
         <value>0x3e10</value>
      </symbol>
      <symbol id="sm-5">
         <name>__TI_CINIT_Limit</name>
         <value>0x3e18</value>
      </symbol>
      <symbol id="sm-6">
         <name>__TI_Handler_Table_Base</name>
         <value>0x3e00</value>
      </symbol>
      <symbol id="sm-7">
         <name>__TI_Handler_Table_Limit</name>
         <value>0x3e08</value>
      </symbol>
      <symbol id="sm-8">
         <name>binit</name>
         <value>0xffffffff</value>
      </symbol>
      <symbol id="sm-9">
         <name>__binit__</name>
         <value>0xffffffff</value>
      </symbol>
      <symbol id="sm-a">
         <name>__STACK_SIZE</name>
         <value>0x200</value>
      </symbol>
      <symbol id="sm-b">
         <name>__STACK_END</name>
         <value>0x20000200</value>
      </symbol>
      <symbol id="sm-c">
         <name>__c_args__</name>
         <value>0xffffffff</value>
      </symbol>
      <symbol id="sm-d">
         <name>__TI_pprof_out_hndl</name>
         <value>0xffffffff</value>
      </symbol>
      <symbol id="sm-e">
         <name>__TI_prof_data_start</name>
         <value>0xffffffff</value>
      </symbol>
      <symbol id="sm-f">
         <name>__TI_prof_data_size</name>
         <value>0xffffffff</value>
      </symbol>
      <symbol id="sm-4a">
         <name>initSystemClockTo40Mhz</name>
         <value>0x3a99</value>
         <object_component_ref idref="oc-c3"/>
      </symbol>
      <symbol id="sm-ca">
         <name>selectPinInterruptBothEdges</name>
         <value>0x7af</value>
         <object_component_ref idref="oc-cf"/>
      </symbol>
      <symbol id="sm-cb">
         <name>getPortValue</name>
         <value>0x9e5</value>
         <object_component_ref idref="oc-cf"/>
      </symbol>
      <symbol id="sm-cc">
         <name>selectPinAnalogInput</name>
         <value>0x493</value>
         <object_component_ref idref="oc-cf"/>
      </symbol>
      <symbol id="sm-cd">
         <name>clearPinInterrupt</name>
         <value>0x8c1</value>
         <object_component_ref idref="oc-cf"/>
      </symbol>
      <symbol id="sm-ce">
         <name>selectPinPushPullOutput</name>
         <value>0x3a9</value>
         <object_component_ref idref="oc-cf"/>
      </symbol>
      <symbol id="sm-cf">
         <name>selectPinInterruptHighLevel</name>
         <value>0x805</value>
         <object_component_ref idref="oc-cf"/>
      </symbol>
      <symbol id="sm-d0">
         <name>selectPinInterruptFallingEdge</name>
         <value>0x75f</value>
         <object_component_ref idref="oc-cf"/>
      </symbol>
      <symbol id="sm-d1">
         <name>selectPinOpenDrainOutput</name>
         <value>0x3f7</value>
         <object_component_ref idref="oc-cf"/>
      </symbol>
      <symbol id="sm-d2">
         <name>selectPinInterruptLowLevel</name>
         <value>0x83f</value>
         <object_component_ref idref="oc-cf"/>
      </symbol>
      <symbol id="sm-d3">
         <name>setPortValue</name>
         <value>0x96d</value>
         <object_component_ref idref="oc-cf"/>
      </symbol>
      <symbol id="sm-d4">
         <name>enablePinInterrupt</name>
         <value>0x879</value>
         <object_component_ref idref="oc-cf"/>
      </symbol>
      <symbol id="sm-d5">
         <name>setPinAuxFunction</name>
         <value>0x5fd</value>
         <object_component_ref idref="oc-cf"/>
      </symbol>
      <symbol id="sm-d6">
         <name>enablePort</name>
         <value>0x26d</value>
         <object_component_ref idref="oc-cf"/>
      </symbol>
      <symbol id="sm-d7">
         <name>disablePinPulldown</name>
         <value>0x5d5</value>
         <object_component_ref idref="oc-cf"/>
      </symbol>
      <symbol id="sm-d8">
         <name>setPinCommitControl</name>
         <value>0x4e3</value>
         <object_component_ref idref="oc-cf"/>
      </symbol>
      <symbol id="sm-d9">
         <name>disablePort</name>
         <value>0x329</value>
         <object_component_ref idref="oc-cf"/>
      </symbol>
      <symbol id="sm-da">
         <name>disablePinInterrupt</name>
         <value>0x89d</value>
         <object_component_ref idref="oc-cf"/>
      </symbol>
      <symbol id="sm-db">
         <name>enablePinPullup</name>
         <value>0x55f</value>
         <object_component_ref idref="oc-cf"/>
      </symbol>
      <symbol id="sm-dc">
         <name>togglePinValue</name>
         <value>0x90b</value>
         <object_component_ref idref="oc-cf"/>
      </symbol>
      <symbol id="sm-dd">
         <name>getPinValue</name>
         <value>0x92f</value>
         <object_component_ref idref="oc-cf"/>
      </symbol>
      <symbol id="sm-de">
         <name>enablePinPulldown</name>
         <value>0x5b1</value>
         <object_component_ref idref="oc-cf"/>
      </symbol>
      <symbol id="sm-df">
         <name>disablePinPullup</name>
         <value>0x58d</value>
         <object_component_ref idref="oc-cf"/>
      </symbol>
      <symbol id="sm-e0">
         <name>selectPinDigitalInput</name>
         <value>0x445</value>
         <object_component_ref idref="oc-cf"/>
      </symbol>
      <symbol id="sm-e1">
         <name>selectPinInterruptRisingEdge</name>
         <value>0x70f</value>
         <object_component_ref idref="oc-cf"/>
      </symbol>
      <symbol id="sm-e2">
         <name>setPinValue</name>
         <value>0x8e5</value>
         <object_component_ref idref="oc-cf"/>
      </symbol>
      <symbol id="sm-14a">
         <name>setB</name>
         <value>0x1433</value>
         <object_component_ref idref="oc-9b"/>
      </symbol>
      <symbol id="sm-14b">
         <name>setA</name>
         <value>0x1403</value>
         <object_component_ref idref="oc-9b"/>
      </symbol>
      <symbol id="sm-14c">
         <name>initHw</name>
         <value>0x11ad</value>
         <object_component_ref idref="oc-9b"/>
      </symbol>
      <symbol id="sm-14d">
         <name>coilA</name>
         <value>0x12c7</value>
         <object_component_ref idref="oc-9b"/>
      </symbol>
      <symbol id="sm-14e">
         <name>coilB</name>
         <value>0x1313</value>
         <object_component_ref idref="oc-9b"/>
      </symbol>
      <symbol id="sm-14f">
         <name>microStep</name>
         <value>0x1463</value>
         <object_component_ref idref="oc-9b"/>
      </symbol>
      <symbol id="sm-150">
         <name>step</name>
         <value>0x135f</value>
         <object_component_ref idref="oc-9b"/>
      </symbol>
      <symbol id="sm-151">
         <name>main</name>
         <value>0x1559</value>
         <object_component_ref idref="oc-9b"/>
      </symbol>
      <symbol id="sm-152">
         <name>stepBack</name>
         <value>0x13b1</value>
         <object_component_ref idref="oc-9b"/>
      </symbol>
      <symbol id="sm-16e">
         <name>ResetISR</name>
         <value>0x3ab7</value>
         <object_component_ref idref="oc-27"/>
      </symbol>
      <symbol id="sm-16f">
         <name>g_pfnVectors</name>
         <value>0x0</value>
         <object_component_ref idref="oc-12"/>
      </symbol>
      <symbol id="sm-196">
         <name>getcUart0</name>
         <value>0x30f9</value>
         <object_component_ref idref="oc-c9"/>
      </symbol>
      <symbol id="sm-197">
         <name>kbhitUart0</name>
         <value>0x310d</value>
         <object_component_ref idref="oc-c9"/>
      </symbol>
      <symbol id="sm-198">
         <name>setUart0BaudRate</name>
         <value>0x306d</value>
         <object_component_ref idref="oc-c9"/>
      </symbol>
      <symbol id="sm-199">
         <name>putsUart0</name>
         <value>0x30cd</value>
         <object_component_ref idref="oc-c9"/>
      </symbol>
      <symbol id="sm-19a">
         <name>initUart0</name>
         <value>0x2ff9</value>
         <object_component_ref idref="oc-c9"/>
      </symbol>
      <symbol id="sm-19b">
         <name>putcUart0</name>
         <value>0x30b1</value>
         <object_component_ref idref="oc-c9"/>
      </symbol>
      <symbol id="sm-1d2">
         <name>strCompare</name>
         <value>0x285d</value>
         <object_component_ref idref="oc-e4"/>
      </symbol>
      <symbol id="sm-1d3">
         <name>isCommand</name>
         <value>0x2b1b</value>
         <object_component_ref idref="oc-e4"/>
      </symbol>
      <symbol id="sm-1d4">
         <name>getFieldString</name>
         <value>0x2a97</value>
         <object_component_ref idref="oc-e4"/>
      </symbol>
      <symbol id="sm-1d5">
         <name>parseFields</name>
         <value>0x2969</value>
         <object_component_ref idref="oc-e4"/>
      </symbol>
      <symbol id="sm-1d6">
         <name>getFieldInteger</name>
         <value>0x2acf</value>
         <object_component_ref idref="oc-e4"/>
      </symbol>
      <symbol id="sm-1d7">
         <name>isBool</name>
         <value>0x28bd</value>
         <object_component_ref idref="oc-e4"/>
      </symbol>
      <symbol id="sm-1d8">
         <name>getsUart0</name>
         <value>0x28f7</value>
         <object_component_ref idref="oc-e4"/>
      </symbol>
      <symbol id="sm-1e7">
         <name>waitMicrosecond</name>
         <value>0x3a4f</value>
         <object_component_ref idref="oc-d5"/>
      </symbol>
      <symbol id="sm-242">
         <name>cosl</name>
         <value>0x1e21</value>
         <object_component_ref idref="oc-100"/>
      </symbol>
      <symbol id="sm-243">
         <name>cos</name>
         <value>0x1e21</value>
         <object_component_ref idref="oc-100"/>
      </symbol>
      <symbol id="sm-25b">
         <name>roundl</name>
         <value>0x3599</value>
         <object_component_ref idref="oc-f5"/>
      </symbol>
      <symbol id="sm-25c">
         <name>round</name>
         <value>0x3599</value>
         <object_component_ref idref="oc-f5"/>
      </symbol>
      <symbol id="sm-2ac">
         <name>sin</name>
         <value>0x1841</value>
         <object_component_ref idref="oc-106"/>
      </symbol>
      <symbol id="sm-2ad">
         <name>sinl</name>
         <value>0x1841</value>
         <object_component_ref idref="oc-106"/>
      </symbol>
      <symbol id="sm-2c4">
         <name>__aeabi_dsub</name>
         <value>0x2b5d</value>
         <object_component_ref idref="oc-181"/>
      </symbol>
      <symbol id="sm-2c5">
         <name>__aeabi_dadd</name>
         <value>0x2b67</value>
         <object_component_ref idref="oc-181"/>
      </symbol>
      <symbol id="sm-2e7">
         <name>__aeabi_cdcmpeq</name>
         <value>0x36f9</value>
         <object_component_ref idref="oc-df"/>
      </symbol>
      <symbol id="sm-2e8">
         <name>__aeabi_cdcmple</name>
         <value>0x36f9</value>
         <object_component_ref idref="oc-df"/>
      </symbol>
      <symbol id="sm-2e9">
         <name>__aeabi_cdrcmple</name>
         <value>0x377f</value>
         <object_component_ref idref="oc-1f3"/>
      </symbol>
      <symbol id="sm-2f4">
         <name>__aeabi_dmul</name>
         <value>0x33a5</value>
         <object_component_ref idref="oc-111"/>
      </symbol>
      <symbol id="sm-2fe">
         <name>__aeabi_d2iz</name>
         <value>0x3929</value>
         <object_component_ref idref="oc-fb"/>
      </symbol>
      <symbol id="sm-30a">
         <name>__aeabi_d2f</name>
         <value>0x3805</value>
         <object_component_ref idref="oc-f0"/>
      </symbol>
      <symbol id="sm-315">
         <name>__aeabi_f2d</name>
         <value>0x39b5</value>
         <object_component_ref idref="oc-da"/>
      </symbol>
      <symbol id="sm-31f">
         <name>__aeabi_i2d</name>
         <value>0x3a21</value>
         <object_component_ref idref="oc-10c"/>
      </symbol>
      <symbol id="sm-337">
         <name>__TI_decompress_none</name>
         <value>0x3aa9</value>
         <object_component_ref idref="oc-1b"/>
      </symbol>
      <symbol id="sm-35a">
         <name>__TI_decompress_lzss</name>
         <value>0x3873</value>
         <object_component_ref idref="oc-15"/>
      </symbol>
      <symbol id="sm-367">
         <name>atof</name>
         <value>0x3a85</value>
         <object_component_ref idref="oc-ea"/>
      </symbol>
      <symbol id="sm-37d">
         <name>atoi</name>
         <value>0x38dd</value>
         <object_component_ref idref="oc-170"/>
      </symbol>
      <symbol id="sm-388">
         <name>_ctypes_</name>
         <value>0x3c30</value>
         <object_component_ref idref="oc-1d2"/>
      </symbol>
      <symbol id="sm-3e8">
         <name>strtold</name>
         <value>0x23fd</value>
         <object_component_ref idref="oc-178"/>
      </symbol>
      <symbol id="sm-3e9">
         <name>strtod</name>
         <value>0x23fd</value>
         <object_component_ref idref="oc-178"/>
      </symbol>
      <symbol id="sm-459">
         <name>__kernel_rem_pio2</name>
         <value>0xa75</value>
         <object_component_ref idref="oc-195"/>
      </symbol>
      <symbol id="sm-46c">
         <name>__stack</name>
         <value>0x20000000</value>
         <object_component_ref idref="oc-24"/>
      </symbol>
      <symbol id="sm-46d">
         <name>_c_int00_noargs</name>
         <value>0x39ed</value>
         <object_component_ref idref="oc-59"/>
      </symbol>
      <symbol id="sm-483">
         <name>__aeabi_errno_addr</name>
         <value>0x3ac5</value>
         <object_component_ref idref="oc-1de"/>
      </symbol>
      <symbol id="sm-484">
         <name>errno</name>
         <value>0x20000200</value>
         <object_component_ref idref="oc-23b"/>
      </symbol>
      <symbol id="sm-49a">
         <name>__kernel_cos</name>
         <value>0x2e89</value>
         <object_component_ref idref="oc-18f"/>
      </symbol>
      <symbol id="sm-4b1">
         <name>__kernel_sin</name>
         <value>0x2d15</value>
         <object_component_ref idref="oc-19b"/>
      </symbol>
      <symbol id="sm-4ce">
         <name>floorl</name>
         <value>0x34a1</value>
         <object_component_ref idref="oc-186"/>
      </symbol>
      <symbol id="sm-4cf">
         <name>floor</name>
         <value>0x34a1</value>
         <object_component_ref idref="oc-186"/>
      </symbol>
      <symbol id="sm-4ec">
         <name>scalbn</name>
         <value>0x3295</value>
         <object_component_ref idref="oc-1e4"/>
      </symbol>
      <symbol id="sm-4ed">
         <name>scalbnl</name>
         <value>0x3295</value>
         <object_component_ref idref="oc-1e4"/>
      </symbol>
      <symbol id="sm-4ee">
         <name>ldexpl</name>
         <value>0x3295</value>
         <object_component_ref idref="oc-1e4"/>
      </symbol>
      <symbol id="sm-4ef">
         <name>ldexp</name>
         <value>0x3295</value>
         <object_component_ref idref="oc-1e4"/>
      </symbol>
      <symbol id="sm-503">
         <name>__aeabi_ddiv</name>
         <value>0x315d</value>
         <object_component_ref idref="oc-1d9"/>
      </symbol>
      <symbol id="sm-51e">
         <name>memcpy</name>
         <value>0x365d</value>
         <object_component_ref idref="oc-3b"/>
      </symbol>
      <symbol id="sm-51f">
         <name>__aeabi_memcpy</name>
         <value>0x365d</value>
         <object_component_ref idref="oc-3b"/>
      </symbol>
      <symbol id="sm-520">
         <name>__aeabi_memcpy8</name>
         <value>0x365d</value>
         <object_component_ref idref="oc-3b"/>
      </symbol>
      <symbol id="sm-521">
         <name>__aeabi_memcpy4</name>
         <value>0x365d</value>
         <object_component_ref idref="oc-3b"/>
      </symbol>
      <symbol id="sm-54a">
         <name>__TI_auto_init_nobinit_nopinit</name>
         <value>0x3971</value>
         <object_component_ref idref="oc-12f"/>
      </symbol>
      <symbol id="sm-554">
         <name>_system_pre_init</name>
         <value>0x3acd</value>
         <object_component_ref idref="oc-95"/>
      </symbol>
      <symbol id="sm-560">
         <name>C$$EXIT</name>
         <value>0x3ad1</value>
         <object_component_ref idref="oc-123"/>
      </symbol>
      <symbol id="sm-561">
         <name>abort</name>
         <value>0x3ad1</value>
         <object_component_ref idref="oc-123"/>
      </symbol>
      <symbol id="sm-56d">
         <name>copysign</name>
         <value>0x3a6b</value>
         <object_component_ref idref="oc-240"/>
      </symbol>
      <symbol id="sm-56e">
         <name>copysignl</name>
         <value>0x3a6b</value>
         <object_component_ref idref="oc-240"/>
      </symbol>
      <symbol id="sm-56f">
         <name>__TI_static_base__</name>
         <value>0x0</value>
      </symbol>
      <symbol id="sm-572">
         <name>__mpu_init</name>
         <value>0x0</value>
      </symbol>
      <symbol id="sm-573">
         <name>_system_post_cinit</name>
         <value>0x0</value>
      </symbol>
   </symbol_table>
   <title>Link successful</title>
</link_info>
