******************************************************************************
                  TI ARM Linker PC v20.2.7                     
******************************************************************************
>> Linked Tue Oct 29 18:00:41 2024

OUTPUT FILE NAME:   <Lab5.out>
ENTRY POINT SYMBOL: "_c_int00_noargs"  address: 00002ae9


MEMORY CONFIGURATION

         name            origin    length      used     unused   attr    fill
----------------------  --------  ---------  --------  --------  ----  --------
  FLASH                 00000000   00040000  00002d59  0003d2a7  R  X
  SRAM                  20000000   00008000  0000100c  00006ff4  RW X


SEGMENT ALLOCATION MAP

run origin  load origin   length   init length attrs members
----------  ----------- ---------- ----------- ----- -------
00000000    00000000    00002d60   00002d60    r-x
  00000000    00000000    0000026c   0000026c    r-- .intvecs
  0000026c    0000026c    000029d4   000029d4    r-x .text
  00002c40    00002c40    00000101   00000101    r-- .const
  00002d48    00002d48    00000018   00000018    r-- .cinit
20000000    20000000    0000100c   00000000    rw-
  20000000    20000000    00001000   00000000    rw- .stack
  20001000    20001000    0000000c   00000000    rw- .data


SECTION ALLOCATION MAP

 output                                  attributes/
section   page    origin      length       input sections
--------  ----  ----------  ----------   ----------------
.intvecs   0    00000000    0000026c     
                  00000000    0000026c     tm4c123gh6pm_startup_ccs.obj (.intvecs)

.text      0    0000026c    000029d4     
                  0000026c    00000a4e     rtsv7M4_T_le_v4SPD16_eabi.lib : _printfi.c.obj (.text:__TI_printfi)
                  00000cba    00000002                                   : div0.asm.obj (.text)
                  00000cbc    00000808     gpio.obj (.text)
                  000014c4    00000270     rtsv7M4_T_le_v4SPD16_eabi.lib : _printfi.c.obj (.text:_pconv_a)
                  00001734    00000220     MetalDetector.obj (.text)
                  00001954    000001d0     rtsv7M4_T_le_v4SPD16_eabi.lib : _printfi.c.obj (.text:_pconv_g)
                  00001b24    000001b6                                   : fd_add_t2.asm.obj (.text)
                  00001cda    00000002     --HOLE-- [fill = 0]
                  00001cdc    00000164     uart0.obj (.text)
                  00001e40    0000013c     rtsv7M4_T_le_v4SPD16_eabi.lib : _printfi.c.obj (.text:_pconv_e)
                  00001f7c    00000136                                   : fd_div_t2.asm.obj (.text)
                  000020b2    00000002     --HOLE-- [fill = 0]
                  000020b4    00000124                                   : _printfi.c.obj (.text:fcvt)
                  000021d8    00000110                                   : s_scalbn.c.obj (.text:scalbn)
                  000022e8    000000fc                                   : fd_mul_t2.asm.obj (.text)
                  000023e4    000000b1                                   : _printfi.c.obj (.text:_ltostr)
                  00002495    00000001     --HOLE-- [fill = 0]
                  00002496    0000009c                                   : memcpy_t2.asm.obj (.text)
                  00002532    00000096                                   : ull_div_t2.asm.obj (.text)
                  000025c8    00000086                                   : fd_cmp_t2.asm.obj (.text:__aeabi_cdcmple)
                  0000264e    00000086                                   : fd_cmp_t2.asm.obj (.text:__aeabi_cdrcmple)
                  000026d4    0000007a                                   : memset_t2.asm.obj (.text)
                  0000274e    0000006e                                   : _printfi.c.obj (.text:_mcpy)
                  000027bc    00000068                                   : copy_decompress_lzss.c.obj (.text:decompress:lzss:__TI_decompress_lzss)
                  00002824    00000064                                   : s_frexp.c.obj (.text:frexp)
                  00002888    00000056                                   : _printfi.c.obj (.text:_pconv_f)
                  000028de    00000054                                   : _ltoa.c.obj (.text:__TI_ltoa)
                  00002932    00000052                                   : _printfi.c.obj (.text:_ecpy)
                  00002984    0000004c                                   : atoi.c.obj (.text:atoi)
                  000029d0    0000004c                                   : snprintf.c.obj (.text:snprintf)
                  00002a1c    00000048                                   : fd_toi_t2.asm.obj (.text)
                  00002a64    00000044                                   : autoinit.c.obj (.text:__TI_auto_init_nobinit_nopinit:__TI_auto_init_nobinit_nopinit)
                  00002aa8    0000003e                                   : _printfi.c.obj (.text:_fcpy)
                  00002ae6    00000002     --HOLE-- [fill = 0]
                  00002ae8    00000034                                   : boot_cortex_m.c.obj (.text:_c_int00_noargs:_c_int00_noargs)
                  00002b1c    00000030                                   : snprintf.c.obj (.text:_outs)
                  00002b4c    0000002e                                   : i_tofd_t2.asm.obj (.text)
                  00002b7a    0000001c                                   : memccpy.c.obj (.text:memccpy)
                  00002b96    0000001a                                   : s_copysign.c.obj (.text:copysign)
                  00002bb0    00000018                                   : snprintf.c.obj (.text:_outc)
                  00002bc8    00000016                                   : strchr.c.obj (.text:strchr)
                  00002bde    00000014                                   : strlen.c.obj (.text:strlen)
                  00002bf2    00000012                                   : wcslen.c.obj (.text:wcslen)
                  00002c04    00000010     clock.obj (.text)
                  00002c14    0000000e     rtsv7M4_T_le_v4SPD16_eabi.lib : copy_decompress_none.c.obj (.text:decompress:none:__TI_decompress_none)
                  00002c22    0000000c     tm4c123gh6pm_startup_ccs.obj (.text)
                  00002c2e    00000002     --HOLE-- [fill = 0]
                  00002c30    00000008     rtsv7M4_T_le_v4SPD16_eabi.lib : errno.c.obj (.text:__aeabi_errno_addr)
                  00002c38    00000004                                   : pre_init.c.obj (.text:_system_pre_init)
                  00002c3c    00000004                                   : exit.c.obj (.text:abort:abort)

.const     0    00002c40    00000101     
                  00002c40    00000101     rtsv7M4_T_le_v4SPD16_eabi.lib : ctype.c.obj (.const:.string:_ctypes_)

.cinit     0    00002d48    00000018     
                  00002d48    00000008     (__TI_handler_table)
                  00002d50    00000007     (.cinit..data.load) [load image, compression = lzss]
                  00002d57    00000001     --HOLE-- [fill = 0]
                  00002d58    00000008     (__TI_cinit_table)

.init_array 
*          0    00000000    00000000     UNINITIALIZED

.data      0    20001000    0000000c     UNINITIALIZED
                  20001000    00000005     MetalDetector.obj (.data)
                  20001005    00000003     --HOLE--
                  20001008    00000004     rtsv7M4_T_le_v4SPD16_eabi.lib : errno.c.obj (.data)

.stack     0    20000000    00001000     UNINITIALIZED
                  20000000    00000004     rtsv7M4_T_le_v4SPD16_eabi.lib : boot_cortex_m.c.obj (.stack)
                  20000004    00000ffc     --HOLE--

__llvm_prf_cnts 
*          0    20000000    00000000     UNINITIALIZED

MODULE SUMMARY

       Module                         code    ro data   rw data
       ------                         ----    -------   -------
    .\
       gpio.obj                       2056    0         0      
       tm4c123gh6pm_startup_ccs.obj   12      620       0      
       MetalDetector.obj              544     0         5      
       uart0.obj                      356     0         0      
       clock.obj                      16      0         0      
    +--+------------------------------+-------+---------+---------+
       Total:                         2984    620       5      
                                                               
    C:\Users\jenni\ccs\tools\compiler\ti-cgt-arm_20.2.7.LTS\lib\rtsv7M4_T_le_v4SPD16_eabi.lib
       _printfi.c.obj                 4851    0         0      
       fd_add_t2.asm.obj              438     0         0      
       fd_div_t2.asm.obj              310     0         0      
       s_scalbn.c.obj                 272     0         0      
       fd_cmp_t2.asm.obj              268     0         0      
       ctype.c.obj                    0       257       0      
       fd_mul_t2.asm.obj              252     0         0      
       memcpy_t2.asm.obj              156     0         0      
       ull_div_t2.asm.obj             150     0         0      
       snprintf.c.obj                 148     0         0      
       memset_t2.asm.obj              122     0         0      
       copy_decompress_lzss.c.obj     104     0         0      
       s_frexp.c.obj                  100     0         0      
       _ltoa.c.obj                    84      0         0      
       atoi.c.obj                     76      0         0      
       fd_toi_t2.asm.obj              72      0         0      
       autoinit.c.obj                 68      0         0      
       boot_cortex_m.c.obj            52      0         0      
       i_tofd_t2.asm.obj              46      0         0      
       memccpy.c.obj                  28      0         0      
       s_copysign.c.obj               26      0         0      
       strchr.c.obj                   22      0         0      
       strlen.c.obj                   20      0         0      
       wcslen.c.obj                   18      0         0      
       copy_decompress_none.c.obj     14      0         0      
       errno.c.obj                    8       0         4      
       exit.c.obj                     4       0         0      
       pre_init.c.obj                 4       0         0      
       div0.asm.obj                   2       0         0      
    +--+------------------------------+-------+---------+---------+
       Total:                         7715    257       4      
                                                               
       Stack:                         0       0         4096   
       Linker Generated:              0       23        0      
    +--+------------------------------+-------+---------+---------+
       Grand Total:                   10699   900       4105   


LINKER GENERATED COPY TABLES

__TI_cinit_table @ 00002d58 records: 1, size/record: 8, table size: 8
	.data: load addr=00002d50, load size=00000007 bytes, run addr=20001000, run size=0000000c bytes, compression=lzss


LINKER GENERATED HANDLER TABLE

__TI_handler_table @ 00002d48 records: 2, size/record: 4, table size: 8
	index: 0, handler: __TI_decompress_lzss
	index: 1, handler: __TI_decompress_none


GLOBAL SYMBOLS: SORTED ALPHABETICALLY BY Name 

address   name                          
-------   ----                          
00002c3d  C$$EXIT                       
00002c23  ResetISR                      
20001000  __STACK_END                   
00001000  __STACK_SIZE                  
20000200  __STACK_TOP                   
00002d58  __TI_CINIT_Base               
00002d60  __TI_CINIT_Limit              
00002d48  __TI_Handler_Table_Base       
00002d50  __TI_Handler_Table_Limit      
00002a65  __TI_auto_init_nobinit_nopinit
000027bd  __TI_decompress_lzss          
00002c15  __TI_decompress_none          
000028df  __TI_ltoa                     
ffffffff  __TI_pprof_out_hndl           
0000026d  __TI_printfi                  
ffffffff  __TI_prof_data_size           
ffffffff  __TI_prof_data_start          
00000000  __TI_static_base__            
000025c9  __aeabi_cdcmpeq               
000025c9  __aeabi_cdcmple               
0000264f  __aeabi_cdrcmple              
00002a1d  __aeabi_d2iz                  
00001b2f  __aeabi_dadd                  
00001f7d  __aeabi_ddiv                  
000022e9  __aeabi_dmul                  
00001b25  __aeabi_dsub                  
00002c31  __aeabi_errno_addr            
00002b4d  __aeabi_i2d                   
00000cbb  __aeabi_idiv0                 
00000cbb  __aeabi_ldiv0                 
000026d5  __aeabi_memclr                
000026d5  __aeabi_memclr4               
000026d5  __aeabi_memclr8               
00002497  __aeabi_memcpy                
00002497  __aeabi_memcpy4               
00002497  __aeabi_memcpy8               
000026d7  __aeabi_memset                
000026d7  __aeabi_memset4               
000026d7  __aeabi_memset8               
00002533  __aeabi_uldivmod              
ffffffff  __binit__                     
ffffffff  __c_args__                    
UNDEFED   __mpu_init                    
20000000  __stack                       
20000000  __start___llvm_prf_cnts       
20000000  __stop___llvm_prf_cnts        
00002ae9  _c_int00_noargs               
00002c40  _ctypes_                      
UNDEFED   _system_post_cinit            
00002c39  _system_pre_init              
00002c3d  abort                         
00002985  atoi                          
ffffffff  binit                         
00001311  clearPinInterrupt             
00001801  compISR                       
00002b97  copysign                      
00002b97  copysignl                     
000012ed  disablePinInterrupt           
00001025  disablePinPulldown            
00000fdd  disablePinPullup              
00000d79  disablePort                   
000012c9  enablePinInterrupt            
00001001  enablePinPulldown             
00000faf  enablePinPullup               
00000cbd  enablePort                    
20001008  errno                         
00002825  frexp                         
00002825  frexpl                        
00000000  g_pfnVectors                  
0000137f  getPinValue                   
00001435  getPortValue                  
00001ddd  getcUart0                     
00001735  initHw                        
00002c05  initSystemClockTo40Mhz        
00001cdd  initUart0                     
00001df1  kbhitUart0                    
000021d9  ldexp                         
000021d9  ldexpl                        
00001803  main                          
00002b7b  memccpy                       
00002497  memcpy                        
000026dd  memset                        
00001d95  putcUart0                     
00001db1  putsUart0                     
20001004  ready                         
000021d9  scalbn                        
000021d9  scalbnl                       
00000ee3  selectPinAnalogInput          
00000e95  selectPinDigitalInput         
000011ff  selectPinInterruptBothEdges   
000011af  selectPinInterruptFallingEdge 
00001255  selectPinInterruptHighLevel   
0000128f  selectPinInterruptLowLevel    
0000115f  selectPinInterruptRisingEdge  
00000e47  selectPinOpenDrainOutput      
00000df9  selectPinPushPullOutput       
0000104d  setPinAuxFunction             
00000f33  setPinCommitControl           
00001335  setPinValue                   
000013bd  setPortValue                  
00001d51  setUart0BaudRate              
000029d1  snprintf                      
00002bc9  strchr                        
00002bdf  strlen                        
20001000  ticks                         
0000135b  togglePinValue                
000017ff  wTimer1ISR                    
000017e3  wTimer2ISR                    
00002bf3  wcslen                        


GLOBAL SYMBOLS: SORTED BY Symbol Address 

address   name                          
-------   ----                          
00000000  __TI_static_base__            
00000000  g_pfnVectors                  
0000026d  __TI_printfi                  
00000cbb  __aeabi_idiv0                 
00000cbb  __aeabi_ldiv0                 
00000cbd  enablePort                    
00000d79  disablePort                   
00000df9  selectPinPushPullOutput       
00000e47  selectPinOpenDrainOutput      
00000e95  selectPinDigitalInput         
00000ee3  selectPinAnalogInput          
00000f33  setPinCommitControl           
00000faf  enablePinPullup               
00000fdd  disablePinPullup              
00001000  __STACK_SIZE                  
00001001  enablePinPulldown             
00001025  disablePinPulldown            
0000104d  setPinAuxFunction             
0000115f  selectPinInterruptRisingEdge  
000011af  selectPinInterruptFallingEdge 
000011ff  selectPinInterruptBothEdges   
00001255  selectPinInterruptHighLevel   
0000128f  selectPinInterruptLowLevel    
000012c9  enablePinInterrupt            
000012ed  disablePinInterrupt           
00001311  clearPinInterrupt             
00001335  setPinValue                   
0000135b  togglePinValue                
0000137f  getPinValue                   
000013bd  setPortValue                  
00001435  getPortValue                  
00001735  initHw                        
000017e3  wTimer2ISR                    
000017ff  wTimer1ISR                    
00001801  compISR                       
00001803  main                          
00001b25  __aeabi_dsub                  
00001b2f  __aeabi_dadd                  
00001cdd  initUart0                     
00001d51  setUart0BaudRate              
00001d95  putcUart0                     
00001db1  putsUart0                     
00001ddd  getcUart0                     
00001df1  kbhitUart0                    
00001f7d  __aeabi_ddiv                  
000021d9  ldexp                         
000021d9  ldexpl                        
000021d9  scalbn                        
000021d9  scalbnl                       
000022e9  __aeabi_dmul                  
00002497  __aeabi_memcpy                
00002497  __aeabi_memcpy4               
00002497  __aeabi_memcpy8               
00002497  memcpy                        
00002533  __aeabi_uldivmod              
000025c9  __aeabi_cdcmpeq               
000025c9  __aeabi_cdcmple               
0000264f  __aeabi_cdrcmple              
000026d5  __aeabi_memclr                
000026d5  __aeabi_memclr4               
000026d5  __aeabi_memclr8               
000026d7  __aeabi_memset                
000026d7  __aeabi_memset4               
000026d7  __aeabi_memset8               
000026dd  memset                        
000027bd  __TI_decompress_lzss          
00002825  frexp                         
00002825  frexpl                        
000028df  __TI_ltoa                     
00002985  atoi                          
000029d1  snprintf                      
00002a1d  __aeabi_d2iz                  
00002a65  __TI_auto_init_nobinit_nopinit
00002ae9  _c_int00_noargs               
00002b4d  __aeabi_i2d                   
00002b7b  memccpy                       
00002b97  copysign                      
00002b97  copysignl                     
00002bc9  strchr                        
00002bdf  strlen                        
00002bf3  wcslen                        
00002c05  initSystemClockTo40Mhz        
00002c15  __TI_decompress_none          
00002c23  ResetISR                      
00002c31  __aeabi_errno_addr            
00002c39  _system_pre_init              
00002c3d  C$$EXIT                       
00002c3d  abort                         
00002c40  _ctypes_                      
00002d48  __TI_Handler_Table_Base       
00002d50  __TI_Handler_Table_Limit      
00002d58  __TI_CINIT_Base               
00002d60  __TI_CINIT_Limit              
20000000  __stack                       
20000000  __start___llvm_prf_cnts       
20000000  __stop___llvm_prf_cnts        
20000200  __STACK_TOP                   
20001000  __STACK_END                   
20001000  ticks                         
20001004  ready                         
20001008  errno                         
ffffffff  __TI_pprof_out_hndl           
ffffffff  __TI_prof_data_size           
ffffffff  __TI_prof_data_start          
ffffffff  __binit__                     
ffffffff  __c_args__                    
ffffffff  binit                         
UNDEFED   __mpu_init                    
UNDEFED   _system_post_cinit            

[109 symbols]
