******************************************************************************
                  TI ARM Linker PC v20.2.7                     
******************************************************************************
>> Linked Tue Nov 26 13:49:36 2024

OUTPUT FILE NAME:   <Lab8_.out>
ENTRY POINT SYMBOL: "_c_int00_noargs"  address: 00004a69


MEMORY CONFIGURATION

         name            origin    length      used     unused   attr    fill
----------------------  --------  ---------  --------  --------  ----  --------
  FLASH                 00000000   00040000  00004e51  0003b1af  R  X
  SRAM                  20000000   00008000  00001828  000067d8  RW X


SEGMENT ALLOCATION MAP

run origin  load origin   length   init length attrs members
----------  ----------- ---------- ----------- ----- -------
00000000    00000000    00004e5c   00004e5c    r-x
  00000000    00000000    0000026c   0000026c    r-- .intvecs
  0000026c    0000026c    00004970   00004970    r-x .text
  00004be0    00004be0    00000259   00000259    r-- .const
  00004e40    00004e40    0000001c   0000001c    r-- .cinit
20000000    20000000    00001828   00000000    rw-
  20000000    20000000    00001000   00000000    rw- .stack
  20001000    20001000    00000828   00000000    rw- .data


SECTION ALLOCATION MAP

 output                                  attributes/
section   page    origin      length       input sections
--------  ----  ----------  ----------   ----------------
.intvecs   0    00000000    0000026c     
                  00000000    0000026c     tm4c123gh6pm_startup_ccs.obj (.intvecs)

.text      0    0000026c    00004970     
                  0000026c    00000af8     uart0.obj (.text)
                  00000d64    00000a4e     rtsv7M4_T_le_v4SPD16_eabi.lib : _printfi.c.obj (.text:__TI_printfi)
                  000017b2    00000002                                   : div0.asm.obj (.text)
                  000017b4    00000808     gpio.obj (.text)
                  00001fbc    00000738     rtsv7M4_T_le_v4SPD16_eabi.lib : k_rem_pio2.c.obj (.text:__kernel_rem_pio2)
                  000026f4    000005e0                                   : s_sin.c.obj (.text:sin)
                  00002cd4    00000514     main.obj (.text)
                  000031e8    00000270     rtsv7M4_T_le_v4SPD16_eabi.lib : _printfi.c.obj (.text:_pconv_a)
                  00003458    000001d0                                   : _printfi.c.obj (.text:_pconv_g)
                  00003628    000001b6                                   : fd_add_t2.asm.obj (.text)
                  000037de    00000002     --HOLE-- [fill = 0]
                  000037e0    00000174                                   : k_sin.c.obj (.text:__kernel_sin)
                  00003954    00000170                                   : k_cos.c.obj (.text:__kernel_cos)
                  00003ac4    0000015c     uart1.obj (.text)
                  00003c20    0000013c     rtsv7M4_T_le_v4SPD16_eabi.lib : _printfi.c.obj (.text:_pconv_e)
                  00003d5c    00000136                                   : fd_div_t2.asm.obj (.text)
                  00003e92    00000002     --HOLE-- [fill = 0]
                  00003e94    00000124                                   : _printfi.c.obj (.text:fcvt)
                  00003fb8    00000110                                   : s_scalbn.c.obj (.text:scalbn)
                  000040c8    000000fc                                   : fd_mul_t2.asm.obj (.text)
                  000041c4    000000f8                                   : s_floor.c.obj (.text:floor)
                  000042bc    000000b1                                   : _printfi.c.obj (.text:_ltostr)
                  0000436d    00000001     --HOLE-- [fill = 0]
                  0000436e    0000009c                                   : memcpy_t2.asm.obj (.text)
                  0000440a    00000096                                   : ull_div_t2.asm.obj (.text)
                  000044a0    00000086                                   : fd_cmp_t2.asm.obj (.text:__aeabi_cdcmple)
                  00004526    00000086                                   : fd_cmp_t2.asm.obj (.text:__aeabi_cdrcmple)
                  000045ac    0000007a                                   : memset_t2.asm.obj (.text)
                  00004626    0000006e                                   : _printfi.c.obj (.text:_mcpy)
                  00004694    0000006e                                   : fd_tos_t2.asm.obj (.text)
                  00004702    00000068                                   : copy_decompress_lzss.c.obj (.text:decompress:lzss:__TI_decompress_lzss)
                  0000476a    00000002     --HOLE-- [fill = 0]
                  0000476c    00000064                                   : s_frexp.c.obj (.text:frexp)
                  000047d0    00000056                                   : _printfi.c.obj (.text:_pconv_f)
                  00004826    00000054                                   : _ltoa.c.obj (.text:__TI_ltoa)
                  0000487a    00000052                                   : _printfi.c.obj (.text:_ecpy)
                  000048cc    0000004c                                   : atoi.c.obj (.text:atoi)
                  00004918    0000004c                                   : snprintf.c.obj (.text:snprintf)
                  00004964    00000048                                   : fd_toi_t2.asm.obj (.text)
                  000049ac    00000044                                   : autoinit.c.obj (.text:__TI_auto_init_nobinit_nopinit:__TI_auto_init_nobinit_nopinit)
                  000049f0    0000003e                                   : _printfi.c.obj (.text:_fcpy)
                  00004a2e    00000038                                   : fs_tod_t2.asm.obj (.text)
                  00004a66    00000002     --HOLE-- [fill = 0]
                  00004a68    00000034                                   : boot_cortex_m.c.obj (.text:_c_int00_noargs:_c_int00_noargs)
                  00004a9c    00000030                                   : snprintf.c.obj (.text:_outs)
                  00004acc    0000002e                                   : i_tofd_t2.asm.obj (.text)
                  00004afa    0000001c                                   : memccpy.c.obj (.text:memccpy)
                  00004b16    0000001c     wait.obj (.text)
                  00004b32    0000001a     rtsv7M4_T_le_v4SPD16_eabi.lib : s_copysign.c.obj (.text:copysign)
                  00004b4c    00000018                                   : snprintf.c.obj (.text:_outc)
                  00004b64    00000016                                   : strchr.c.obj (.text:strchr)
                  00004b7a    00000014                                   : strlen.c.obj (.text:strlen)
                  00004b8e    00000012                                   : wcslen.c.obj (.text:wcslen)
                  00004ba0    00000010     clock.obj (.text)
                  00004bb0    0000000e     rtsv7M4_T_le_v4SPD16_eabi.lib : copy_decompress_none.c.obj (.text:decompress:none:__TI_decompress_none)
                  00004bbe    0000000c     tm4c123gh6pm_startup_ccs.obj (.text)
                  00004bca    00000002     --HOLE-- [fill = 0]
                  00004bcc    00000008     rtsv7M4_T_le_v4SPD16_eabi.lib : errno.c.obj (.text:__aeabi_errno_addr)
                  00004bd4    00000004                                   : pre_init.c.obj (.text:_system_pre_init)
                  00004bd8    00000004                                   : exit.c.obj (.text:abort:abort)

.const     0    00004be0    00000259     
                  00004be0    00000158     rtsv7M4_T_le_v4SPD16_eabi.lib : k_rem_pio2.c.obj (.const:$O1$$)
                  00004d38    00000101                                   : ctype.c.obj (.const:.string:_ctypes_)

.cinit     0    00004e40    0000001c     
                  00004e40    00000009     (.cinit..data.load) [load image, compression = lzss]
                  00004e49    00000003     --HOLE-- [fill = 0]
                  00004e4c    00000008     (__TI_handler_table)
                  00004e54    00000008     (__TI_cinit_table)

.init_array 
*          0    00000000    00000000     UNINITIALIZED

.data      0    20001000    00000828     UNINITIALIZED
                  20001000    00000820     main.obj (.data:lidar_data)
                  20001820    00000004     main.obj (.data)
                  20001824    00000004     rtsv7M4_T_le_v4SPD16_eabi.lib : errno.c.obj (.data)

.stack     0    20000000    00001000     UNINITIALIZED
                  20000000    00000004     rtsv7M4_T_le_v4SPD16_eabi.lib : boot_cortex_m.c.obj (.stack)
                  20000004    00000ffc     --HOLE--

__llvm_prf_cnts 
*          0    20000000    00000000     UNINITIALIZED

MODULE SUMMARY

       Module                         code    ro data   rw data
       ------                         ----    -------   -------
    .\
       main.obj                       1300    0         2084   
       uart0.obj                      2808    0         0      
       gpio.obj                       2056    0         0      
       tm4c123gh6pm_startup_ccs.obj   12      620       0      
       uart1.obj                      348     0         0      
       wait.obj                       28      0         0      
       clock.obj                      16      0         0      
    +--+------------------------------+-------+---------+---------+
       Total:                         6568    620       2084   
                                                               
    C:\ti\ccs1240\ccs\tools\compiler\ti-cgt-arm_20.2.7.LTS\lib\rtsv7M4_T_le_v4SPD16_eabi.lib
       _printfi.c.obj                 4851    0         0      
       k_rem_pio2.c.obj               1848    344       0      
       s_sin.c.obj                    1504    0         0      
       fd_add_t2.asm.obj              438     0         0      
       k_sin.c.obj                    372     0         0      
       k_cos.c.obj                    368     0         0      
       fd_div_t2.asm.obj              310     0         0      
       s_scalbn.c.obj                 272     0         0      
       fd_cmp_t2.asm.obj              268     0         0      
       ctype.c.obj                    0       257       0      
       fd_mul_t2.asm.obj              252     0         0      
       s_floor.c.obj                  248     0         0      
       memcpy_t2.asm.obj              156     0         0      
       ull_div_t2.asm.obj             150     0         0      
       snprintf.c.obj                 148     0         0      
       memset_t2.asm.obj              122     0         0      
       fd_tos_t2.asm.obj              110     0         0      
       copy_decompress_lzss.c.obj     104     0         0      
       s_frexp.c.obj                  100     0         0      
       _ltoa.c.obj                    84      0         0      
       atoi.c.obj                     76      0         0      
       fd_toi_t2.asm.obj              72      0         0      
       autoinit.c.obj                 68      0         0      
       fs_tod_t2.asm.obj              56      0         0      
       boot_cortex_m.c.obj            52      0         0      
       i_tofd_t2.asm.obj              46      0         0      
       memccpy.c.obj                  28      0         0      
       s_copysign.c.obj               26      0         0      
       strchr.c.obj                   22      0         0      
       strlen.c.obj                   20      0         0      
       wcslen.c.obj                   18      0         0      
       copy_decompress_none.c.obj     14      0         0      
       errno.c.obj                    8       0         4      
       exit.c.obj                     4       0         0      
       pre_init.c.obj                 4       0         0      
       div0.asm.obj                   2       0         0      
    +--+------------------------------+-------+---------+---------+
       Total:                         12221   601       4      
                                                               
       Stack:                         0       0         4096   
       Linker Generated:              0       25        0      
    +--+------------------------------+-------+---------+---------+
       Grand Total:                   18789   1246      6184   


LINKER GENERATED COPY TABLES

__TI_cinit_table @ 00004e54 records: 1, size/record: 8, table size: 8
	.data: load addr=00004e40, load size=00000009 bytes, run addr=20001000, run size=00000828 bytes, compression=lzss


LINKER GENERATED HANDLER TABLE

__TI_handler_table @ 00004e4c records: 2, size/record: 4, table size: 8
	index: 0, handler: __TI_decompress_lzss
	index: 1, handler: __TI_decompress_none


GLOBAL SYMBOLS: SORTED ALPHABETICALLY BY Name 

address   name                          
-------   ----                          
00004bd9  C$$EXIT                       
00004bbf  ResetISR                      
20001000  __STACK_END                   
00001000  __STACK_SIZE                  
20000200  __STACK_TOP                   
00004e54  __TI_CINIT_Base               
00004e5c  __TI_CINIT_Limit              
00004e4c  __TI_Handler_Table_Base       
00004e54  __TI_Handler_Table_Limit      
000049ad  __TI_auto_init_nobinit_nopinit
00004703  __TI_decompress_lzss          
00004bb1  __TI_decompress_none          
00004827  __TI_ltoa                     
ffffffff  __TI_pprof_out_hndl           
00000d65  __TI_printfi                  
ffffffff  __TI_prof_data_size           
ffffffff  __TI_prof_data_start          
00000000  __TI_static_base__            
000044a1  __aeabi_cdcmpeq               
000044a1  __aeabi_cdcmple               
00004527  __aeabi_cdrcmple              
00004695  __aeabi_d2f                   
00004965  __aeabi_d2iz                  
00003633  __aeabi_dadd                  
00003d5d  __aeabi_ddiv                  
000040c9  __aeabi_dmul                  
00003629  __aeabi_dsub                  
00004bcd  __aeabi_errno_addr            
00004a2f  __aeabi_f2d                   
00004acd  __aeabi_i2d                   
000017b3  __aeabi_idiv0                 
000017b3  __aeabi_ldiv0                 
000045ad  __aeabi_memclr                
000045ad  __aeabi_memclr4               
000045ad  __aeabi_memclr8               
0000436f  __aeabi_memcpy                
0000436f  __aeabi_memcpy4               
0000436f  __aeabi_memcpy8               
000045af  __aeabi_memset                
000045af  __aeabi_memset4               
000045af  __aeabi_memset8               
0000440b  __aeabi_uldivmod              
ffffffff  __binit__                     
ffffffff  __c_args__                    
00003955  __kernel_cos                  
00001fbd  __kernel_rem_pio2             
000037e1  __kernel_sin                  
UNDEFED   __mpu_init                    
20000000  __stack                       
20000000  __start___llvm_prf_cnts       
20000000  __stop___llvm_prf_cnts        
00004a69  _c_int00_noargs               
00004d38  _ctypes_                      
UNDEFED   _system_post_cinit            
00004bd5  _system_pre_init              
00004bd9  abort                         
000048cd  atoi                          
ffffffff  binit                         
00001e09  clearPinInterrupt             
00004b33  copysign                      
00004b33  copysignl                     
20001823  count                         
00001de5  disablePinInterrupt           
00001b1d  disablePinPulldown            
00001ad5  disablePinPullup              
00001871  disablePort                   
000008db  display                       
00001dc1  enablePinInterrupt            
00001af9  enablePinPulldown             
00001aa7  enablePinPullup               
000017b5  enablePort                    
20001821  endScan                       
20001824  errno                         
000041c5  floor                         
000041c5  floorl                        
0000476d  frexp                         
0000476d  frexpl                        
00000000  g_pfnVectors                  
00003bc9  getBytesUart1                 
00000601  getFieldInteger               
000005d1  getFieldString                
00001e77  getPinValue                   
00001f2d  getPortValue                  
00000343  getcUart0                     
00003b9b  getcUart1                     
000003a9  getsUart0                     
00002cd5  initHw                        
00004ba1  initSystemClockTo40Mhz        
0000026d  initUart0                     
00003ac5  initUart1                     
0000072f  isCommand                     
000007c1  itos                          
00000357  kbhitUart0                    
00003baf  kbhitUart1                    
00003fb9  ldexp                         
00003fb9  ldexpl                        
20001000  lidar_data                    
00002f25  main                          
00004afb  memccpy                       
0000436f  memcpy                        
000045b5  memset                        
00000439  parseFields                   
00000acb  printMem                      
00000bf7  printMtx                      
00000947  printPS                       
00000b3f  printSem                      
000002fb  putcUart0                     
00003b53  putcUart1                     
0000091d  putsPidKilled                 
00000317  putsUart0                     
00003b6f  putsUart1                     
00003fb9  scalbn                        
00003fb9  scalbnl                       
00002e31  scan                          
000019db  selectPinAnalogInput          
0000198d  selectPinDigitalInput         
00001cf7  selectPinInterruptBothEdges   
00001ca7  selectPinInterruptFallingEdge 
00001d4d  selectPinInterruptHighLevel   
00001d87  selectPinInterruptLowLevel    
00001c57  selectPinInterruptRisingEdge  
0000193f  selectPinOpenDrainOutput      
000018f1  selectPinPushPullOutput       
00001b45  setPinAuxFunction             
00001a2b  setPinCommitControl           
00001e2d  setPinValue                   
00001eb5  setPortValue                  
000002b7  setUart0BaudRate              
00003b0f  setUart1BaudRate              
000026f5  sin                           
000026f5  sinl                          
00004919  snprintf                      
20001820  start                         
00002d55  stop_info                     
00004b65  strchr                        
00000371  strgcmp                       
00000897  strgcopy                      
00004b7b  strlen                        
00001e53  togglePinValue                
20001822  valid                         
00004b17  waitMicrosecond               
00004b8f  wcslen                        


GLOBAL SYMBOLS: SORTED BY Symbol Address 

address   name                          
-------   ----                          
00000000  __TI_static_base__            
00000000  g_pfnVectors                  
0000026d  initUart0                     
000002b7  setUart0BaudRate              
000002fb  putcUart0                     
00000317  putsUart0                     
00000343  getcUart0                     
00000357  kbhitUart0                    
00000371  strgcmp                       
000003a9  getsUart0                     
00000439  parseFields                   
000005d1  getFieldString                
00000601  getFieldInteger               
0000072f  isCommand                     
000007c1  itos                          
00000897  strgcopy                      
000008db  display                       
0000091d  putsPidKilled                 
00000947  printPS                       
00000acb  printMem                      
00000b3f  printSem                      
00000bf7  printMtx                      
00000d65  __TI_printfi                  
00001000  __STACK_SIZE                  
000017b3  __aeabi_idiv0                 
000017b3  __aeabi_ldiv0                 
000017b5  enablePort                    
00001871  disablePort                   
000018f1  selectPinPushPullOutput       
0000193f  selectPinOpenDrainOutput      
0000198d  selectPinDigitalInput         
000019db  selectPinAnalogInput          
00001a2b  setPinCommitControl           
00001aa7  enablePinPullup               
00001ad5  disablePinPullup              
00001af9  enablePinPulldown             
00001b1d  disablePinPulldown            
00001b45  setPinAuxFunction             
00001c57  selectPinInterruptRisingEdge  
00001ca7  selectPinInterruptFallingEdge 
00001cf7  selectPinInterruptBothEdges   
00001d4d  selectPinInterruptHighLevel   
00001d87  selectPinInterruptLowLevel    
00001dc1  enablePinInterrupt            
00001de5  disablePinInterrupt           
00001e09  clearPinInterrupt             
00001e2d  setPinValue                   
00001e53  togglePinValue                
00001e77  getPinValue                   
00001eb5  setPortValue                  
00001f2d  getPortValue                  
00001fbd  __kernel_rem_pio2             
000026f5  sin                           
000026f5  sinl                          
00002cd5  initHw                        
00002d55  stop_info                     
00002e31  scan                          
00002f25  main                          
00003629  __aeabi_dsub                  
00003633  __aeabi_dadd                  
000037e1  __kernel_sin                  
00003955  __kernel_cos                  
00003ac5  initUart1                     
00003b0f  setUart1BaudRate              
00003b53  putcUart1                     
00003b6f  putsUart1                     
00003b9b  getcUart1                     
00003baf  kbhitUart1                    
00003bc9  getBytesUart1                 
00003d5d  __aeabi_ddiv                  
00003fb9  ldexp                         
00003fb9  ldexpl                        
00003fb9  scalbn                        
00003fb9  scalbnl                       
000040c9  __aeabi_dmul                  
000041c5  floor                         
000041c5  floorl                        
0000436f  __aeabi_memcpy                
0000436f  __aeabi_memcpy4               
0000436f  __aeabi_memcpy8               
0000436f  memcpy                        
0000440b  __aeabi_uldivmod              
000044a1  __aeabi_cdcmpeq               
000044a1  __aeabi_cdcmple               
00004527  __aeabi_cdrcmple              
000045ad  __aeabi_memclr                
000045ad  __aeabi_memclr4               
000045ad  __aeabi_memclr8               
000045af  __aeabi_memset                
000045af  __aeabi_memset4               
000045af  __aeabi_memset8               
000045b5  memset                        
00004695  __aeabi_d2f                   
00004703  __TI_decompress_lzss          
0000476d  frexp                         
0000476d  frexpl                        
00004827  __TI_ltoa                     
000048cd  atoi                          
00004919  snprintf                      
00004965  __aeabi_d2iz                  
000049ad  __TI_auto_init_nobinit_nopinit
00004a2f  __aeabi_f2d                   
00004a69  _c_int00_noargs               
00004acd  __aeabi_i2d                   
00004afb  memccpy                       
00004b17  waitMicrosecond               
00004b33  copysign                      
00004b33  copysignl                     
00004b65  strchr                        
00004b7b  strlen                        
00004b8f  wcslen                        
00004ba1  initSystemClockTo40Mhz        
00004bb1  __TI_decompress_none          
00004bbf  ResetISR                      
00004bcd  __aeabi_errno_addr            
00004bd5  _system_pre_init              
00004bd9  C$$EXIT                       
00004bd9  abort                         
00004d38  _ctypes_                      
00004e4c  __TI_Handler_Table_Base       
00004e54  __TI_CINIT_Base               
00004e54  __TI_Handler_Table_Limit      
00004e5c  __TI_CINIT_Limit              
20000000  __stack                       
20000000  __start___llvm_prf_cnts       
20000000  __stop___llvm_prf_cnts        
20000200  __STACK_TOP                   
20001000  __STACK_END                   
20001000  lidar_data                    
20001820  start                         
20001821  endScan                       
20001822  valid                         
20001823  count                         
20001824  errno                         
ffffffff  __TI_pprof_out_hndl           
ffffffff  __TI_prof_data_size           
ffffffff  __TI_prof_data_start          
ffffffff  __binit__                     
ffffffff  __c_args__                    
ffffffff  binit                         
UNDEFED   __mpu_init                    
UNDEFED   _system_post_cinit            

[142 symbols]
