<?xml version="1.0" encoding="ISO-8859-1" ?>
<link_info>
   <banner>TI ARM Linker PC v20.2.7.LTS</banner>
   <copyright>Copyright (c) 1996-2018 Texas Instruments Incorporated</copyright>
   <link_time>0x67462650</link_time>
   <link_errors>0x0</link_errors>
   <output_file>Lab8_.out</output_file>
   <entry_point>
      <name>_c_int00_noargs</name>
      <address>0x4a69</address>
   </entry_point>
   <input_file_list>
      <input_file id="fl-2">
         <path>.\</path>
         <kind>object</kind>
         <file>clock.obj</file>
         <name>clock.obj</name>
      </input_file>
      <input_file id="fl-3">
         <path>.\</path>
         <kind>object</kind>
         <file>gpio.obj</file>
         <name>gpio.obj</name>
      </input_file>
      <input_file id="fl-4">
         <path>.\</path>
         <kind>object</kind>
         <file>main.obj</file>
         <name>main.obj</name>
      </input_file>
      <input_file id="fl-5">
         <path>.\</path>
         <kind>object</kind>
         <file>tm4c123gh6pm_startup_ccs.obj</file>
         <name>tm4c123gh6pm_startup_ccs.obj</name>
      </input_file>
      <input_file id="fl-6">
         <path>.\</path>
         <kind>object</kind>
         <file>uart0.obj</file>
         <name>uart0.obj</name>
      </input_file>
      <input_file id="fl-7">
         <path>.\</path>
         <kind>object</kind>
         <file>uart1.obj</file>
         <name>uart1.obj</name>
      </input_file>
      <input_file id="fl-8">
         <path>.\</path>
         <kind>object</kind>
         <file>wait.obj</file>
         <name>wait.obj</name>
      </input_file>
      <input_file id="fl-c">
         <kind>object</kind>
         <file>&lt;internal&gt;</file>
         <name>&lt;internal&gt;</name>
      </input_file>
      <input_file id="fl-c2">
         <path>C:\ti\ccs1240\ccs\tools\compiler\ti-cgt-arm_20.2.7.LTS\lib\</path>
         <kind>archive</kind>
         <file>rtsv7M4_T_le_v4SPD16_eabi.lib</file>
         <name>s_sin.c.obj</name>
      </input_file>
      <input_file id="fl-c3">
         <path>C:\ti\ccs1240\ccs\tools\compiler\ti-cgt-arm_20.2.7.LTS\lib\</path>
         <kind>archive</kind>
         <file>rtsv7M4_T_le_v4SPD16_eabi.lib</file>
         <name>snprintf.c.obj</name>
      </input_file>
      <input_file id="fl-c4">
         <path>C:\ti\ccs1240\ccs\tools\compiler\ti-cgt-arm_20.2.7.LTS\lib\</path>
         <kind>archive</kind>
         <file>rtsv7M4_T_le_v4SPD16_eabi.lib</file>
         <name>fd_add_t2.asm.obj</name>
      </input_file>
      <input_file id="fl-c5">
         <path>C:\ti\ccs1240\ccs\tools\compiler\ti-cgt-arm_20.2.7.LTS\lib\</path>
         <kind>archive</kind>
         <file>rtsv7M4_T_le_v4SPD16_eabi.lib</file>
         <name>fd_cmp_t2.asm.obj</name>
      </input_file>
      <input_file id="fl-c6">
         <path>C:\ti\ccs1240\ccs\tools\compiler\ti-cgt-arm_20.2.7.LTS\lib\</path>
         <kind>archive</kind>
         <file>rtsv7M4_T_le_v4SPD16_eabi.lib</file>
         <name>fd_mul_t2.asm.obj</name>
      </input_file>
      <input_file id="fl-c7">
         <path>C:\ti\ccs1240\ccs\tools\compiler\ti-cgt-arm_20.2.7.LTS\lib\</path>
         <kind>archive</kind>
         <file>rtsv7M4_T_le_v4SPD16_eabi.lib</file>
         <name>fd_toi_t2.asm.obj</name>
      </input_file>
      <input_file id="fl-c8">
         <path>C:\ti\ccs1240\ccs\tools\compiler\ti-cgt-arm_20.2.7.LTS\lib\</path>
         <kind>archive</kind>
         <file>rtsv7M4_T_le_v4SPD16_eabi.lib</file>
         <name>fd_tos_t2.asm.obj</name>
      </input_file>
      <input_file id="fl-c9">
         <path>C:\ti\ccs1240\ccs\tools\compiler\ti-cgt-arm_20.2.7.LTS\lib\</path>
         <kind>archive</kind>
         <file>rtsv7M4_T_le_v4SPD16_eabi.lib</file>
         <name>fs_tod_t2.asm.obj</name>
      </input_file>
      <input_file id="fl-ca">
         <path>C:\ti\ccs1240\ccs\tools\compiler\ti-cgt-arm_20.2.7.LTS\lib\</path>
         <kind>archive</kind>
         <file>rtsv7M4_T_le_v4SPD16_eabi.lib</file>
         <name>i_tofd_t2.asm.obj</name>
      </input_file>
      <input_file id="fl-cb">
         <path>C:\ti\ccs1240\ccs\tools\compiler\ti-cgt-arm_20.2.7.LTS\lib\</path>
         <kind>archive</kind>
         <file>rtsv7M4_T_le_v4SPD16_eabi.lib</file>
         <name>memcpy_t2.asm.obj</name>
      </input_file>
      <input_file id="fl-cc">
         <path>C:\ti\ccs1240\ccs\tools\compiler\ti-cgt-arm_20.2.7.LTS\lib\</path>
         <kind>archive</kind>
         <file>rtsv7M4_T_le_v4SPD16_eabi.lib</file>
         <name>memset_t2.asm.obj</name>
      </input_file>
      <input_file id="fl-cd">
         <path>C:\ti\ccs1240\ccs\tools\compiler\ti-cgt-arm_20.2.7.LTS\lib\</path>
         <kind>archive</kind>
         <file>rtsv7M4_T_le_v4SPD16_eabi.lib</file>
         <name>copy_zero_init.c.obj</name>
      </input_file>
      <input_file id="fl-ce">
         <path>C:\ti\ccs1240\ccs\tools\compiler\ti-cgt-arm_20.2.7.LTS\lib\</path>
         <kind>archive</kind>
         <file>rtsv7M4_T_le_v4SPD16_eabi.lib</file>
         <name>copy_decompress_none.c.obj</name>
      </input_file>
      <input_file id="fl-cf">
         <path>C:\ti\ccs1240\ccs\tools\compiler\ti-cgt-arm_20.2.7.LTS\lib\</path>
         <kind>archive</kind>
         <file>rtsv7M4_T_le_v4SPD16_eabi.lib</file>
         <name>copy_decompress_lzss.c.obj</name>
      </input_file>
      <input_file id="fl-d0">
         <path>C:\ti\ccs1240\ccs\tools\compiler\ti-cgt-arm_20.2.7.LTS\lib\</path>
         <kind>archive</kind>
         <file>rtsv7M4_T_le_v4SPD16_eabi.lib</file>
         <name>k_rem_pio2.c.obj</name>
      </input_file>
      <input_file id="fl-d1">
         <path>C:\ti\ccs1240\ccs\tools\compiler\ti-cgt-arm_20.2.7.LTS\lib\</path>
         <kind>archive</kind>
         <file>rtsv7M4_T_le_v4SPD16_eabi.lib</file>
         <name>boot_cortex_m.c.obj</name>
      </input_file>
      <input_file id="fl-d2">
         <path>C:\ti\ccs1240\ccs\tools\compiler\ti-cgt-arm_20.2.7.LTS\lib\</path>
         <kind>archive</kind>
         <file>rtsv7M4_T_le_v4SPD16_eabi.lib</file>
         <name>k_cos.c.obj</name>
      </input_file>
      <input_file id="fl-d3">
         <path>C:\ti\ccs1240\ccs\tools\compiler\ti-cgt-arm_20.2.7.LTS\lib\</path>
         <kind>archive</kind>
         <file>rtsv7M4_T_le_v4SPD16_eabi.lib</file>
         <name>k_sin.c.obj</name>
      </input_file>
      <input_file id="fl-d4">
         <path>C:\ti\ccs1240\ccs\tools\compiler\ti-cgt-arm_20.2.7.LTS\lib\</path>
         <kind>archive</kind>
         <file>rtsv7M4_T_le_v4SPD16_eabi.lib</file>
         <name>s_floor.c.obj</name>
      </input_file>
      <input_file id="fl-d5">
         <path>C:\ti\ccs1240\ccs\tools\compiler\ti-cgt-arm_20.2.7.LTS\lib\</path>
         <kind>archive</kind>
         <file>rtsv7M4_T_le_v4SPD16_eabi.lib</file>
         <name>s_scalbn.c.obj</name>
      </input_file>
      <input_file id="fl-d6">
         <path>C:\ti\ccs1240\ccs\tools\compiler\ti-cgt-arm_20.2.7.LTS\lib\</path>
         <kind>archive</kind>
         <file>rtsv7M4_T_le_v4SPD16_eabi.lib</file>
         <name>_printfi.c.obj</name>
      </input_file>
      <input_file id="fl-d7">
         <path>C:\ti\ccs1240\ccs\tools\compiler\ti-cgt-arm_20.2.7.LTS\lib\</path>
         <kind>archive</kind>
         <file>rtsv7M4_T_le_v4SPD16_eabi.lib</file>
         <name>fd_div_t2.asm.obj</name>
      </input_file>
      <input_file id="fl-d8">
         <path>C:\ti\ccs1240\ccs\tools\compiler\ti-cgt-arm_20.2.7.LTS\lib\</path>
         <kind>archive</kind>
         <file>rtsv7M4_T_le_v4SPD16_eabi.lib</file>
         <name>ull_div_t2.asm.obj</name>
      </input_file>
      <input_file id="fl-d9">
         <path>C:\ti\ccs1240\ccs\tools\compiler\ti-cgt-arm_20.2.7.LTS\lib\</path>
         <kind>archive</kind>
         <file>rtsv7M4_T_le_v4SPD16_eabi.lib</file>
         <name>autoinit.c.obj</name>
      </input_file>
      <input_file id="fl-da">
         <path>C:\ti\ccs1240\ccs\tools\compiler\ti-cgt-arm_20.2.7.LTS\lib\</path>
         <kind>archive</kind>
         <file>rtsv7M4_T_le_v4SPD16_eabi.lib</file>
         <name>pre_init.c.obj</name>
      </input_file>
      <input_file id="fl-db">
         <path>C:\ti\ccs1240\ccs\tools\compiler\ti-cgt-arm_20.2.7.LTS\lib\</path>
         <kind>archive</kind>
         <file>rtsv7M4_T_le_v4SPD16_eabi.lib</file>
         <name>cpy_tbl.c.obj</name>
      </input_file>
      <input_file id="fl-dc">
         <path>C:\ti\ccs1240\ccs\tools\compiler\ti-cgt-arm_20.2.7.LTS\lib\</path>
         <kind>archive</kind>
         <file>rtsv7M4_T_le_v4SPD16_eabi.lib</file>
         <name>exit.c.obj</name>
      </input_file>
      <input_file id="fl-dd">
         <path>C:\ti\ccs1240\ccs\tools\compiler\ti-cgt-arm_20.2.7.LTS\lib\</path>
         <kind>archive</kind>
         <file>rtsv7M4_T_le_v4SPD16_eabi.lib</file>
         <name>_lock.c.obj</name>
      </input_file>
      <input_file id="fl-de">
         <path>C:\ti\ccs1240\ccs\tools\compiler\ti-cgt-arm_20.2.7.LTS\lib\</path>
         <kind>archive</kind>
         <file>rtsv7M4_T_le_v4SPD16_eabi.lib</file>
         <name>_ltoa.c.obj</name>
      </input_file>
      <input_file id="fl-df">
         <path>C:\ti\ccs1240\ccs\tools\compiler\ti-cgt-arm_20.2.7.LTS\lib\</path>
         <kind>archive</kind>
         <file>rtsv7M4_T_le_v4SPD16_eabi.lib</file>
         <name>args_main.c.obj</name>
      </input_file>
      <input_file id="fl-e0">
         <path>C:\ti\ccs1240\ccs\tools\compiler\ti-cgt-arm_20.2.7.LTS\lib\</path>
         <kind>archive</kind>
         <file>rtsv7M4_T_le_v4SPD16_eabi.lib</file>
         <name>atoi.c.obj</name>
      </input_file>
      <input_file id="fl-e1">
         <path>C:\ti\ccs1240\ccs\tools\compiler\ti-cgt-arm_20.2.7.LTS\lib\</path>
         <kind>archive</kind>
         <file>rtsv7M4_T_le_v4SPD16_eabi.lib</file>
         <name>ctype.c.obj</name>
      </input_file>
      <input_file id="fl-e2">
         <path>C:\ti\ccs1240\ccs\tools\compiler\ti-cgt-arm_20.2.7.LTS\lib\</path>
         <kind>archive</kind>
         <file>rtsv7M4_T_le_v4SPD16_eabi.lib</file>
         <name>memccpy.c.obj</name>
      </input_file>
      <input_file id="fl-e3">
         <path>C:\ti\ccs1240\ccs\tools\compiler\ti-cgt-arm_20.2.7.LTS\lib\</path>
         <kind>archive</kind>
         <file>rtsv7M4_T_le_v4SPD16_eabi.lib</file>
         <name>strchr.c.obj</name>
      </input_file>
      <input_file id="fl-e4">
         <path>C:\ti\ccs1240\ccs\tools\compiler\ti-cgt-arm_20.2.7.LTS\lib\</path>
         <kind>archive</kind>
         <file>rtsv7M4_T_le_v4SPD16_eabi.lib</file>
         <name>strlen.c.obj</name>
      </input_file>
      <input_file id="fl-e5">
         <path>C:\ti\ccs1240\ccs\tools\compiler\ti-cgt-arm_20.2.7.LTS\lib\</path>
         <kind>archive</kind>
         <file>rtsv7M4_T_le_v4SPD16_eabi.lib</file>
         <name>errno.c.obj</name>
      </input_file>
      <input_file id="fl-e6">
         <path>C:\ti\ccs1240\ccs\tools\compiler\ti-cgt-arm_20.2.7.LTS\lib\</path>
         <kind>archive</kind>
         <file>rtsv7M4_T_le_v4SPD16_eabi.lib</file>
         <name>wcslen.c.obj</name>
      </input_file>
      <input_file id="fl-e7">
         <path>C:\ti\ccs1240\ccs\tools\compiler\ti-cgt-arm_20.2.7.LTS\lib\</path>
         <kind>archive</kind>
         <file>rtsv7M4_T_le_v4SPD16_eabi.lib</file>
         <name>s_copysign.c.obj</name>
      </input_file>
      <input_file id="fl-e8">
         <path>C:\ti\ccs1240\ccs\tools\compiler\ti-cgt-arm_20.2.7.LTS\lib\</path>
         <kind>archive</kind>
         <file>rtsv7M4_T_le_v4SPD16_eabi.lib</file>
         <name>s_frexp.c.obj</name>
      </input_file>
      <input_file id="fl-e9">
         <path>C:\ti\ccs1240\ccs\tools\compiler\ti-cgt-arm_20.2.7.LTS\lib\</path>
         <kind>archive</kind>
         <file>rtsv7M4_T_le_v4SPD16_eabi.lib</file>
         <name>div0.asm.obj</name>
      </input_file>
   </input_file_list>
   <object_component_list>
      <object_component id="oc-12">
         <name>.intvecs</name>
         <load_address>0x0</load_address>
         <run_address>0x0</run_address>
         <size>0x26c</size>
         <input_file_ref idref="fl-5"/>
      </object_component>
      <object_component id="oc-c9">
         <name>.text</name>
         <load_address>0x26c</load_address>
         <run_address>0x26c</run_address>
         <size>0xaf8</size>
         <input_file_ref idref="fl-6"/>
      </object_component>
      <object_component id="oc-188">
         <name>.text:__TI_printfi</name>
         <load_address>0xd64</load_address>
         <run_address>0xd64</run_address>
         <size>0xa4e</size>
         <input_file_ref idref="fl-d6"/>
      </object_component>
      <object_component id="oc-308">
         <name>.text</name>
         <load_address>0x17b2</load_address>
         <run_address>0x17b2</run_address>
         <size>0x2</size>
         <input_file_ref idref="fl-e9"/>
      </object_component>
      <object_component id="oc-d5">
         <name>.text</name>
         <load_address>0x17b4</load_address>
         <run_address>0x17b4</run_address>
         <size>0x808</size>
         <input_file_ref idref="fl-3"/>
      </object_component>
      <object_component id="oc-173">
         <name>.text:__kernel_rem_pio2</name>
         <load_address>0x1fbc</load_address>
         <run_address>0x1fbc</run_address>
         <size>0x738</size>
         <input_file_ref idref="fl-d0"/>
      </object_component>
      <object_component id="oc-ed">
         <name>.text:sin</name>
         <load_address>0x26f4</load_address>
         <run_address>0x26f4</run_address>
         <size>0x5e0</size>
         <input_file_ref idref="fl-c2"/>
      </object_component>
      <object_component id="oc-9b">
         <name>.text</name>
         <load_address>0x2cd4</load_address>
         <run_address>0x2cd4</run_address>
         <size>0x514</size>
         <input_file_ref idref="fl-4"/>
      </object_component>
      <object_component id="oc-232">
         <name>.text:_pconv_a</name>
         <load_address>0x31e8</load_address>
         <run_address>0x31e8</run_address>
         <size>0x270</size>
         <input_file_ref idref="fl-d6"/>
      </object_component>
      <object_component id="oc-220">
         <name>.text:_pconv_g</name>
         <load_address>0x3458</load_address>
         <run_address>0x3458</run_address>
         <size>0x1d0</size>
         <input_file_ref idref="fl-d6"/>
      </object_component>
      <object_component id="oc-f3">
         <name>.text</name>
         <load_address>0x3628</load_address>
         <run_address>0x3628</run_address>
         <size>0x1b6</size>
         <input_file_ref idref="fl-c4"/>
      </object_component>
      <object_component id="oc-163">
         <name>.text:__kernel_sin</name>
         <load_address>0x37e0</load_address>
         <run_address>0x37e0</run_address>
         <size>0x174</size>
         <input_file_ref idref="fl-d3"/>
      </object_component>
      <object_component id="oc-179">
         <name>.text:__kernel_cos</name>
         <load_address>0x3954</load_address>
         <run_address>0x3954</run_address>
         <size>0x170</size>
         <input_file_ref idref="fl-d2"/>
      </object_component>
      <object_component id="oc-cf">
         <name>.text</name>
         <load_address>0x3ac4</load_address>
         <run_address>0x3ac4</run_address>
         <size>0x15c</size>
         <input_file_ref idref="fl-7"/>
      </object_component>
      <object_component id="oc-22c">
         <name>.text:_pconv_e</name>
         <load_address>0x3c20</load_address>
         <run_address>0x3c20</run_address>
         <size>0x13c</size>
         <input_file_ref idref="fl-d6"/>
      </object_component>
      <object_component id="oc-2a0">
         <name>.text</name>
         <load_address>0x3d5c</load_address>
         <run_address>0x3d5c</run_address>
         <size>0x136</size>
         <input_file_ref idref="fl-d7"/>
      </object_component>
      <object_component id="oc-2b8">
         <name>.text:fcvt</name>
         <load_address>0x3e94</load_address>
         <run_address>0x3e94</run_address>
         <size>0x124</size>
         <input_file_ref idref="fl-d6"/>
      </object_component>
      <object_component id="oc-1e9">
         <name>.text:scalbn</name>
         <load_address>0x3fb8</load_address>
         <run_address>0x3fb8</run_address>
         <size>0x110</size>
         <input_file_ref idref="fl-d5"/>
      </object_component>
      <object_component id="oc-e8">
         <name>.text</name>
         <load_address>0x40c8</load_address>
         <run_address>0x40c8</run_address>
         <size>0xfc</size>
         <input_file_ref idref="fl-c6"/>
      </object_component>
      <object_component id="oc-1ef">
         <name>.text:floor</name>
         <load_address>0x41c4</load_address>
         <run_address>0x41c4</run_address>
         <size>0xf8</size>
         <input_file_ref idref="fl-d4"/>
      </object_component>
      <object_component id="oc-21a">
         <name>.text:_ltostr</name>
         <load_address>0x42bc</load_address>
         <run_address>0x42bc</run_address>
         <size>0xb1</size>
         <input_file_ref idref="fl-d6"/>
      </object_component>
      <object_component id="oc-3b">
         <name>.text</name>
         <load_address>0x436e</load_address>
         <run_address>0x436e</run_address>
         <size>0x9c</size>
         <input_file_ref idref="fl-cb"/>
      </object_component>
      <object_component id="oc-29a">
         <name>.text</name>
         <load_address>0x440a</load_address>
         <run_address>0x440a</run_address>
         <size>0x96</size>
         <input_file_ref idref="fl-d8"/>
      </object_component>
      <object_component id="oc-16e">
         <name>.text:__aeabi_cdcmple</name>
         <load_address>0x44a0</load_address>
         <run_address>0x44a0</run_address>
         <size>0x86</size>
         <input_file_ref idref="fl-c5"/>
      </object_component>
      <object_component id="oc-1f5">
         <name>.text:__aeabi_cdrcmple</name>
         <load_address>0x4526</load_address>
         <run_address>0x4526</run_address>
         <size>0x86</size>
         <input_file_ref idref="fl-c5"/>
      </object_component>
      <object_component id="oc-8f">
         <name>.text</name>
         <load_address>0x45ac</load_address>
         <run_address>0x45ac</run_address>
         <size>0x7a</size>
         <input_file_ref idref="fl-cc"/>
      </object_component>
      <object_component id="oc-2b1">
         <name>.text:_mcpy</name>
         <load_address>0x4626</load_address>
         <run_address>0x4626</run_address>
         <size>0x6e</size>
         <input_file_ref idref="fl-d6"/>
      </object_component>
      <object_component id="oc-f8">
         <name>.text</name>
         <load_address>0x4694</load_address>
         <run_address>0x4694</run_address>
         <size>0x6e</size>
         <input_file_ref idref="fl-c8"/>
      </object_component>
      <object_component id="oc-15">
         <name>.text:decompress:lzss:__TI_decompress_lzss</name>
         <load_address>0x4702</load_address>
         <run_address>0x4702</run_address>
         <size>0x68</size>
         <input_file_ref idref="fl-cf"/>
      </object_component>
      <object_component id="oc-2c6">
         <name>.text:frexp</name>
         <load_address>0x476c</load_address>
         <run_address>0x476c</run_address>
         <size>0x64</size>
         <input_file_ref idref="fl-e8"/>
      </object_component>
      <object_component id="oc-226">
         <name>.text:_pconv_f</name>
         <load_address>0x47d0</load_address>
         <run_address>0x47d0</run_address>
         <size>0x56</size>
         <input_file_ref idref="fl-d6"/>
      </object_component>
      <object_component id="oc-2a5">
         <name>.text:__TI_ltoa</name>
         <load_address>0x4826</load_address>
         <run_address>0x4826</run_address>
         <size>0x54</size>
         <input_file_ref idref="fl-de"/>
      </object_component>
      <object_component id="oc-2ab">
         <name>.text:_ecpy</name>
         <load_address>0x487a</load_address>
         <run_address>0x487a</run_address>
         <size>0x52</size>
         <input_file_ref idref="fl-d6"/>
      </object_component>
      <object_component id="oc-214">
         <name>.text:atoi</name>
         <load_address>0x48cc</load_address>
         <run_address>0x48cc</run_address>
         <size>0x4c</size>
         <input_file_ref idref="fl-e0"/>
      </object_component>
      <object_component id="oc-fd">
         <name>.text:snprintf</name>
         <load_address>0x4918</load_address>
         <run_address>0x4918</run_address>
         <size>0x4c</size>
         <input_file_ref idref="fl-c3"/>
      </object_component>
      <object_component id="oc-15e">
         <name>.text</name>
         <load_address>0x4964</load_address>
         <run_address>0x4964</run_address>
         <size>0x48</size>
         <input_file_ref idref="fl-c7"/>
      </object_component>
      <object_component id="oc-119">
         <name>.text:__TI_auto_init_nobinit_nopinit:__TI_auto_init_nobinit_nopinit</name>
         <load_address>0x49ac</load_address>
         <run_address>0x49ac</run_address>
         <size>0x44</size>
         <input_file_ref idref="fl-d9"/>
      </object_component>
      <object_component id="oc-2be">
         <name>.text:_fcpy</name>
         <load_address>0x49f0</load_address>
         <run_address>0x49f0</run_address>
         <size>0x3e</size>
         <input_file_ref idref="fl-d6"/>
      </object_component>
      <object_component id="oc-e3">
         <name>.text</name>
         <load_address>0x4a2e</load_address>
         <run_address>0x4a2e</run_address>
         <size>0x38</size>
         <input_file_ref idref="fl-c9"/>
      </object_component>
      <object_component id="oc-59">
         <name>.text:_c_int00_noargs:_c_int00_noargs</name>
         <load_address>0x4a68</load_address>
         <run_address>0x4a68</run_address>
         <size>0x34</size>
         <input_file_ref idref="fl-d1"/>
      </object_component>
      <object_component id="oc-18e">
         <name>.text:_outs</name>
         <load_address>0x4a9c</load_address>
         <run_address>0x4a9c</run_address>
         <size>0x30</size>
         <input_file_ref idref="fl-c3"/>
      </object_component>
      <object_component id="oc-169">
         <name>.text</name>
         <load_address>0x4acc</load_address>
         <run_address>0x4acc</run_address>
         <size>0x2e</size>
         <input_file_ref idref="fl-ca"/>
      </object_component>
      <object_component id="oc-238">
         <name>.text:memccpy</name>
         <load_address>0x4afa</load_address>
         <run_address>0x4afa</run_address>
         <size>0x1c</size>
         <input_file_ref idref="fl-e2"/>
      </object_component>
      <object_component id="oc-db">
         <name>.text</name>
         <load_address>0x4b16</load_address>
         <run_address>0x4b16</run_address>
         <size>0x1c</size>
         <input_file_ref idref="fl-8"/>
      </object_component>
      <object_component id="oc-27d">
         <name>.text:copysign</name>
         <load_address>0x4b32</load_address>
         <run_address>0x4b32</run_address>
         <size>0x1a</size>
         <input_file_ref idref="fl-e7"/>
      </object_component>
      <object_component id="oc-194">
         <name>.text:_outc</name>
         <load_address>0x4b4c</load_address>
         <run_address>0x4b4c</run_address>
         <size>0x18</size>
         <input_file_ref idref="fl-c3"/>
      </object_component>
      <object_component id="oc-2cc">
         <name>.text:strchr</name>
         <load_address>0x4b64</load_address>
         <run_address>0x4b64</run_address>
         <size>0x16</size>
         <input_file_ref idref="fl-e3"/>
      </object_component>
      <object_component id="oc-20e">
         <name>.text:strlen</name>
         <load_address>0x4b7a</load_address>
         <run_address>0x4b7a</run_address>
         <size>0x14</size>
         <input_file_ref idref="fl-e4"/>
      </object_component>
      <object_component id="oc-23e">
         <name>.text:wcslen</name>
         <load_address>0x4b8e</load_address>
         <run_address>0x4b8e</run_address>
         <size>0x12</size>
         <input_file_ref idref="fl-e6"/>
      </object_component>
      <object_component id="oc-c3">
         <name>.text</name>
         <load_address>0x4ba0</load_address>
         <run_address>0x4ba0</run_address>
         <size>0x10</size>
         <input_file_ref idref="fl-2"/>
      </object_component>
      <object_component id="oc-1b">
         <name>.text:decompress:none:__TI_decompress_none</name>
         <load_address>0x4bb0</load_address>
         <run_address>0x4bb0</run_address>
         <size>0xe</size>
         <input_file_ref idref="fl-ce"/>
      </object_component>
      <object_component id="oc-27">
         <name>.text</name>
         <load_address>0x4bbe</load_address>
         <run_address>0x4bbe</run_address>
         <size>0xc</size>
         <input_file_ref idref="fl-5"/>
      </object_component>
      <object_component id="oc-244">
         <name>.text:__aeabi_errno_addr</name>
         <load_address>0x4bcc</load_address>
         <run_address>0x4bcc</run_address>
         <size>0x8</size>
         <input_file_ref idref="fl-e5"/>
      </object_component>
      <object_component id="oc-95">
         <name>.text:_system_pre_init</name>
         <load_address>0x4bd4</load_address>
         <run_address>0x4bd4</run_address>
         <size>0x4</size>
         <input_file_ref idref="fl-da"/>
      </object_component>
      <object_component id="oc-10d">
         <name>.text:abort:abort</name>
         <load_address>0x4bd8</load_address>
         <run_address>0x4bd8</run_address>
         <size>0x4</size>
         <input_file_ref idref="fl-dc"/>
      </object_component>
      <object_component id="oc-1fa">
         <name>.const:$O1$$</name>
         <load_address>0x4be0</load_address>
         <run_address>0x4be0</run_address>
         <size>0x158</size>
         <input_file_ref idref="fl-d0"/>
      </object_component>
      <object_component id="oc-295">
         <name>.const:.string:_ctypes_</name>
         <load_address>0x4d38</load_address>
         <run_address>0x4d38</run_address>
         <size>0x101</size>
         <input_file_ref idref="fl-e1"/>
      </object_component>
      <object_component id="oc-35f">
         <name>.cinit..data.load</name>
         <load_address>0x4e40</load_address>
         <run_address>0x4e40</run_address>
         <size>0x9</size>
      </object_component>
      <object_component id="oc-35d">
         <name>__TI_handler_table</name>
         <load_address>0x4e4c</load_address>
         <run_address>0x4e4c</run_address>
         <size>0x8</size>
      </object_component>
      <object_component id="oc-35e">
         <name>__TI_cinit_table</name>
         <load_address>0x4e54</load_address>
         <run_address>0x4e54</run_address>
         <size>0x8</size>
      </object_component>
      <object_component id="oc-e0">
         <name>.data</name>
         <load_address>0x20001820</load_address>
         <run_address>0x20001820</run_address>
         <size>0x4</size>
         <input_file_ref idref="fl-4"/>
      </object_component>
      <object_component id="oc-103">
         <name>.data:lidar_data</name>
         <load_address>0x20001000</load_address>
         <run_address>0x20001000</run_address>
         <size>0x820</size>
         <input_file_ref idref="fl-4"/>
      </object_component>
      <object_component id="oc-2dc">
         <name>.data</name>
         <load_address>0x20001824</load_address>
         <run_address>0x20001824</run_address>
         <size>0x4</size>
         <input_file_ref idref="fl-e5"/>
      </object_component>
      <object_component id="oc-24">
         <name>.stack</name>
         <uninitialized>true</uninitialized>
         <run_address>0x20000000</run_address>
         <size>0x4</size>
         <input_file_ref idref="fl-d1"/>
      </object_component>
      <object_component id="oc-361">
         <name>.stack</name>
         <uninitialized>true</uninitialized>
         <run_address>0x20000000</run_address>
         <size>0x0</size>
      </object_component>
      <object_component id="oc-b2">
         <name>.debug_info</name>
         <load_address>0x0</load_address>
         <run_address>0x0</run_address>
         <size>0x266</size>
         <input_file_ref idref="fl-2"/>
      </object_component>
      <object_component id="oc-c4">
         <name>.debug_info</name>
         <load_address>0x266</load_address>
         <run_address>0x266</run_address>
         <size>0x123</size>
         <input_file_ref idref="fl-2"/>
      </object_component>
      <object_component id="oc-70">
         <name>.debug_info</name>
         <load_address>0x389</load_address>
         <run_address>0x389</run_address>
         <size>0x26b</size>
         <input_file_ref idref="fl-2"/>
      </object_component>
      <object_component id="oc-36">
         <name>.debug_info</name>
         <load_address>0x5f4</load_address>
         <run_address>0x5f4</run_address>
         <size>0x84</size>
         <input_file_ref idref="fl-2"/>
      </object_component>
      <object_component id="oc-ad">
         <name>.debug_info</name>
         <load_address>0x678</load_address>
         <run_address>0x678</run_address>
         <size>0x2a4</size>
         <input_file_ref idref="fl-2"/>
      </object_component>
      <object_component id="oc-75">
         <name>.debug_info</name>
         <load_address>0x91c</load_address>
         <run_address>0x91c</run_address>
         <size>0xbb</size>
         <input_file_ref idref="fl-2"/>
      </object_component>
      <object_component id="oc-158">
         <name>.debug_info</name>
         <load_address>0x9d7</load_address>
         <run_address>0x9d7</run_address>
         <size>0x26b</size>
         <input_file_ref idref="fl-3"/>
      </object_component>
      <object_component id="oc-d6">
         <name>.debug_info</name>
         <load_address>0xc42</load_address>
         <run_address>0xc42</run_address>
         <size>0x10f3</size>
         <input_file_ref idref="fl-3"/>
      </object_component>
      <object_component id="oc-153">
         <name>.debug_info</name>
         <load_address>0x1d35</load_address>
         <run_address>0x1d35</run_address>
         <size>0x88</size>
         <input_file_ref idref="fl-3"/>
      </object_component>
      <object_component id="oc-108">
         <name>.debug_info</name>
         <load_address>0x1dbd</load_address>
         <run_address>0x1dbd</run_address>
         <size>0x8b</size>
         <input_file_ref idref="fl-3"/>
      </object_component>
      <object_component id="oc-107">
         <name>.debug_info</name>
         <load_address>0x1e48</load_address>
         <run_address>0x1e48</run_address>
         <size>0x5ee</size>
         <input_file_ref idref="fl-4"/>
      </object_component>
      <object_component id="oc-e1">
         <name>.debug_info</name>
         <load_address>0x2436</load_address>
         <run_address>0x2436</run_address>
         <size>0x129</size>
         <input_file_ref idref="fl-4"/>
      </object_component>
      <object_component id="oc-104">
         <name>.debug_info</name>
         <load_address>0x255f</load_address>
         <run_address>0x255f</run_address>
         <size>0xde</size>
         <input_file_ref idref="fl-4"/>
      </object_component>
      <object_component id="oc-9c">
         <name>.debug_info</name>
         <load_address>0x263d</load_address>
         <run_address>0x263d</run_address>
         <size>0x6bf</size>
         <input_file_ref idref="fl-4"/>
      </object_component>
      <object_component id="oc-1b4">
         <name>.debug_info</name>
         <load_address>0x2cfc</load_address>
         <run_address>0x2cfc</run_address>
         <size>0x110</size>
         <input_file_ref idref="fl-4"/>
      </object_component>
      <object_component id="oc-1af">
         <name>.debug_info</name>
         <load_address>0x2e0c</load_address>
         <run_address>0x2e0c</run_address>
         <size>0x62</size>
         <input_file_ref idref="fl-4"/>
      </object_component>
      <object_component id="oc-1db">
         <name>.debug_info</name>
         <load_address>0x2e6e</load_address>
         <run_address>0x2e6e</run_address>
         <size>0x8a</size>
         <input_file_ref idref="fl-4"/>
      </object_component>
      <object_component id="oc-1a6">
         <name>.debug_info</name>
         <load_address>0x2ef8</load_address>
         <run_address>0x2ef8</run_address>
         <size>0x2c</size>
         <input_file_ref idref="fl-4"/>
      </object_component>
      <object_component id="oc-2f">
         <name>.debug_info</name>
         <load_address>0x2f24</load_address>
         <run_address>0x2f24</run_address>
         <size>0x2b7</size>
         <input_file_ref idref="fl-5"/>
      </object_component>
      <object_component id="oc-13">
         <name>.debug_info</name>
         <load_address>0x31db</load_address>
         <run_address>0x31db</run_address>
         <size>0xf6</size>
         <input_file_ref idref="fl-5"/>
      </object_component>
      <object_component id="oc-2a">
         <name>.debug_info</name>
         <load_address>0x32d1</load_address>
         <run_address>0x32d1</run_address>
         <size>0x272</size>
         <input_file_ref idref="fl-5"/>
      </object_component>
      <object_component id="oc-14f">
         <name>.debug_info</name>
         <load_address>0x3543</load_address>
         <run_address>0x3543</run_address>
         <size>0x3d6</size>
         <input_file_ref idref="fl-6"/>
      </object_component>
      <object_component id="oc-cd">
         <name>.debug_info</name>
         <load_address>0x3919</load_address>
         <run_address>0x3919</run_address>
         <size>0x13de</size>
         <input_file_ref idref="fl-6"/>
      </object_component>
      <object_component id="oc-151">
         <name>.debug_info</name>
         <load_address>0x4cf7</load_address>
         <run_address>0x4cf7</run_address>
         <size>0x386</size>
         <input_file_ref idref="fl-7"/>
      </object_component>
      <object_component id="oc-d0">
         <name>.debug_info</name>
         <load_address>0x507d</load_address>
         <run_address>0x507d</run_address>
         <size>0x490</size>
         <input_file_ref idref="fl-7"/>
      </object_component>
      <object_component id="oc-dc">
         <name>.debug_info</name>
         <load_address>0x550d</load_address>
         <run_address>0x550d</run_address>
         <size>0xdf</size>
         <input_file_ref idref="fl-8"/>
      </object_component>
      <object_component id="oc-180">
         <name>.debug_info</name>
         <load_address>0x55ec</load_address>
         <run_address>0x55ec</run_address>
         <size>0x361</size>
         <input_file_ref idref="fl-c2"/>
      </object_component>
      <object_component id="oc-f1">
         <name>.debug_info</name>
         <load_address>0x594d</load_address>
         <run_address>0x594d</run_address>
         <size>0x7ae</size>
         <input_file_ref idref="fl-c2"/>
      </object_component>
      <object_component id="oc-209">
         <name>.debug_info</name>
         <load_address>0x60fb</load_address>
         <run_address>0x60fb</run_address>
         <size>0x46</size>
         <input_file_ref idref="fl-c2"/>
      </object_component>
      <object_component id="oc-181">
         <name>.debug_info</name>
         <load_address>0x6141</load_address>
         <run_address>0x6141</run_address>
         <size>0x39</size>
         <input_file_ref idref="fl-c2"/>
      </object_component>
      <object_component id="oc-19b">
         <name>.debug_info</name>
         <load_address>0x617a</load_address>
         <run_address>0x617a</run_address>
         <size>0x33a</size>
         <input_file_ref idref="fl-c3"/>
      </object_component>
      <object_component id="oc-100">
         <name>.debug_info</name>
         <load_address>0x64b4</load_address>
         <run_address>0x64b4</run_address>
         <size>0x1ee</size>
         <input_file_ref idref="fl-c3"/>
      </object_component>
      <object_component id="oc-190">
         <name>.debug_info</name>
         <load_address>0x66a2</load_address>
         <run_address>0x66a2</run_address>
         <size>0x1c3</size>
         <input_file_ref idref="fl-c3"/>
      </object_component>
      <object_component id="oc-196">
         <name>.debug_info</name>
         <load_address>0x6865</load_address>
         <run_address>0x6865</run_address>
         <size>0x176</size>
         <input_file_ref idref="fl-c3"/>
      </object_component>
      <object_component id="oc-19c">
         <name>.debug_info</name>
         <load_address>0x69db</load_address>
         <run_address>0x69db</run_address>
         <size>0x2c</size>
         <input_file_ref idref="fl-c3"/>
      </object_component>
      <object_component id="oc-1a1">
         <name>.debug_info</name>
         <load_address>0x6a07</load_address>
         <run_address>0x6a07</run_address>
         <size>0x69</size>
         <input_file_ref idref="fl-c3"/>
      </object_component>
      <object_component id="oc-f4">
         <name>.debug_info</name>
         <load_address>0x6a70</load_address>
         <run_address>0x6a70</run_address>
         <size>0x14c</size>
         <input_file_ref idref="fl-c4"/>
      </object_component>
      <object_component id="oc-16f">
         <name>.debug_info</name>
         <load_address>0x6bbc</load_address>
         <run_address>0x6bbc</run_address>
         <size>0x128</size>
         <input_file_ref idref="fl-c5"/>
      </object_component>
      <object_component id="oc-1f8">
         <name>.debug_info</name>
         <load_address>0x6ce4</load_address>
         <run_address>0x6ce4</run_address>
         <size>0x12a</size>
         <input_file_ref idref="fl-c5"/>
      </object_component>
      <object_component id="oc-e9">
         <name>.debug_info</name>
         <load_address>0x6e0e</load_address>
         <run_address>0x6e0e</run_address>
         <size>0x13a</size>
         <input_file_ref idref="fl-c6"/>
      </object_component>
      <object_component id="oc-160">
         <name>.debug_info</name>
         <load_address>0x6f48</load_address>
         <run_address>0x6f48</run_address>
         <size>0x12e</size>
         <input_file_ref idref="fl-c7"/>
      </object_component>
      <object_component id="oc-fa">
         <name>.debug_info</name>
         <load_address>0x7076</load_address>
         <run_address>0x7076</run_address>
         <size>0x13e</size>
         <input_file_ref idref="fl-c8"/>
      </object_component>
      <object_component id="oc-e4">
         <name>.debug_info</name>
         <load_address>0x71b4</load_address>
         <run_address>0x71b4</run_address>
         <size>0x12c</size>
         <input_file_ref idref="fl-c9"/>
      </object_component>
      <object_component id="oc-16a">
         <name>.debug_info</name>
         <load_address>0x72e0</load_address>
         <run_address>0x72e0</run_address>
         <size>0x12c</size>
         <input_file_ref idref="fl-ca"/>
      </object_component>
      <object_component id="oc-3d">
         <name>.debug_info</name>
         <load_address>0x740c</load_address>
         <run_address>0x740c</run_address>
         <size>0x119</size>
         <input_file_ref idref="fl-cb"/>
      </object_component>
      <object_component id="oc-91">
         <name>.debug_info</name>
         <load_address>0x7525</load_address>
         <run_address>0x7525</run_address>
         <size>0x147</size>
         <input_file_ref idref="fl-cc"/>
      </object_component>
      <object_component id="oc-ba">
         <name>.debug_info</name>
         <load_address>0x766c</load_address>
         <run_address>0x766c</run_address>
         <size>0x2c</size>
         <input_file_ref idref="fl-cd"/>
      </object_component>
      <object_component id="oc-46">
         <name>.debug_info</name>
         <load_address>0x7698</load_address>
         <run_address>0x7698</run_address>
         <size>0x2a8</size>
         <input_file_ref idref="fl-ce"/>
      </object_component>
      <object_component id="oc-1d">
         <name>.debug_info</name>
         <load_address>0x7940</load_address>
         <run_address>0x7940</run_address>
         <size>0x1ea</size>
         <input_file_ref idref="fl-ce"/>
      </object_component>
      <object_component id="oc-41">
         <name>.debug_info</name>
         <load_address>0x7b2a</load_address>
         <run_address>0x7b2a</run_address>
         <size>0x46</size>
         <input_file_ref idref="fl-ce"/>
      </object_component>
      <object_component id="oc-81">
         <name>.debug_info</name>
         <load_address>0x7b70</load_address>
         <run_address>0x7b70</run_address>
         <size>0x2c</size>
         <input_file_ref idref="fl-ce"/>
      </object_component>
      <object_component id="oc-7f">
         <name>.debug_info</name>
         <load_address>0x7b9c</load_address>
         <run_address>0x7b9c</run_address>
         <size>0x29e</size>
         <input_file_ref idref="fl-cf"/>
      </object_component>
      <object_component id="oc-17">
         <name>.debug_info</name>
         <load_address>0x7e3a</load_address>
         <run_address>0x7e3a</run_address>
         <size>0x250</size>
         <input_file_ref idref="fl-cf"/>
      </object_component>
      <object_component id="oc-31">
         <name>.debug_info</name>
         <load_address>0x808a</load_address>
         <run_address>0x808a</run_address>
         <size>0x60</size>
         <input_file_ref idref="fl-cf"/>
      </object_component>
      <object_component id="oc-b3">
         <name>.debug_info</name>
         <load_address>0x80ea</load_address>
         <run_address>0x80ea</run_address>
         <size>0x46</size>
         <input_file_ref idref="fl-cf"/>
      </object_component>
      <object_component id="oc-7a">
         <name>.debug_info</name>
         <load_address>0x8130</load_address>
         <run_address>0x8130</run_address>
         <size>0x39</size>
         <input_file_ref idref="fl-cf"/>
      </object_component>
      <object_component id="oc-1fe">
         <name>.debug_info</name>
         <load_address>0x8169</load_address>
         <run_address>0x8169</run_address>
         <size>0x3aa</size>
         <input_file_ref idref="fl-d0"/>
      </object_component>
      <object_component id="oc-1fb">
         <name>.debug_info</name>
         <load_address>0x8513</load_address>
         <run_address>0x8513</run_address>
         <size>0x13a</size>
         <input_file_ref idref="fl-d0"/>
      </object_component>
      <object_component id="oc-174">
         <name>.debug_info</name>
         <load_address>0x864d</load_address>
         <run_address>0x864d</run_address>
         <size>0x72f</size>
         <input_file_ref idref="fl-d0"/>
      </object_component>
      <object_component id="oc-28c">
         <name>.debug_info</name>
         <load_address>0x8d7c</load_address>
         <run_address>0x8d7c</run_address>
         <size>0x39</size>
         <input_file_ref idref="fl-d0"/>
      </object_component>
      <object_component id="oc-200">
         <name>.debug_info</name>
         <load_address>0x8db5</load_address>
         <run_address>0x8db5</run_address>
         <size>0x2c</size>
         <input_file_ref idref="fl-d0"/>
      </object_component>
      <object_component id="oc-25">
         <name>.debug_info</name>
         <load_address>0x8de1</load_address>
         <run_address>0x8de1</run_address>
         <size>0x10b</size>
         <input_file_ref idref="fl-d1"/>
      </object_component>
      <object_component id="oc-5d">
         <name>.debug_info</name>
         <load_address>0x8eec</load_address>
         <run_address>0x8eec</run_address>
         <size>0x1a9</size>
         <input_file_ref idref="fl-d1"/>
      </object_component>
      <object_component id="oc-206">
         <name>.debug_info</name>
         <load_address>0x9095</load_address>
         <run_address>0x9095</run_address>
         <size>0x288</size>
         <input_file_ref idref="fl-d2"/>
      </object_component>
      <object_component id="oc-17b">
         <name>.debug_info</name>
         <load_address>0x931d</load_address>
         <run_address>0x931d</run_address>
         <size>0x327</size>
         <input_file_ref idref="fl-d2"/>
      </object_component>
      <object_component id="oc-1e6">
         <name>.debug_info</name>
         <load_address>0x9644</load_address>
         <run_address>0x9644</run_address>
         <size>0x28d</size>
         <input_file_ref idref="fl-d3"/>
      </object_component>
      <object_component id="oc-165">
         <name>.debug_info</name>
         <load_address>0x98d1</load_address>
         <run_address>0x98d1</run_address>
         <size>0x380</size>
         <input_file_ref idref="fl-d3"/>
      </object_component>
      <object_component id="oc-286">
         <name>.debug_info</name>
         <load_address>0x9c51</load_address>
         <run_address>0x9c51</run_address>
         <size>0x28a</size>
         <input_file_ref idref="fl-d4"/>
      </object_component>
      <object_component id="oc-1f3">
         <name>.debug_info</name>
         <load_address>0x9edb</load_address>
         <run_address>0x9edb</run_address>
         <size>0x22a</size>
         <input_file_ref idref="fl-d4"/>
      </object_component>
      <object_component id="oc-284">
         <name>.debug_info</name>
         <load_address>0xa105</load_address>
         <run_address>0xa105</run_address>
         <size>0x2f8</size>
         <input_file_ref idref="fl-d5"/>
      </object_component>
      <object_component id="oc-1ea">
         <name>.debug_info</name>
         <load_address>0xa3fd</load_address>
         <run_address>0xa3fd</run_address>
         <size>0x225</size>
         <input_file_ref idref="fl-d5"/>
      </object_component>
      <object_component id="oc-24b">
         <name>.debug_info</name>
         <load_address>0xa622</load_address>
         <run_address>0xa622</run_address>
         <size>0x590</size>
         <input_file_ref idref="fl-d6"/>
      </object_component>
      <object_component id="oc-21b">
         <name>.debug_info</name>
         <load_address>0xabb2</load_address>
         <run_address>0xabb2</run_address>
         <size>0x21e</size>
         <input_file_ref idref="fl-d6"/>
      </object_component>
      <object_component id="oc-2ac">
         <name>.debug_info</name>
         <load_address>0xadd0</load_address>
         <run_address>0xadd0</run_address>
         <size>0x1b3</size>
         <input_file_ref idref="fl-d6"/>
      </object_component>
      <object_component id="oc-2b3">
         <name>.debug_info</name>
         <load_address>0xaf83</load_address>
         <run_address>0xaf83</run_address>
         <size>0x21b</size>
         <input_file_ref idref="fl-d6"/>
      </object_component>
      <object_component id="oc-221">
         <name>.debug_info</name>
         <load_address>0xb19e</load_address>
         <run_address>0xb19e</run_address>
         <size>0x3c0</size>
         <input_file_ref idref="fl-d6"/>
      </object_component>
      <object_component id="oc-2b9">
         <name>.debug_info</name>
         <load_address>0xb55e</load_address>
         <run_address>0xb55e</run_address>
         <size>0x30a</size>
         <input_file_ref idref="fl-d6"/>
      </object_component>
      <object_component id="oc-2c0">
         <name>.debug_info</name>
         <load_address>0xb868</load_address>
         <run_address>0xb868</run_address>
         <size>0x215</size>
         <input_file_ref idref="fl-d6"/>
      </object_component>
      <object_component id="oc-228">
         <name>.debug_info</name>
         <load_address>0xba7d</load_address>
         <run_address>0xba7d</run_address>
         <size>0x215</size>
         <input_file_ref idref="fl-d6"/>
      </object_component>
      <object_component id="oc-22d">
         <name>.debug_info</name>
         <load_address>0xbc92</load_address>
         <run_address>0xbc92</run_address>
         <size>0x304</size>
         <input_file_ref idref="fl-d6"/>
      </object_component>
      <object_component id="oc-234">
         <name>.debug_info</name>
         <load_address>0xbf96</load_address>
         <run_address>0xbf96</run_address>
         <size>0x4b5</size>
         <input_file_ref idref="fl-d6"/>
      </object_component>
      <object_component id="oc-189">
         <name>.debug_info</name>
         <load_address>0xc44b</load_address>
         <run_address>0xc44b</run_address>
         <size>0x5f4</size>
         <input_file_ref idref="fl-d6"/>
      </object_component>
      <object_component id="oc-24c">
         <name>.debug_info</name>
         <load_address>0xca3f</load_address>
         <run_address>0xca3f</run_address>
         <size>0x86</size>
         <input_file_ref idref="fl-d6"/>
      </object_component>
      <object_component id="oc-2e3">
         <name>.debug_info</name>
         <load_address>0xcac5</load_address>
         <run_address>0xcac5</run_address>
         <size>0x39</size>
         <input_file_ref idref="fl-d6"/>
      </object_component>
      <object_component id="oc-326">
         <name>.debug_info</name>
         <load_address>0xcafe</load_address>
         <run_address>0xcafe</run_address>
         <size>0xb6</size>
         <input_file_ref idref="fl-d6"/>
      </object_component>
      <object_component id="oc-2e8">
         <name>.debug_info</name>
         <load_address>0xcbb4</load_address>
         <run_address>0xcbb4</run_address>
         <size>0x46</size>
         <input_file_ref idref="fl-d6"/>
      </object_component>
      <object_component id="oc-251">
         <name>.debug_info</name>
         <load_address>0xcbfa</load_address>
         <run_address>0xcbfa</run_address>
         <size>0x46</size>
         <input_file_ref idref="fl-d6"/>
      </object_component>
      <object_component id="oc-2a2">
         <name>.debug_info</name>
         <load_address>0xcc40</load_address>
         <run_address>0xcc40</run_address>
         <size>0x13a</size>
         <input_file_ref idref="fl-d7"/>
      </object_component>
      <object_component id="oc-29b">
         <name>.debug_info</name>
         <load_address>0xcd7a</load_address>
         <run_address>0xcd7a</run_address>
         <size>0x134</size>
         <input_file_ref idref="fl-d8"/>
      </object_component>
      <object_component id="oc-1c4">
         <name>.debug_info</name>
         <load_address>0xceae</load_address>
         <run_address>0xceae</run_address>
         <size>0x4b3</size>
         <input_file_ref idref="fl-d9"/>
      </object_component>
      <object_component id="oc-11b">
         <name>.debug_info</name>
         <load_address>0xd361</load_address>
         <run_address>0xd361</run_address>
         <size>0x1a6</size>
         <input_file_ref idref="fl-d9"/>
      </object_component>
      <object_component id="oc-26a">
         <name>.debug_info</name>
         <load_address>0xd507</load_address>
         <run_address>0xd507</run_address>
         <size>0x39</size>
         <input_file_ref idref="fl-d9"/>
      </object_component>
      <object_component id="oc-2f0">
         <name>.debug_info</name>
         <load_address>0xd540</load_address>
         <run_address>0xd540</run_address>
         <size>0x39</size>
         <input_file_ref idref="fl-d9"/>
      </object_component>
      <object_component id="oc-26f">
         <name>.debug_info</name>
         <load_address>0xd579</load_address>
         <run_address>0xd579</run_address>
         <size>0x39</size>
         <input_file_ref idref="fl-d9"/>
      </object_component>
      <object_component id="oc-274">
         <name>.debug_info</name>
         <load_address>0xd5b2</load_address>
         <run_address>0xd5b2</run_address>
         <size>0xcd</size>
         <input_file_ref idref="fl-d9"/>
      </object_component>
      <object_component id="oc-99">
         <name>.debug_info</name>
         <load_address>0xd67f</load_address>
         <run_address>0xd67f</run_address>
         <size>0x153</size>
         <input_file_ref idref="fl-da"/>
      </object_component>
      <object_component id="oc-10f">
         <name>.debug_info</name>
         <load_address>0xd7d2</load_address>
         <run_address>0xd7d2</run_address>
         <size>0x122</size>
         <input_file_ref idref="fl-dc"/>
      </object_component>
      <object_component id="oc-310">
         <name>.debug_info</name>
         <load_address>0xd8f4</load_address>
         <run_address>0xd8f4</run_address>
         <size>0x29c</size>
         <input_file_ref idref="fl-de"/>
      </object_component>
      <object_component id="oc-2a7">
         <name>.debug_info</name>
         <load_address>0xdb90</load_address>
         <run_address>0xdb90</run_address>
         <size>0x1da</size>
         <input_file_ref idref="fl-de"/>
      </object_component>
      <object_component id="oc-299">
         <name>.debug_info</name>
         <load_address>0xdd6a</load_address>
         <run_address>0xdd6a</run_address>
         <size>0x2b9</size>
         <input_file_ref idref="fl-e0"/>
      </object_component>
      <object_component id="oc-215">
         <name>.debug_info</name>
         <load_address>0xe023</load_address>
         <run_address>0xe023</run_address>
         <size>0x17c</size>
         <input_file_ref idref="fl-e0"/>
      </object_component>
      <object_component id="oc-305">
         <name>.debug_info</name>
         <load_address>0xe19f</load_address>
         <run_address>0xe19f</run_address>
         <size>0xf9</size>
         <input_file_ref idref="fl-e1"/>
      </object_component>
      <object_component id="oc-296">
         <name>.debug_info</name>
         <load_address>0xe298</load_address>
         <run_address>0xe298</run_address>
         <size>0x105</size>
         <input_file_ref idref="fl-e1"/>
      </object_component>
      <object_component id="oc-2d4">
         <name>.debug_info</name>
         <load_address>0xe39d</load_address>
         <run_address>0xe39d</run_address>
         <size>0x2a7</size>
         <input_file_ref idref="fl-e2"/>
      </object_component>
      <object_component id="oc-23a">
         <name>.debug_info</name>
         <load_address>0xe644</load_address>
         <run_address>0xe644</run_address>
         <size>0x1b8</size>
         <input_file_ref idref="fl-e2"/>
      </object_component>
      <object_component id="oc-318">
         <name>.debug_info</name>
         <load_address>0xe7fc</load_address>
         <run_address>0xe7fc</run_address>
         <size>0x29a</size>
         <input_file_ref idref="fl-e3"/>
      </object_component>
      <object_component id="oc-2d0">
         <name>.debug_info</name>
         <load_address>0xea96</load_address>
         <run_address>0xea96</run_address>
         <size>0x262</size>
         <input_file_ref idref="fl-e3"/>
      </object_component>
      <object_component id="oc-294">
         <name>.debug_info</name>
         <load_address>0xecf8</load_address>
         <run_address>0xecf8</run_address>
         <size>0x28f</size>
         <input_file_ref idref="fl-e4"/>
      </object_component>
      <object_component id="oc-20f">
         <name>.debug_info</name>
         <load_address>0xef87</load_address>
         <run_address>0xef87</run_address>
         <size>0x245</size>
         <input_file_ref idref="fl-e4"/>
      </object_component>
      <object_component id="oc-2e0">
         <name>.debug_info</name>
         <load_address>0xf1cc</load_address>
         <run_address>0xf1cc</run_address>
         <size>0x289</size>
         <input_file_ref idref="fl-e5"/>
      </object_component>
      <object_component id="oc-2dd">
         <name>.debug_info</name>
         <load_address>0xf455</load_address>
         <run_address>0xf455</run_address>
         <size>0x10e</size>
         <input_file_ref idref="fl-e5"/>
      </object_component>
      <object_component id="oc-245">
         <name>.debug_info</name>
         <load_address>0xf563</load_address>
         <run_address>0xf563</run_address>
         <size>0x14e</size>
         <input_file_ref idref="fl-e5"/>
      </object_component>
      <object_component id="oc-2db">
         <name>.debug_info</name>
         <load_address>0xf6b1</load_address>
         <run_address>0xf6b1</run_address>
         <size>0x28f</size>
         <input_file_ref idref="fl-e6"/>
      </object_component>
      <object_component id="oc-241">
         <name>.debug_info</name>
         <load_address>0xf940</load_address>
         <run_address>0xf940</run_address>
         <size>0x15a</size>
         <input_file_ref idref="fl-e6"/>
      </object_component>
      <object_component id="oc-31b">
         <name>.debug_info</name>
         <load_address>0xfa9a</load_address>
         <run_address>0xfa9a</run_address>
         <size>0x46</size>
         <input_file_ref idref="fl-e6"/>
      </object_component>
      <object_component id="oc-2d6">
         <name>.debug_info</name>
         <load_address>0xfae0</load_address>
         <run_address>0xfae0</run_address>
         <size>0x39</size>
         <input_file_ref idref="fl-e6"/>
      </object_component>
      <object_component id="oc-27e">
         <name>.debug_info</name>
         <load_address>0xfb19</load_address>
         <run_address>0xfb19</run_address>
         <size>0x161</size>
         <input_file_ref idref="fl-e7"/>
      </object_component>
      <object_component id="oc-316">
         <name>.debug_info</name>
         <load_address>0xfc7a</load_address>
         <run_address>0xfc7a</run_address>
         <size>0x295</size>
         <input_file_ref idref="fl-e8"/>
      </object_component>
      <object_component id="oc-2c8">
         <name>.debug_info</name>
         <load_address>0xff0f</load_address>
         <run_address>0xff0f</run_address>
         <size>0x195</size>
         <input_file_ref idref="fl-e8"/>
      </object_component>
      <object_component id="oc-30a">
         <name>.debug_info</name>
         <load_address>0x100a4</load_address>
         <run_address>0x100a4</run_address>
         <size>0x115</size>
         <input_file_ref idref="fl-e9"/>
      </object_component>
      <object_component id="oc-362">
         <name>.debug_info</name>
         <load_address>0x101b9</load_address>
         <run_address>0x101b9</run_address>
         <size>0xa9</size>
      </object_component>
      <object_component id="oc-14c">
         <name>.debug_line</name>
         <load_address>0x0</load_address>
         <run_address>0x0</run_address>
         <size>0x20</size>
         <input_file_ref idref="fl-2"/>
      </object_component>
      <object_component id="oc-c8">
         <name>.debug_line</name>
         <load_address>0x20</load_address>
         <run_address>0x20</run_address>
         <size>0x43</size>
         <input_file_ref idref="fl-2"/>
      </object_component>
      <object_component id="oc-73">
         <name>.debug_line</name>
         <load_address>0x63</load_address>
         <run_address>0x63</run_address>
         <size>0x6f</size>
         <input_file_ref idref="fl-2"/>
      </object_component>
      <object_component id="oc-39">
         <name>.debug_line</name>
         <load_address>0xd2</load_address>
         <run_address>0xd2</run_address>
         <size>0x20</size>
         <input_file_ref idref="fl-2"/>
      </object_component>
      <object_component id="oc-b0">
         <name>.debug_line</name>
         <load_address>0xf2</load_address>
         <run_address>0xf2</run_address>
         <size>0x73</size>
         <input_file_ref idref="fl-2"/>
      </object_component>
      <object_component id="oc-78">
         <name>.debug_line</name>
         <load_address>0x165</load_address>
         <run_address>0x165</run_address>
         <size>0x70</size>
         <input_file_ref idref="fl-2"/>
      </object_component>
      <object_component id="oc-1e3">
         <name>.debug_line</name>
         <load_address>0x1d5</load_address>
         <run_address>0x1d5</run_address>
         <size>0x20</size>
         <input_file_ref idref="fl-3"/>
      </object_component>
      <object_component id="oc-da">
         <name>.debug_line</name>
         <load_address>0x1f5</load_address>
         <run_address>0x1f5</run_address>
         <size>0x3d4</size>
         <input_file_ref idref="fl-3"/>
      </object_component>
      <object_component id="oc-156">
         <name>.debug_line</name>
         <load_address>0x5c9</load_address>
         <run_address>0x5c9</run_address>
         <size>0x2d</size>
         <input_file_ref idref="fl-3"/>
      </object_component>
      <object_component id="oc-10b">
         <name>.debug_line</name>
         <load_address>0x5f6</load_address>
         <run_address>0x5f6</run_address>
         <size>0x20</size>
         <input_file_ref idref="fl-3"/>
      </object_component>
      <object_component id="oc-1ae">
         <name>.debug_line</name>
         <load_address>0x616</load_address>
         <run_address>0x616</run_address>
         <size>0xf7</size>
         <input_file_ref idref="fl-4"/>
      </object_component>
      <object_component id="oc-15b">
         <name>.debug_line</name>
         <load_address>0x70d</load_address>
         <run_address>0x70d</run_address>
         <size>0x2d</size>
         <input_file_ref idref="fl-4"/>
      </object_component>
      <object_component id="oc-1ac">
         <name>.debug_line</name>
         <load_address>0x73a</load_address>
         <run_address>0x73a</run_address>
         <size>0x2d</size>
         <input_file_ref idref="fl-4"/>
      </object_component>
      <object_component id="oc-9f">
         <name>.debug_line</name>
         <load_address>0x767</load_address>
         <run_address>0x767</run_address>
         <size>0x176</size>
         <input_file_ref idref="fl-4"/>
      </object_component>
      <object_component id="oc-1b7">
         <name>.debug_line</name>
         <load_address>0x8dd</load_address>
         <run_address>0x8dd</run_address>
         <size>0x6b</size>
         <input_file_ref idref="fl-4"/>
      </object_component>
      <object_component id="oc-1b2">
         <name>.debug_line</name>
         <load_address>0x948</load_address>
         <run_address>0x948</run_address>
         <size>0x2d</size>
         <input_file_ref idref="fl-4"/>
      </object_component>
      <object_component id="oc-1de">
         <name>.debug_line</name>
         <load_address>0x975</load_address>
         <run_address>0x975</run_address>
         <size>0x2e</size>
         <input_file_ref idref="fl-4"/>
      </object_component>
      <object_component id="oc-1a9">
         <name>.debug_line</name>
         <load_address>0x9a3</load_address>
         <run_address>0x9a3</run_address>
         <size>0x6b</size>
         <input_file_ref idref="fl-4"/>
      </object_component>
      <object_component id="oc-6f">
         <name>.debug_line</name>
         <load_address>0xa0e</load_address>
         <run_address>0xa0e</run_address>
         <size>0x41</size>
         <input_file_ref idref="fl-5"/>
      </object_component>
      <object_component id="oc-2e">
         <name>.debug_line</name>
         <load_address>0xa4f</load_address>
         <run_address>0xa4f</run_address>
         <size>0x41</size>
         <input_file_ref idref="fl-5"/>
      </object_component>
      <object_component id="oc-2c">
         <name>.debug_line</name>
         <load_address>0xa90</load_address>
         <run_address>0xa90</run_address>
         <size>0xa1</size>
         <input_file_ref idref="fl-5"/>
      </object_component>
      <object_component id="oc-1da">
         <name>.debug_line</name>
         <load_address>0xb31</load_address>
         <run_address>0xb31</run_address>
         <size>0x2d</size>
         <input_file_ref idref="fl-6"/>
      </object_component>
      <object_component id="oc-cc">
         <name>.debug_line</name>
         <load_address>0xb5e</load_address>
         <run_address>0xb5e</run_address>
         <size>0x49a</size>
         <input_file_ref idref="fl-6"/>
      </object_component>
      <object_component id="oc-1e1">
         <name>.debug_line</name>
         <load_address>0xff8</load_address>
         <run_address>0xff8</run_address>
         <size>0x2d</size>
         <input_file_ref idref="fl-7"/>
      </object_component>
      <object_component id="oc-d4">
         <name>.debug_line</name>
         <load_address>0x1025</load_address>
         <run_address>0x1025</run_address>
         <size>0x108</size>
         <input_file_ref idref="fl-7"/>
      </object_component>
      <object_component id="oc-df">
         <name>.debug_line</name>
         <load_address>0x112d</load_address>
         <run_address>0x112d</run_address>
         <size>0x42</size>
         <input_file_ref idref="fl-8"/>
      </object_component>
      <object_component id="oc-208">
         <name>.debug_line</name>
         <load_address>0x116f</load_address>
         <run_address>0x116f</run_address>
         <size>0x32</size>
         <input_file_ref idref="fl-c2"/>
      </object_component>
      <object_component id="oc-ef">
         <name>.debug_line</name>
         <load_address>0x11a1</load_address>
         <run_address>0x11a1</run_address>
         <size>0x218</size>
         <input_file_ref idref="fl-c2"/>
      </object_component>
      <object_component id="oc-20c">
         <name>.debug_line</name>
         <load_address>0x13b9</load_address>
         <run_address>0x13b9</run_address>
         <size>0x9a</size>
         <input_file_ref idref="fl-c2"/>
      </object_component>
      <object_component id="oc-184">
         <name>.debug_line</name>
         <load_address>0x1453</load_address>
         <run_address>0x1453</run_address>
         <size>0x97</size>
         <input_file_ref idref="fl-c2"/>
      </object_component>
      <object_component id="oc-259">
         <name>.debug_line</name>
         <load_address>0x14ea</load_address>
         <run_address>0x14ea</run_address>
         <size>0x2e</size>
         <input_file_ref idref="fl-c3"/>
      </object_component>
      <object_component id="oc-fe">
         <name>.debug_line</name>
         <load_address>0x1518</load_address>
         <run_address>0x1518</run_address>
         <size>0x5f</size>
         <input_file_ref idref="fl-c3"/>
      </object_component>
      <object_component id="oc-192">
         <name>.debug_line</name>
         <load_address>0x1577</load_address>
         <run_address>0x1577</run_address>
         <size>0x58</size>
         <input_file_ref idref="fl-c3"/>
      </object_component>
      <object_component id="oc-195">
         <name>.debug_line</name>
         <load_address>0x15cf</load_address>
         <run_address>0x15cf</run_address>
         <size>0x46</size>
         <input_file_ref idref="fl-c3"/>
      </object_component>
      <object_component id="oc-19f">
         <name>.debug_line</name>
         <load_address>0x1615</load_address>
         <run_address>0x1615</run_address>
         <size>0x91</size>
         <input_file_ref idref="fl-c3"/>
      </object_component>
      <object_component id="oc-1a4">
         <name>.debug_line</name>
         <load_address>0x16a6</load_address>
         <run_address>0x16a6</run_address>
         <size>0x2e</size>
         <input_file_ref idref="fl-c3"/>
      </object_component>
      <object_component id="oc-f7">
         <name>.debug_line</name>
         <load_address>0x16d4</load_address>
         <run_address>0x16d4</run_address>
         <size>0xd2</size>
         <input_file_ref idref="fl-c4"/>
      </object_component>
      <object_component id="oc-172">
         <name>.debug_line</name>
         <load_address>0x17a6</load_address>
         <run_address>0x17a6</run_address>
         <size>0x77</size>
         <input_file_ref idref="fl-c5"/>
      </object_component>
      <object_component id="oc-1f6">
         <name>.debug_line</name>
         <load_address>0x181d</load_address>
         <run_address>0x181d</run_address>
         <size>0x77</size>
         <input_file_ref idref="fl-c5"/>
      </object_component>
      <object_component id="oc-ec">
         <name>.debug_line</name>
         <load_address>0x1894</load_address>
         <run_address>0x1894</run_address>
         <size>0x8e</size>
         <input_file_ref idref="fl-c6"/>
      </object_component>
      <object_component id="oc-15f">
         <name>.debug_line</name>
         <load_address>0x1922</load_address>
         <run_address>0x1922</run_address>
         <size>0x5a</size>
         <input_file_ref idref="fl-c7"/>
      </object_component>
      <object_component id="oc-f9">
         <name>.debug_line</name>
         <load_address>0x197c</load_address>
         <run_address>0x197c</run_address>
         <size>0x67</size>
         <input_file_ref idref="fl-c8"/>
      </object_component>
      <object_component id="oc-e7">
         <name>.debug_line</name>
         <load_address>0x19e3</load_address>
         <run_address>0x19e3</run_address>
         <size>0x57</size>
         <input_file_ref idref="fl-c9"/>
      </object_component>
      <object_component id="oc-16d">
         <name>.debug_line</name>
         <load_address>0x1a3a</load_address>
         <run_address>0x1a3a</run_address>
         <size>0x50</size>
         <input_file_ref idref="fl-ca"/>
      </object_component>
      <object_component id="oc-3f">
         <name>.debug_line</name>
         <load_address>0x1a8a</load_address>
         <run_address>0x1a8a</run_address>
         <size>0x88</size>
         <input_file_ref idref="fl-cb"/>
      </object_component>
      <object_component id="oc-93">
         <name>.debug_line</name>
         <load_address>0x1b12</load_address>
         <run_address>0x1b12</run_address>
         <size>0x79</size>
         <input_file_ref idref="fl-cc"/>
      </object_component>
      <object_component id="oc-bd">
         <name>.debug_line</name>
         <load_address>0x1b8b</load_address>
         <run_address>0x1b8b</run_address>
         <size>0x92</size>
         <input_file_ref idref="fl-cd"/>
      </object_component>
      <object_component id="oc-87">
         <name>.debug_line</name>
         <load_address>0x1c1d</load_address>
         <run_address>0x1c1d</run_address>
         <size>0x20</size>
         <input_file_ref idref="fl-ce"/>
      </object_component>
      <object_component id="oc-1c">
         <name>.debug_line</name>
         <load_address>0x1c3d</load_address>
         <run_address>0x1c3d</run_address>
         <size>0x55</size>
         <input_file_ref idref="fl-ce"/>
      </object_component>
      <object_component id="oc-44">
         <name>.debug_line</name>
         <load_address>0x1c92</load_address>
         <run_address>0x1c92</run_address>
         <size>0x3a</size>
         <input_file_ref idref="fl-ce"/>
      </object_component>
      <object_component id="oc-84">
         <name>.debug_line</name>
         <load_address>0x1ccc</load_address>
         <run_address>0x1ccc</run_address>
         <size>0x92</size>
         <input_file_ref idref="fl-ce"/>
      </object_component>
      <object_component id="oc-b9">
         <name>.debug_line</name>
         <load_address>0x1d5e</load_address>
         <run_address>0x1d5e</run_address>
         <size>0x20</size>
         <input_file_ref idref="fl-cf"/>
      </object_component>
      <object_component id="oc-1a">
         <name>.debug_line</name>
         <load_address>0x1d7e</load_address>
         <run_address>0x1d7e</run_address>
         <size>0xa9</size>
         <input_file_ref idref="fl-cf"/>
      </object_component>
      <object_component id="oc-34">
         <name>.debug_line</name>
         <load_address>0x1e27</load_address>
         <run_address>0x1e27</run_address>
         <size>0x3a</size>
         <input_file_ref idref="fl-cf"/>
      </object_component>
      <object_component id="oc-b6">
         <name>.debug_line</name>
         <load_address>0x1e61</load_address>
         <run_address>0x1e61</run_address>
         <size>0x9a</size>
         <input_file_ref idref="fl-cf"/>
      </object_component>
      <object_component id="oc-7d">
         <name>.debug_line</name>
         <load_address>0x1efb</load_address>
         <run_address>0x1efb</run_address>
         <size>0x96</size>
         <input_file_ref idref="fl-cf"/>
      </object_component>
      <object_component id="oc-28b">
         <name>.debug_line</name>
         <load_address>0x1f91</load_address>
         <run_address>0x1f91</run_address>
         <size>0x2a</size>
         <input_file_ref idref="fl-d0"/>
      </object_component>
      <object_component id="oc-289">
         <name>.debug_line</name>
         <load_address>0x1fbb</load_address>
         <run_address>0x1fbb</run_address>
         <size>0x30</size>
         <input_file_ref idref="fl-d0"/>
      </object_component>
      <object_component id="oc-177">
         <name>.debug_line</name>
         <load_address>0x1feb</load_address>
         <run_address>0x1feb</run_address>
         <size>0x3fd</size>
         <input_file_ref idref="fl-d0"/>
      </object_component>
      <object_component id="oc-28f">
         <name>.debug_line</name>
         <load_address>0x23e8</load_address>
         <run_address>0x23e8</run_address>
         <size>0x9a</size>
         <input_file_ref idref="fl-d0"/>
      </object_component>
      <object_component id="oc-203">
         <name>.debug_line</name>
         <load_address>0x2482</load_address>
         <run_address>0x2482</run_address>
         <size>0x97</size>
         <input_file_ref idref="fl-d0"/>
      </object_component>
      <object_component id="oc-6c">
         <name>.debug_line</name>
         <load_address>0x2519</load_address>
         <run_address>0x2519</run_address>
         <size>0x33</size>
         <input_file_ref idref="fl-d1"/>
      </object_component>
      <object_component id="oc-5b">
         <name>.debug_line</name>
         <load_address>0x254c</load_address>
         <run_address>0x254c</run_address>
         <size>0x45</size>
         <input_file_ref idref="fl-d1"/>
      </object_component>
      <object_component id="oc-292">
         <name>.debug_line</name>
         <load_address>0x2591</load_address>
         <run_address>0x2591</run_address>
         <size>0x20</size>
         <input_file_ref idref="fl-d2"/>
      </object_component>
      <object_component id="oc-17a">
         <name>.debug_line</name>
         <load_address>0x25b1</load_address>
         <run_address>0x25b1</run_address>
         <size>0x43</size>
         <input_file_ref idref="fl-d2"/>
      </object_component>
      <object_component id="oc-27c">
         <name>.debug_line</name>
         <load_address>0x25f4</load_address>
         <run_address>0x25f4</run_address>
         <size>0x20</size>
         <input_file_ref idref="fl-d3"/>
      </object_component>
      <object_component id="oc-164">
         <name>.debug_line</name>
         <load_address>0x2614</load_address>
         <run_address>0x2614</run_address>
         <size>0x56</size>
         <input_file_ref idref="fl-d3"/>
      </object_component>
      <object_component id="oc-300">
         <name>.debug_line</name>
         <load_address>0x266a</load_address>
         <run_address>0x266a</run_address>
         <size>0x20</size>
         <input_file_ref idref="fl-d4"/>
      </object_component>
      <object_component id="oc-1f1">
         <name>.debug_line</name>
         <load_address>0x268a</load_address>
         <run_address>0x268a</run_address>
         <size>0xa8</size>
         <input_file_ref idref="fl-d4"/>
      </object_component>
      <object_component id="oc-2fe">
         <name>.debug_line</name>
         <load_address>0x2732</load_address>
         <run_address>0x2732</run_address>
         <size>0x9b</size>
         <input_file_ref idref="fl-d5"/>
      </object_component>
      <object_component id="oc-1ed">
         <name>.debug_line</name>
         <load_address>0x27cd</load_address>
         <run_address>0x27cd</run_address>
         <size>0xa4</size>
         <input_file_ref idref="fl-d5"/>
      </object_component>
      <object_component id="oc-2e2">
         <name>.debug_line</name>
         <load_address>0x2871</load_address>
         <run_address>0x2871</run_address>
         <size>0x264</size>
         <input_file_ref idref="fl-d6"/>
      </object_component>
      <object_component id="oc-21e">
         <name>.debug_line</name>
         <load_address>0x2ad5</load_address>
         <run_address>0x2ad5</run_address>
         <size>0x7a</size>
         <input_file_ref idref="fl-d6"/>
      </object_component>
      <object_component id="oc-2af">
         <name>.debug_line</name>
         <load_address>0x2b4f</load_address>
         <run_address>0x2b4f</run_address>
         <size>0x51</size>
         <input_file_ref idref="fl-d6"/>
      </object_component>
      <object_component id="oc-2b2">
         <name>.debug_line</name>
         <load_address>0x2ba0</load_address>
         <run_address>0x2ba0</run_address>
         <size>0x88</size>
         <input_file_ref idref="fl-d6"/>
      </object_component>
      <object_component id="oc-224">
         <name>.debug_line</name>
         <load_address>0x2c28</load_address>
         <run_address>0x2c28</run_address>
         <size>0x14b</size>
         <input_file_ref idref="fl-d6"/>
      </object_component>
      <object_component id="oc-2bc">
         <name>.debug_line</name>
         <load_address>0x2d73</load_address>
         <run_address>0x2d73</run_address>
         <size>0xec</size>
         <input_file_ref idref="fl-d6"/>
      </object_component>
      <object_component id="oc-2bf">
         <name>.debug_line</name>
         <load_address>0x2e5f</load_address>
         <run_address>0x2e5f</run_address>
         <size>0x5d</size>
         <input_file_ref idref="fl-d6"/>
      </object_component>
      <object_component id="oc-227">
         <name>.debug_line</name>
         <load_address>0x2ebc</load_address>
         <run_address>0x2ebc</run_address>
         <size>0x5c</size>
         <input_file_ref idref="fl-d6"/>
      </object_component>
      <object_component id="oc-230">
         <name>.debug_line</name>
         <load_address>0x2f18</load_address>
         <run_address>0x2f18</run_address>
         <size>0xae</size>
         <input_file_ref idref="fl-d6"/>
      </object_component>
      <object_component id="oc-233">
         <name>.debug_line</name>
         <load_address>0x2fc6</load_address>
         <run_address>0x2fc6</run_address>
         <size>0x1ac</size>
         <input_file_ref idref="fl-d6"/>
      </object_component>
      <object_component id="oc-18c">
         <name>.debug_line</name>
         <load_address>0x3172</load_address>
         <run_address>0x3172</run_address>
         <size>0x76f</size>
         <input_file_ref idref="fl-d6"/>
      </object_component>
      <object_component id="oc-24f">
         <name>.debug_line</name>
         <load_address>0x38e1</load_address>
         <run_address>0x38e1</run_address>
         <size>0x92</size>
         <input_file_ref idref="fl-d6"/>
      </object_component>
      <object_component id="oc-2e6">
         <name>.debug_line</name>
         <load_address>0x3973</load_address>
         <run_address>0x3973</run_address>
         <size>0x92</size>
[...]
      <symbol id="sm-e">
         <name>__TI_prof_data_start</name>
         <value>0xffffffff</value>
      </symbol>
      <symbol id="sm-f">
         <name>__TI_prof_data_size</name>
         <value>0xffffffff</value>
      </symbol>
      <symbol id="sm-4a">
         <name>initSystemClockTo40Mhz</name>
         <value>0x4ba1</value>
         <object_component_ref idref="oc-c3"/>
      </symbol>
      <symbol id="sm-ca">
         <name>selectPinInterruptBothEdges</name>
         <value>0x1cf7</value>
         <object_component_ref idref="oc-d5"/>
      </symbol>
      <symbol id="sm-cb">
         <name>getPortValue</name>
         <value>0x1f2d</value>
         <object_component_ref idref="oc-d5"/>
      </symbol>
      <symbol id="sm-cc">
         <name>selectPinAnalogInput</name>
         <value>0x19db</value>
         <object_component_ref idref="oc-d5"/>
      </symbol>
      <symbol id="sm-cd">
         <name>clearPinInterrupt</name>
         <value>0x1e09</value>
         <object_component_ref idref="oc-d5"/>
      </symbol>
      <symbol id="sm-ce">
         <name>selectPinPushPullOutput</name>
         <value>0x18f1</value>
         <object_component_ref idref="oc-d5"/>
      </symbol>
      <symbol id="sm-cf">
         <name>selectPinInterruptHighLevel</name>
         <value>0x1d4d</value>
         <object_component_ref idref="oc-d5"/>
      </symbol>
      <symbol id="sm-d0">
         <name>selectPinInterruptFallingEdge</name>
         <value>0x1ca7</value>
         <object_component_ref idref="oc-d5"/>
      </symbol>
      <symbol id="sm-d1">
         <name>selectPinOpenDrainOutput</name>
         <value>0x193f</value>
         <object_component_ref idref="oc-d5"/>
      </symbol>
      <symbol id="sm-d2">
         <name>selectPinInterruptLowLevel</name>
         <value>0x1d87</value>
         <object_component_ref idref="oc-d5"/>
      </symbol>
      <symbol id="sm-d3">
         <name>setPortValue</name>
         <value>0x1eb5</value>
         <object_component_ref idref="oc-d5"/>
      </symbol>
      <symbol id="sm-d4">
         <name>enablePinInterrupt</name>
         <value>0x1dc1</value>
         <object_component_ref idref="oc-d5"/>
      </symbol>
      <symbol id="sm-d5">
         <name>setPinAuxFunction</name>
         <value>0x1b45</value>
         <object_component_ref idref="oc-d5"/>
      </symbol>
      <symbol id="sm-d6">
         <name>enablePort</name>
         <value>0x17b5</value>
         <object_component_ref idref="oc-d5"/>
      </symbol>
      <symbol id="sm-d7">
         <name>disablePinPulldown</name>
         <value>0x1b1d</value>
         <object_component_ref idref="oc-d5"/>
      </symbol>
      <symbol id="sm-d8">
         <name>setPinCommitControl</name>
         <value>0x1a2b</value>
         <object_component_ref idref="oc-d5"/>
      </symbol>
      <symbol id="sm-d9">
         <name>disablePort</name>
         <value>0x1871</value>
         <object_component_ref idref="oc-d5"/>
      </symbol>
      <symbol id="sm-da">
         <name>disablePinInterrupt</name>
         <value>0x1de5</value>
         <object_component_ref idref="oc-d5"/>
      </symbol>
      <symbol id="sm-db">
         <name>enablePinPullup</name>
         <value>0x1aa7</value>
         <object_component_ref idref="oc-d5"/>
      </symbol>
      <symbol id="sm-dc">
         <name>togglePinValue</name>
         <value>0x1e53</value>
         <object_component_ref idref="oc-d5"/>
      </symbol>
      <symbol id="sm-dd">
         <name>getPinValue</name>
         <value>0x1e77</value>
         <object_component_ref idref="oc-d5"/>
      </symbol>
      <symbol id="sm-de">
         <name>enablePinPulldown</name>
         <value>0x1af9</value>
         <object_component_ref idref="oc-d5"/>
      </symbol>
      <symbol id="sm-df">
         <name>disablePinPullup</name>
         <value>0x1ad5</value>
         <object_component_ref idref="oc-d5"/>
      </symbol>
      <symbol id="sm-e0">
         <name>selectPinDigitalInput</name>
         <value>0x198d</value>
         <object_component_ref idref="oc-d5"/>
      </symbol>
      <symbol id="sm-e1">
         <name>selectPinInterruptRisingEdge</name>
         <value>0x1c57</value>
         <object_component_ref idref="oc-d5"/>
      </symbol>
      <symbol id="sm-e2">
         <name>setPinValue</name>
         <value>0x1e2d</value>
         <object_component_ref idref="oc-d5"/>
      </symbol>
      <symbol id="sm-14d">
         <name>scan</name>
         <value>0x2e31</value>
         <object_component_ref idref="oc-9b"/>
      </symbol>
      <symbol id="sm-14e">
         <name>lidar_data</name>
         <value>0x20001000</value>
         <object_component_ref idref="oc-103"/>
      </symbol>
      <symbol id="sm-14f">
         <name>initHw</name>
         <value>0x2cd5</value>
         <object_component_ref idref="oc-9b"/>
      </symbol>
      <symbol id="sm-150">
         <name>endScan</name>
         <value>0x20001821</value>
         <object_component_ref idref="oc-e0"/>
      </symbol>
      <symbol id="sm-151">
         <name>valid</name>
         <value>0x20001822</value>
         <object_component_ref idref="oc-e0"/>
      </symbol>
      <symbol id="sm-152">
         <name>start</name>
         <value>0x20001820</value>
         <object_component_ref idref="oc-e0"/>
      </symbol>
      <symbol id="sm-153">
         <name>main</name>
         <value>0x2f25</value>
         <object_component_ref idref="oc-9b"/>
      </symbol>
      <symbol id="sm-154">
         <name>stop_info</name>
         <value>0x2d55</value>
         <object_component_ref idref="oc-9b"/>
      </symbol>
      <symbol id="sm-155">
         <name>count</name>
         <value>0x20001823</value>
         <object_component_ref idref="oc-e0"/>
      </symbol>
      <symbol id="sm-171">
         <name>ResetISR</name>
         <value>0x4bbf</value>
         <object_component_ref idref="oc-27"/>
      </symbol>
      <symbol id="sm-172">
         <name>g_pfnVectors</name>
         <value>0x0</value>
         <object_component_ref idref="oc-12"/>
      </symbol>
      <symbol id="sm-217">
         <name>putsPidKilled</name>
         <value>0x91d</value>
         <object_component_ref idref="oc-c9"/>
      </symbol>
      <symbol id="sm-218">
         <name>getcUart0</name>
         <value>0x343</value>
         <object_component_ref idref="oc-c9"/>
      </symbol>
      <symbol id="sm-219">
         <name>strgcopy</name>
         <value>0x897</value>
         <object_component_ref idref="oc-c9"/>
      </symbol>
      <symbol id="sm-21a">
         <name>isCommand</name>
         <value>0x72f</value>
         <object_component_ref idref="oc-c9"/>
      </symbol>
      <symbol id="sm-21b">
         <name>printSem</name>
         <value>0xb3f</value>
         <object_component_ref idref="oc-c9"/>
      </symbol>
      <symbol id="sm-21c">
         <name>getFieldString</name>
         <value>0x5d1</value>
         <object_component_ref idref="oc-c9"/>
      </symbol>
      <symbol id="sm-21d">
         <name>printMtx</name>
         <value>0xbf7</value>
         <object_component_ref idref="oc-c9"/>
      </symbol>
      <symbol id="sm-21e">
         <name>parseFields</name>
         <value>0x439</value>
         <object_component_ref idref="oc-c9"/>
      </symbol>
      <symbol id="sm-21f">
         <name>kbhitUart0</name>
         <value>0x357</value>
         <object_component_ref idref="oc-c9"/>
      </symbol>
      <symbol id="sm-220">
         <name>getFieldInteger</name>
         <value>0x601</value>
         <object_component_ref idref="oc-c9"/>
      </symbol>
      <symbol id="sm-221">
         <name>setUart0BaudRate</name>
         <value>0x2b7</value>
         <object_component_ref idref="oc-c9"/>
      </symbol>
      <symbol id="sm-222">
         <name>putsUart0</name>
         <value>0x317</value>
         <object_component_ref idref="oc-c9"/>
      </symbol>
      <symbol id="sm-223">
         <name>initUart0</name>
         <value>0x26d</value>
         <object_component_ref idref="oc-c9"/>
      </symbol>
      <symbol id="sm-224">
         <name>putcUart0</name>
         <value>0x2fb</value>
         <object_component_ref idref="oc-c9"/>
      </symbol>
      <symbol id="sm-225">
         <name>display</name>
         <value>0x8db</value>
         <object_component_ref idref="oc-c9"/>
      </symbol>
      <symbol id="sm-226">
         <name>strgcmp</name>
         <value>0x371</value>
         <object_component_ref idref="oc-c9"/>
      </symbol>
      <symbol id="sm-227">
         <name>printPS</name>
         <value>0x947</value>
         <object_component_ref idref="oc-c9"/>
      </symbol>
      <symbol id="sm-228">
         <name>itos</name>
         <value>0x7c1</value>
         <object_component_ref idref="oc-c9"/>
      </symbol>
      <symbol id="sm-229">
         <name>printMem</name>
         <value>0xacb</value>
         <object_component_ref idref="oc-c9"/>
      </symbol>
      <symbol id="sm-22a">
         <name>getsUart0</name>
         <value>0x3a9</value>
         <object_component_ref idref="oc-c9"/>
      </symbol>
      <symbol id="sm-250">
         <name>getcUart1</name>
         <value>0x3b9b</value>
         <object_component_ref idref="oc-cf"/>
      </symbol>
      <symbol id="sm-251">
         <name>getBytesUart1</name>
         <value>0x3bc9</value>
         <object_component_ref idref="oc-cf"/>
      </symbol>
      <symbol id="sm-252">
         <name>kbhitUart1</name>
         <value>0x3baf</value>
         <object_component_ref idref="oc-cf"/>
      </symbol>
      <symbol id="sm-253">
         <name>putsUart1</name>
         <value>0x3b6f</value>
         <object_component_ref idref="oc-cf"/>
      </symbol>
      <symbol id="sm-254">
         <name>initUart1</name>
         <value>0x3ac5</value>
         <object_component_ref idref="oc-cf"/>
      </symbol>
      <symbol id="sm-255">
         <name>putcUart1</name>
         <value>0x3b53</value>
         <object_component_ref idref="oc-cf"/>
      </symbol>
      <symbol id="sm-256">
         <name>setUart1BaudRate</name>
         <value>0x3b0f</value>
         <object_component_ref idref="oc-cf"/>
      </symbol>
      <symbol id="sm-265">
         <name>waitMicrosecond</name>
         <value>0x4b17</value>
         <object_component_ref idref="oc-db"/>
      </symbol>
      <symbol id="sm-2bf">
         <name>sin</name>
         <value>0x26f5</value>
         <object_component_ref idref="oc-ed"/>
      </symbol>
      <symbol id="sm-2c0">
         <name>sinl</name>
         <value>0x26f5</value>
         <object_component_ref idref="oc-ed"/>
      </symbol>
      <symbol id="sm-2ef">
         <name>snprintf</name>
         <value>0x4919</value>
         <object_component_ref idref="oc-fd"/>
      </symbol>
      <symbol id="sm-306">
         <name>__aeabi_dsub</name>
         <value>0x3629</value>
         <object_component_ref idref="oc-f3"/>
      </symbol>
      <symbol id="sm-307">
         <name>__aeabi_dadd</name>
         <value>0x3633</value>
         <object_component_ref idref="oc-f3"/>
      </symbol>
      <symbol id="sm-329">
         <name>__aeabi_cdcmpeq</name>
         <value>0x44a1</value>
         <object_component_ref idref="oc-16e"/>
      </symbol>
      <symbol id="sm-32a">
         <name>__aeabi_cdcmple</name>
         <value>0x44a1</value>
         <object_component_ref idref="oc-16e"/>
      </symbol>
      <symbol id="sm-32b">
         <name>__aeabi_cdrcmple</name>
         <value>0x4527</value>
         <object_component_ref idref="oc-1f5"/>
      </symbol>
      <symbol id="sm-336">
         <name>__aeabi_dmul</name>
         <value>0x40c9</value>
         <object_component_ref idref="oc-e8"/>
      </symbol>
      <symbol id="sm-340">
         <name>__aeabi_d2iz</name>
         <value>0x4965</value>
         <object_component_ref idref="oc-15e"/>
      </symbol>
      <symbol id="sm-34c">
         <name>__aeabi_d2f</name>
         <value>0x4695</value>
         <object_component_ref idref="oc-f8"/>
      </symbol>
      <symbol id="sm-357">
         <name>__aeabi_f2d</name>
         <value>0x4a2f</value>
         <object_component_ref idref="oc-e3"/>
      </symbol>
      <symbol id="sm-361">
         <name>__aeabi_i2d</name>
         <value>0x4acd</value>
         <object_component_ref idref="oc-169"/>
      </symbol>
      <symbol id="sm-37c">
         <name>memcpy</name>
         <value>0x436f</value>
         <object_component_ref idref="oc-3b"/>
      </symbol>
      <symbol id="sm-37d">
         <name>__aeabi_memcpy</name>
         <value>0x436f</value>
         <object_component_ref idref="oc-3b"/>
      </symbol>
      <symbol id="sm-37e">
         <name>__aeabi_memcpy8</name>
         <value>0x436f</value>
         <object_component_ref idref="oc-3b"/>
      </symbol>
      <symbol id="sm-37f">
         <name>__aeabi_memcpy4</name>
         <value>0x436f</value>
         <object_component_ref idref="oc-3b"/>
      </symbol>
      <symbol id="sm-38e">
         <name>__aeabi_memset</name>
         <value>0x45af</value>
         <object_component_ref idref="oc-8f"/>
      </symbol>
      <symbol id="sm-38f">
         <name>memset</name>
         <value>0x45b5</value>
         <object_component_ref idref="oc-8f"/>
      </symbol>
      <symbol id="sm-390">
         <name>__aeabi_memset8</name>
         <value>0x45af</value>
         <object_component_ref idref="oc-8f"/>
      </symbol>
      <symbol id="sm-391">
         <name>__aeabi_memset4</name>
         <value>0x45af</value>
         <object_component_ref idref="oc-8f"/>
      </symbol>
      <symbol id="sm-392">
         <name>__aeabi_memclr8</name>
         <value>0x45ad</value>
         <object_component_ref idref="oc-8f"/>
      </symbol>
      <symbol id="sm-393">
         <name>__aeabi_memclr4</name>
         <value>0x45ad</value>
         <object_component_ref idref="oc-8f"/>
      </symbol>
      <symbol id="sm-394">
         <name>__aeabi_memclr</name>
         <value>0x45ad</value>
         <object_component_ref idref="oc-8f"/>
      </symbol>
      <symbol id="sm-3b1">
         <name>__TI_decompress_none</name>
         <value>0x4bb1</value>
         <object_component_ref idref="oc-1b"/>
      </symbol>
      <symbol id="sm-3d4">
         <name>__TI_decompress_lzss</name>
         <value>0x4703</value>
         <object_component_ref idref="oc-15"/>
      </symbol>
      <symbol id="sm-444">
         <name>__kernel_rem_pio2</name>
         <value>0x1fbd</value>
         <object_component_ref idref="oc-173"/>
      </symbol>
      <symbol id="sm-457">
         <name>__stack</name>
         <value>0x20000000</value>
         <object_component_ref idref="oc-24"/>
      </symbol>
      <symbol id="sm-458">
         <name>_c_int00_noargs</name>
         <value>0x4a69</value>
         <object_component_ref idref="oc-59"/>
      </symbol>
      <symbol id="sm-46e">
         <name>__kernel_cos</name>
         <value>0x3955</value>
         <object_component_ref idref="oc-179"/>
      </symbol>
      <symbol id="sm-485">
         <name>__kernel_sin</name>
         <value>0x37e1</value>
         <object_component_ref idref="oc-163"/>
      </symbol>
      <symbol id="sm-4a2">
         <name>floorl</name>
         <value>0x41c5</value>
         <object_component_ref idref="oc-1ef"/>
      </symbol>
      <symbol id="sm-4a3">
         <name>floor</name>
         <value>0x41c5</value>
         <object_component_ref idref="oc-1ef"/>
      </symbol>
      <symbol id="sm-4c0">
         <name>scalbn</name>
         <value>0x3fb9</value>
         <object_component_ref idref="oc-1e9"/>
      </symbol>
      <symbol id="sm-4c1">
         <name>scalbnl</name>
         <value>0x3fb9</value>
         <object_component_ref idref="oc-1e9"/>
      </symbol>
      <symbol id="sm-4c2">
         <name>ldexpl</name>
         <value>0x3fb9</value>
         <object_component_ref idref="oc-1e9"/>
      </symbol>
      <symbol id="sm-4c3">
         <name>ldexp</name>
         <value>0x3fb9</value>
         <object_component_ref idref="oc-1e9"/>
      </symbol>
      <symbol id="sm-628">
         <name>__TI_printfi</name>
         <value>0xd65</value>
         <object_component_ref idref="oc-188"/>
      </symbol>
      <symbol id="sm-63c">
         <name>__aeabi_ddiv</name>
         <value>0x3d5d</value>
         <object_component_ref idref="oc-2a0"/>
      </symbol>
      <symbol id="sm-649">
         <name>__aeabi_uldivmod</name>
         <value>0x440b</value>
         <object_component_ref idref="oc-29a"/>
      </symbol>
      <symbol id="sm-671">
         <name>__TI_auto_init_nobinit_nopinit</name>
         <value>0x49ad</value>
         <object_component_ref idref="oc-119"/>
      </symbol>
      <symbol id="sm-67b">
         <name>_system_pre_init</name>
         <value>0x4bd5</value>
         <object_component_ref idref="oc-95"/>
      </symbol>
      <symbol id="sm-687">
         <name>C$$EXIT</name>
         <value>0x4bd9</value>
         <object_component_ref idref="oc-10d"/>
      </symbol>
      <symbol id="sm-688">
         <name>abort</name>
         <value>0x4bd9</value>
         <object_component_ref idref="oc-10d"/>
      </symbol>
      <symbol id="sm-698">
         <name>__TI_ltoa</name>
         <value>0x4827</value>
         <object_component_ref idref="oc-2a5"/>
      </symbol>
      <symbol id="sm-6af">
         <name>atoi</name>
         <value>0x48cd</value>
         <object_component_ref idref="oc-214"/>
      </symbol>
      <symbol id="sm-6ba">
         <name>_ctypes_</name>
         <value>0x4d38</value>
         <object_component_ref idref="oc-295"/>
      </symbol>
      <symbol id="sm-6ca">
         <name>memccpy</name>
         <value>0x4afb</value>
         <object_component_ref idref="oc-238"/>
      </symbol>
      <symbol id="sm-6da">
         <name>strchr</name>
         <value>0x4b65</value>
         <object_component_ref idref="oc-2cc"/>
      </symbol>
      <symbol id="sm-6e8">
         <name>strlen</name>
         <value>0x4b7b</value>
         <object_component_ref idref="oc-20e"/>
      </symbol>
      <symbol id="sm-6fe">
         <name>__aeabi_errno_addr</name>
         <value>0x4bcd</value>
         <object_component_ref idref="oc-244"/>
      </symbol>
      <symbol id="sm-6ff">
         <name>errno</name>
         <value>0x20001824</value>
         <object_component_ref idref="oc-2dc"/>
      </symbol>
      <symbol id="sm-718">
         <name>wcslen</name>
         <value>0x4b8f</value>
         <object_component_ref idref="oc-23e"/>
      </symbol>
      <symbol id="sm-722">
         <name>copysign</name>
         <value>0x4b33</value>
         <object_component_ref idref="oc-27d"/>
      </symbol>
      <symbol id="sm-723">
         <name>copysignl</name>
         <value>0x4b33</value>
         <object_component_ref idref="oc-27d"/>
      </symbol>
      <symbol id="sm-739">
         <name>frexpl</name>
         <value>0x476d</value>
         <object_component_ref idref="oc-2c6"/>
      </symbol>
      <symbol id="sm-73a">
         <name>frexp</name>
         <value>0x476d</value>
         <object_component_ref idref="oc-2c6"/>
      </symbol>
      <symbol id="sm-744">
         <name>__aeabi_idiv0</name>
         <value>0x17b3</value>
         <object_component_ref idref="oc-308"/>
      </symbol>
      <symbol id="sm-745">
         <name>__aeabi_ldiv0</name>
         <value>0x17b3</value>
         <object_component_ref idref="oc-308"/>
      </symbol>
      <symbol id="sm-746">
         <name>__TI_static_base__</name>
         <value>0x0</value>
      </symbol>
      <symbol id="sm-749">
         <name>__mpu_init</name>
         <value>0x0</value>
      </symbol>
      <symbol id="sm-74a">
         <name>_system_post_cinit</name>
         <value>0x0</value>
      </symbol>
   </symbol_table>
   <title>Link successful</title>
</link_info>
